#
# There is insufficient memory for the Java Runtime Environment to continue.
# Native memory allocation (malloc) failed to allocate 1664496 bytes. Error detail: Chunk::new
# Possible reasons:
#   The system is out of physical RAM or swap space
#   This process is running with CompressedOops enabled, and the Java Heap may be blocking the growth of the native heap
# Possible solutions:
#   Reduce memory load on the system
#   Increase physical memory or swap space
#   Check if swap backing store is full
#   Decrease Java heap size (-Xmx/-Xms)
#   Decrease number of Java threads
#   Decrease Java thread stack sizes (-Xss)
#   Set larger code cache with -XX:ReservedCodeCacheSize=
#   JVM is running with Unscaled Compressed Oops mode in which the Java heap is
#     placed in the first 4GB address space. The Java Heap base address is the
#     maximum limit for the native heap growth. Please use -XX:HeapBaseMinAddress
#     to set the Java Heap base and to place the Java Heap above 4GB virtual address.
# This output file may be truncated or incomplete.
#
#  Out of Memory Error (arena.cpp:168), pid=1948, tid=1800
#
# JRE version: OpenJDK Runtime Environment Temurin-21.0.10+7 (21.0.10+7) (build 21.0.10+7-LTS)
# Java VM: OpenJDK 64-Bit Server VM Temurin-21.0.10+7 (21.0.10+7-LTS, mixed mode, sharing, tiered, compressed oops, compressed class ptrs, parallel gc, windows-amd64)
# No core dump will be written. Minidumps are not enabled by default on client versions of Windows
#

---------------  S U M M A R Y ------------

Command Line: --add-modules=ALL-SYSTEM --add-opens=java.base/java.util=ALL-UNNAMED --add-opens=java.base/java.lang=ALL-UNNAMED --add-opens=java.base/sun.nio.fs=ALL-UNNAMED -Declipse.application=org.eclipse.jdt.ls.core.id1 -Dosgi.bundles.defaultStartLevel=4 -Declipse.product=org.eclipse.jdt.ls.core.product -Djava.import.generatesMetadataFilesAtProjectRoot=false -DDetectVMInstallationsJob.disabled=true -Dfile.encoding=utf8 -XX:+UseParallelGC -XX:GCTimeRatio=4 -XX:AdaptiveSizePolicyWeight=90 -Dsun.zip.disableMemoryMapping=true -Xmx2G -Xms100m -Xlog:disable -javaagent:c:\Users\siddu\.cursor\extensions\redhat.java-1.54.0-win32-x64\lombok\lombok-1.18.39-4050.jar -XX:+HeapDumpOnOutOfMemoryError -XX:HeapDumpPath=c:\Users\siddu\AppData\Roaming\Cursor\User\workspaceStorage\848d4c9def023cabf97f63f7242684c7\redhat.java -Daether.dependencyCollector.impl=bf c:\Users\siddu\.cursor\extensions\redhat.java-1.54.0-win32-x64\server\plugins\org.eclipse.equinox.launcher_1.7.100.v20251111-0406.jar -configuration c:\Users\siddu\AppData\Roaming\Cursor\User\globalStorage\redhat.java\1.54.0\config_win -data c:\Users\siddu\AppData\Roaming\Cursor\User\workspaceStorage\848d4c9def023cabf97f63f7242684c7\redhat.java\jdt_ws --pipe=\\.\pipe\lsp-7b201928af9e386709c23543ac9d124e-sock

Host: Intel(R) Core(TM) i5-8350U CPU @ 1.70GHz, 8 cores, 7G,  Windows 11 , 64 bit Build 26100 (10.0.26100.8328)
Time: Fri Jun  5 14:13:50 2026 India Standard Time elapsed time: 7.782441 seconds (0d 0h 0m 7s)

---------------  T H R E A D  ---------------

Current thread (0x0000018fa07463b0):  JavaThread "C2 CompilerThread0" daemon [_thread_in_native, id=1800, stack(0x0000003fcab00000,0x0000003fcac00000) (1024K)]


Current CompileTask:
C2:7782 4798   !   4       org.eclipse.osgi.internal.loader.classpath.ClasspathManager::findClassImpl (328 bytes)

Stack: [0x0000003fcab00000,0x0000003fcac00000]
Native frames: (J=compiled Java code, j=interpreted, Vv=VM code, C=native code)
V  [jvm.dll+0x6d7a39]
V  [jvm.dll+0x8b4b26]
V  [jvm.dll+0x8b70de]
V  [jvm.dll+0x8b77c3]
V  [jvm.dll+0x284346]
V  [jvm.dll+0xc66ed]
V  [jvm.dll+0xc6c31]
V  [jvm.dll+0x3bec01]
V  [jvm.dll+0x38b162]
V  [jvm.dll+0x38a5aa]
V  [jvm.dll+0x24c560]
V  [jvm.dll+0x24bb40]
V  [jvm.dll+0x1cb34e]
V  [jvm.dll+0x25b85d]
V  [jvm.dll+0x259dea]
V  [jvm.dll+0x3f857e]
V  [jvm.dll+0x85f59d]
V  [jvm.dll+0x6d626d]
C  [ucrtbase.dll+0x37b0]
C  [KERNEL32.DLL+0x2e957]
C  [ntdll.dll+0x427c]


---------------  P R O C E S S  ---------------

Threads class SMR info:
_java_thread_list=0x0000018f8101d300, length=47, elements={
0x0000018f9e4f9710, 0x0000018fa0738450, 0x0000018fa0739060, 0x0000018fa073b370,
0x0000018fa073c050, 0x0000018fa073f5e0, 0x0000018fa0740a30, 0x0000018fa07463b0,
0x0000018fa076c190, 0x0000018ff9cfb920, 0x0000018ff9e22910, 0x0000018ffe6bd490,
0x0000018ffe9f2370, 0x0000018ffe9f0fc0, 0x0000018ffe9f2a00, 0x0000018ffe9f3090,
0x0000018ffe9f3720, 0x0000018fff0d67d0, 0x0000018fff0d6e80, 0x0000018ffe9f0930,
0x0000018ffe9f1650, 0x0000018ffe9f1ce0, 0x0000018fff1fb470, 0x0000018fff1fade0,
0x0000018fff1fc190, 0x0000018fff1fc820, 0x0000018fff1fbb00, 0x0000018fff1f9a30,
0x0000018fff1fd540, 0x0000018fff1fceb0, 0x0000018fff1fa0c0, 0x0000018fff1ff610,
0x0000018fff1fe260, 0x0000018fff201050, 0x0000018fff1fdbd0, 0x0000018fff2009c0,
0x0000018fff1fe8f0, 0x0000018fff1fef80, 0x0000018fff1ffca0, 0x0000018fff200330,
0x0000018f80af2e10, 0x0000018f80af3b30, 0x0000018f80af34a0, 0x0000018f80af2780,
0x0000018f80af41c0, 0x0000018f80af5570, 0x0000018f80af20f0
}

Java Threads: ( => current thread )
  0x0000018f9e4f9710 JavaThread "main"                              [_thread_blocked, id=5768, stack(0x0000003fca100000,0x0000003fca200000) (1024K)]
  0x0000018fa0738450 JavaThread "Reference Handler"          daemon [_thread_blocked, id=10888, stack(0x0000003fca500000,0x0000003fca600000) (1024K)]
  0x0000018fa0739060 JavaThread "Finalizer"                  daemon [_thread_blocked, id=5812, stack(0x0000003fca600000,0x0000003fca700000) (1024K)]
  0x0000018fa073b370 JavaThread "Signal Dispatcher"          daemon [_thread_blocked, id=11288, stack(0x0000003fca700000,0x0000003fca800000) (1024K)]
  0x0000018fa073c050 JavaThread "Attach Listener"            daemon [_thread_blocked, id=11000, stack(0x0000003fca800000,0x0000003fca900000) (1024K)]
  0x0000018fa073f5e0 JavaThread "Service Thread"             daemon [_thread_blocked, id=996, stack(0x0000003fca900000,0x0000003fcaa00000) (1024K)]
  0x0000018fa0740a30 JavaThread "Monitor Deflation Thread"   daemon [_thread_blocked, id=2160, stack(0x0000003fcaa00000,0x0000003fcab00000) (1024K)]
=>0x0000018fa07463b0 JavaThread "C2 CompilerThread0"         daemon [_thread_in_native, id=1800, stack(0x0000003fcab00000,0x0000003fcac00000) (1024K)]
  0x0000018fa076c190 JavaThread "C1 CompilerThread0"         daemon [_thread_blocked, id=3600, stack(0x0000003fcac00000,0x0000003fcad00000) (1024K)]
  0x0000018ff9cfb920 JavaThread "Common-Cleaner"             daemon [_thread_blocked, id=12500, stack(0x0000003fcad00000,0x0000003fcae00000) (1024K)]
  0x0000018ff9e22910 JavaThread "Notification Thread"        daemon [_thread_blocked, id=6476, stack(0x0000003fcaf00000,0x0000003fcb000000) (1024K)]
  0x0000018ffe6bd490 JavaThread "Active Thread: Equinox Container: 73e90a8c-4091-43a2-9d81-92fb543e4bfe"        [_thread_blocked, id=1756, stack(0x0000003fcb700000,0x0000003fcb800000) (1024K)]
  0x0000018ffe9f2370 JavaThread "Refresh Thread: Equinox Container: 73e90a8c-4091-43a2-9d81-92fb543e4bfe" daemon [_thread_blocked, id=7808, stack(0x0000003fcb900000,0x0000003fcba00000) (1024K)]
  0x0000018ffe9f0fc0 JavaThread "Framework Event Dispatcher: Equinox Container: 73e90a8c-4091-43a2-9d81-92fb543e4bfe" daemon [_thread_blocked, id=3120, stack(0x0000003fcba00000,0x0000003fcbb00000) (1024K)]
  0x0000018ffe9f2a00 JavaThread "Start Level: Equinox Container: 73e90a8c-4091-43a2-9d81-92fb543e4bfe" daemon [_thread_blocked, id=8384, stack(0x0000003fcbb00000,0x0000003fcbc00000) (1024K)]
  0x0000018ffe9f3090 JavaThread "Bundle File Closer"         daemon [_thread_blocked, id=3696, stack(0x0000003fcbc00000,0x0000003fcbd00000) (1024K)]
  0x0000018ffe9f3720 JavaThread "SCR Component Actor"        daemon [_thread_blocked, id=15704, stack(0x0000003fcae00000,0x0000003fcaf00000) (1024K)]
  0x0000018fff0d67d0 JavaThread "C2 CompilerThread1"         daemon [_thread_in_native, id=13968, stack(0x0000003fcb000000,0x0000003fcb100000) (1024K)]
  0x0000018fff0d6e80 JavaThread "C2 CompilerThread2"         daemon [_thread_in_native, id=1916, stack(0x0000003fcbd00000,0x0000003fcbe00000) (1024K)]
  0x0000018ffe9f0930 JavaThread "Worker-JM"                         [_thread_blocked, id=9792, stack(0x0000003fcbe00000,0x0000003fcbf00000) (1024K)]
  0x0000018ffe9f1650 JavaThread "JNA Cleaner"                daemon [_thread_blocked, id=14388, stack(0x0000003fcbf00000,0x0000003fcc000000) (1024K)]
  0x0000018ffe9f1ce0 JavaThread "Worker-0"                          [_thread_blocked, id=15272, stack(0x0000003fcc000000,0x0000003fcc100000) (1024K)]
  0x0000018fff1fb470 JavaThread "Worker-1"                          [_thread_blocked, id=2532, stack(0x0000003fcc100000,0x0000003fcc200000) (1024K)]
  0x0000018fff1fade0 JavaThread "Java indexing"              daemon [_thread_blocked, id=14604, stack(0x0000003fcc200000,0x0000003fcc300000) (1024K)]
  0x0000018fff1fc190 JavaThread "Worker-2"                          [_thread_blocked, id=7624, stack(0x0000003fcc600000,0x0000003fcc700000) (1024K)]
  0x0000018fff1fc820 JavaThread "Worker-3: Repository registry initialization"        [_thread_in_native, id=12120, stack(0x0000003fcc700000,0x0000003fcc800000) (1024K)]
  0x0000018fff1fbb00 JavaThread "Thread-1"                   daemon [_thread_in_native, id=7072, stack(0x0000003fcc800000,0x0000003fcc900000) (1024K)]
  0x0000018fff1f9a30 JavaThread "Thread-2"                   daemon [_thread_in_native, id=4824, stack(0x0000003fcc900000,0x0000003fcca00000) (1024K)]
  0x0000018fff1fd540 JavaThread "Thread-3"                   daemon [_thread_in_native, id=1704, stack(0x0000003fcca00000,0x0000003fccb00000) (1024K)]
  0x0000018fff1fceb0 JavaThread "Thread-4"                   daemon [_thread_in_native, id=4100, stack(0x0000003fccb00000,0x0000003fccc00000) (1024K)]
  0x0000018fff1fa0c0 JavaThread "Thread-5"                   daemon [_thread_in_native, id=11368, stack(0x0000003fccc00000,0x0000003fccd00000) (1024K)]
  0x0000018fff1ff610 JavaThread "Thread-6"                   daemon [_thread_in_native, id=15552, stack(0x0000003fccd00000,0x0000003fcce00000) (1024K)]
  0x0000018fff1fe260 JavaThread "Thread-7"                   daemon [_thread_in_native, id=14944, stack(0x0000003fcce00000,0x0000003fccf00000) (1024K)]
  0x0000018fff201050 JavaThread "Thread-8"                   daemon [_thread_in_native, id=9732, stack(0x0000003fccf00000,0x0000003fcd000000) (1024K)]
  0x0000018fff1fdbd0 JavaThread "Thread-9"                   daemon [_thread_in_native, id=14492, stack(0x0000003fcd000000,0x0000003fcd100000) (1024K)]
  0x0000018fff2009c0 JavaThread "pool-2-thread-1"                   [_thread_blocked, id=15984, stack(0x0000003fcd100000,0x0000003fcd200000) (1024K)]
  0x0000018fff1fe8f0 JavaThread "Worker-4"                          [_thread_blocked, id=9628, stack(0x0000003fcd200000,0x0000003fcd300000) (1024K)]
  0x0000018fff1fef80 JavaThread "Worker-5"                          [_thread_blocked, id=14576, stack(0x0000003fcd300000,0x0000003fcd400000) (1024K)]
  0x0000018fff1ffca0 JavaThread "WorkspaceEventsHandler"            [_thread_blocked, id=12196, stack(0x0000003fcd400000,0x0000003fcd500000) (1024K)]
  0x0000018fff200330 JavaThread "pool-1-thread-1"                   [_thread_blocked, id=11624, stack(0x0000003fcd500000,0x0000003fcd600000) (1024K)]
  0x0000018f80af2e10 JavaThread "ForkJoinPool.commonPool-worker-1" daemon [_thread_blocked, id=6284, stack(0x0000003fcd600000,0x0000003fcd700000) (1024K)]
  0x0000018f80af3b30 JavaThread "ForkJoinPool.commonPool-worker-2" daemon [_thread_blocked, id=3456, stack(0x0000003fcd700000,0x0000003fcd800000) (1024K)]
  0x0000018f80af34a0 JavaThread "ForkJoinPool.commonPool-worker-3" daemon [_thread_blocked, id=7948, stack(0x0000003fcd800000,0x0000003fcd900000) (1024K)]
  0x0000018f80af2780 JavaThread "ForkJoinPool.commonPool-worker-4" daemon [_thread_blocked, id=8568, stack(0x0000003fcd900000,0x0000003fcda00000) (1024K)]
  0x0000018f80af41c0 JavaThread "ForkJoinPool.commonPool-worker-5" daemon [_thread_blocked, id=4916, stack(0x0000003fcda00000,0x0000003fcdb00000) (1024K)]
  0x0000018f80af5570 JavaThread "ForkJoinPool.commonPool-worker-6" daemon [_thread_blocked, id=12668, stack(0x0000003fcdb00000,0x0000003fcdc00000) (1024K)]
  0x0000018f80af20f0 JavaThread "ForkJoinPool.commonPool-worker-7" daemon [_thread_blocked, id=4684, stack(0x0000003fcdc00000,0x0000003fcdd00000) (1024K)]
Total: 47

Other Threads:
  0x0000018fa0731dc0 VMThread "VM Thread"                           [id=14540, stack(0x0000003fca400000,0x0000003fca500000) (1024K)]
  0x0000018fa064ca00 WatcherThread "VM Periodic Task Thread"        [id=15860, stack(0x0000003fca300000,0x0000003fca400000) (1024K)]
  0x0000018fa07dcaf0 WorkerThread "GC Thread#0"                     [id=8080, stack(0x0000003fca200000,0x0000003fca300000) (1024K)]
  0x0000018ffe795e40 WorkerThread "GC Thread#1"                     [id=8624, stack(0x0000003fcb100000,0x0000003fcb200000) (1024K)]
  0x0000018ffe794bd0 WorkerThread "GC Thread#2"                     [id=10256, stack(0x0000003fcb200000,0x0000003fcb300000) (1024K)]
  0x0000018ffe794f80 WorkerThread "GC Thread#3"                     [id=3308, stack(0x0000003fcb300000,0x0000003fcb400000) (1024K)]
  0x0000018ffe7956e0 WorkerThread "GC Thread#4"                     [id=12484, stack(0x0000003fcb400000,0x0000003fcb500000) (1024K)]
  0x0000018ffe795a90 WorkerThread "GC Thread#5"                     [id=2868, stack(0x0000003fcb500000,0x0000003fcb600000) (1024K)]
  0x0000018ffe794470 WorkerThread "GC Thread#6"                     [id=7580, stack(0x0000003fcb600000,0x0000003fcb700000) (1024K)]
  0x0000018ffe9f4660 WorkerThread "GC Thread#7"                     [id=13416, stack(0x0000003fcb800000,0x0000003fcb900000) (1024K)]
Total: 10

Threads with active compile tasks:
C2 CompilerThread0  7820 4798   !   4       org.eclipse.osgi.internal.loader.classpath.ClasspathManager::findClassImpl (328 bytes)
C2 CompilerThread1  7820 5322   !   4       org.eclipse.osgi.internal.loader.BundleLoader::findClass0 (490 bytes)
C2 CompilerThread2  7820 5306       4       java.lang.reflect.Method::<init> (68 bytes)
Total: 3

VM state: not at safepoint (normal execution)

VM Mutex/Monitor currently owned by a thread: None

Heap address: 0x0000000080000000, size: 2048 MB, Compressed Oops mode: 32-bit

CDS archive(s) mapped at: [0x0000018fb8000000-0x0000018fb8ba0000-0x0000018fb8ba0000), size 12189696, SharedBaseAddress: 0x0000018fb8000000, ArchiveRelocationMode: 1.
Compressed class space mapped at: 0x0000018fb9000000-0x0000018ff9000000, reserved size: 1073741824
Narrow klass base: 0x0000018fb8000000, Narrow klass shift: 0, Narrow klass range: 0x100000000

GC Precious Log:
 CardTable entry size: 512
 CPUs: 8 total, 8 available
 Memory: 8071M
 Large Page Support: Disabled
 NUMA Support: Disabled
 Compressed Oops: Enabled (32-bit)
 Alignments: Space 512K, Generation 512K, Heap 2M
 Heap Min Capacity: 100M
 Heap Initial Capacity: 100M
 Heap Max Capacity: 2G
 Pre-touch: Disabled
 Parallel Workers: 8

Heap:
 PSYoungGen      total 23552K, used 2331K [0x00000000d5580000, 0x00000000d7000000, 0x0000000100000000)
  eden space 22016K, 5% used [0x00000000d5580000,0x00000000d56becc8,0x00000000d6b00000)
  from space 1536K, 68% used [0x00000000d6b00000,0x00000000d6c08000,0x00000000d6c80000)
  to   space 1536K, 0% used [0x00000000d6e80000,0x00000000d6e80000,0x00000000d7000000)
 ParOldGen       total 68608K, used 31565K [0x0000000080000000, 0x0000000084300000, 0x00000000d5580000)
  object space 68608K, 46% used [0x0000000080000000,0x0000000081ed35d0,0x0000000084300000)
 Metaspace       used 42382K, committed 43648K, reserved 1114112K
  class space    used 4596K, committed 5184K, reserved 1048576K

Card table byte_map: [0x0000018fa0160000,0x0000018fa0570000] _byte_map_base: 0x0000018f9fd60000

Marking Bits: (ParMarkBitMap*) 0x00007ff908313450
 Begin Bits: [0x0000018fb2c70000, 0x0000018fb4c70000)
 End Bits:   [0x0000018fb4c70000, 0x0000018fb6c70000)

Polling page: 0x0000018f9e630000

Metaspace:

Usage:
  Non-class:     36.90 MB used.
      Class:      4.49 MB used.
       Both:     41.39 MB used.

Virtual space:
  Non-class space:       64.00 MB reserved,      37.56 MB ( 59%) committed,  1 nodes.
      Class space:        1.00 GB reserved,       5.06 MB ( <1%) committed,  1 nodes.
             Both:        1.06 GB reserved,      42.62 MB (  4%) committed. 

Chunk freelists:
   Non-Class:  9.50 MB
       Class:  10.83 MB
        Both:  20.33 MB

MaxMetaspaceSize: unlimited
CompressedClassSpaceSize: 1.00 GB
Initial GC threshold: 21.00 MB
Current GC threshold: 58.38 MB
CDS: on
 - commit_granule_bytes: 65536.
 - commit_granule_words: 8192.
 - virtual_space_node_default_size: 8388608.
 - enlarge_chunks_in_place: 1.
 - use_allocation_guard: 0.


Internal statistics:

num_allocs_failed_limit: 6.
num_arena_births: 942.
num_arena_deaths: 14.
num_vsnodes_births: 2.
num_vsnodes_deaths: 0.
num_space_committed: 682.
num_space_uncommitted: 0.
num_chunks_returned_to_freelist: 20.
num_chunks_taken_from_freelist: 2860.
num_chunk_merges: 12.
num_chunk_splits: 1783.
num_chunks_enlarged: 1009.
num_inconsistent_stats: 0.

CodeHeap 'non-profiled nmethods': size=120000Kb used=2395Kb max_used=2395Kb free=117604Kb
 bounds [0x0000018fab490000, 0x0000018fab700000, 0x0000018fb29c0000]
CodeHeap 'profiled nmethods': size=120000Kb used=9531Kb max_used=9531Kb free=110468Kb
 bounds [0x0000018fa39c0000, 0x0000018fa4310000, 0x0000018faaef0000]
CodeHeap 'non-nmethods': size=5760Kb used=1364Kb max_used=1469Kb free=4395Kb
 bounds [0x0000018faaef0000, 0x0000018fab160000, 0x0000018fab490000]
CodeCache: size=245760Kb, used=13290Kb, max_used=13395Kb, free=232467Kb
 total_blobs=5467, nmethods=4806, adapters=567, full_count=0
Compilation: enabled, stopped_count=0, restarted_count=0

Compilation events (20 events):
Event: 7.751 Thread 0x0000018fa076c190 5346       3       java.util.Comparator::thenComparing (12 bytes)
Event: 7.752 Thread 0x0000018fa076c190 nmethod 5346 0x0000018fa4303210 code [0x0000018fa4303480, 0x0000018fa4303fc0]
Event: 7.752 Thread 0x0000018fa076c190 5347       3       java.lang.Class::getSimpleName (36 bytes)
Event: 7.752 Thread 0x0000018fa076c190 nmethod 5347 0x0000018fa4304390 code [0x0000018fa4304560, 0x0000018fa43047e0]
Event: 7.753 Thread 0x0000018fa076c190 5348       3       com.google.inject.Key::getAnnotationType (10 bytes)
Event: 7.754 Thread 0x0000018fa076c190 nmethod 5348 0x0000018fa4304910 code [0x0000018fa4304ac0, 0x0000018fa4304c98]
Event: 7.755 Thread 0x0000018fa076c190 5349       3       java.util.stream.ReferencePipeline::forEach (11 bytes)
Event: 7.755 Thread 0x0000018fa076c190 nmethod 5349 0x0000018fa4304d90 code [0x0000018fa4304f80, 0x0000018fa4305428]
Event: 7.756 Thread 0x0000018fa076c190 5350       3       java.util.stream.ForEachOps::makeRef (15 bytes)
Event: 7.756 Thread 0x0000018fa076c190 nmethod 5350 0x0000018fa4305610 code [0x0000018fa43057e0, 0x0000018fa4305bd0]
Event: 7.765 Thread 0x0000018fa076c190 5351       3       java.util.Spliterators$ArraySpliterator::<init> (40 bytes)
Event: 7.765 Thread 0x0000018fa076c190 nmethod 5351 0x0000018fa4305d90 code [0x0000018fa4305f40, 0x0000018fa43060e0]
Event: 7.766 Thread 0x0000018fa076c190 5352       1       com.google.inject.internal.LinkedBindingImpl::getLinkedKey (5 bytes)
Event: 7.766 Thread 0x0000018fa076c190 nmethod 5352 0x0000018fab6dd690 code [0x0000018fab6dd820, 0x0000018fab6dd8e8]
Event: 7.766 Thread 0x0000018fa076c190 5353       3       com.google.inject.internal.BindingImpl::acceptVisitor (8 bytes)
Event: 7.766 Thread 0x0000018fa076c190 nmethod 5353 0x0000018fa4306190 code [0x0000018fa4306340, 0x0000018fa4306520]
Event: 7.766 Thread 0x0000018fa076c190 5354       3       org.eclipse.sisu.wire.ElementAnalyzer::visit (6 bytes)
Event: 7.766 Thread 0x0000018fa076c190 nmethod 5354 0x0000018fa4306610 code [0x0000018fa43067c0, 0x0000018fa43068f8]
Event: 7.774 Thread 0x0000018fa076c190 5355       3       org.eclipse.sisu.wire.ElementAnalyzer::isParameters (25 bytes)
Event: 7.774 Thread 0x0000018fa076c190 nmethod 5355 0x0000018fa4306990 code [0x0000018fa4306b60, 0x0000018fa4306e10]

GC Heap History (20 events):
Event: 5.153 GC heap before
{Heap before GC invocations=9 (full 1):
 PSYoungGen      total 29184K, used 24576K [0x00000000d5580000, 0x00000000d7780000, 0x0000000100000000)
  eden space 24576K, 100% used [0x00000000d5580000,0x00000000d6d80000,0x00000000d6d80000)
  from space 4608K, 0% used [0x00000000d6e80000,0x00000000d6e80000,0x00000000d7300000)
  to   space 4608K, 0% used [0x00000000d7300000,0x00000000d7300000,0x00000000d7780000)
 ParOldGen       total 68608K, used 13327K [0x0000000080000000, 0x0000000084300000, 0x00000000d5580000)
  object space 68608K, 19% used [0x0000000080000000,0x0000000080d03d70,0x0000000084300000)
 Metaspace       used 22640K, committed 23616K, reserved 1114112K
  class space    used 2389K, committed 2816K, reserved 1048576K
}
Event: 5.154 GC heap after
{Heap after GC invocations=9 (full 1):
 PSYoungGen      total 25088K, used 1008K [0x00000000d5580000, 0x00000000d7400000, 0x0000000100000000)
  eden space 24064K, 0% used [0x00000000d5580000,0x00000000d5580000,0x00000000d6d00000)
  from space 1024K, 98% used [0x00000000d7300000,0x00000000d73fc360,0x00000000d7400000)
  to   space 2560K, 0% used [0x00000000d6f00000,0x00000000d6f00000,0x00000000d7180000)
 ParOldGen       total 68608K, used 13335K [0x0000000080000000, 0x0000000084300000, 0x00000000d5580000)
  object space 68608K, 19% used [0x0000000080000000,0x0000000080d05d70,0x0000000084300000)
 Metaspace       used 22640K, committed 23616K, reserved 1114112K
  class space    used 2389K, committed 2816K, reserved 1048576K
}
Event: 5.348 GC heap before
{Heap before GC invocations=10 (full 1):
 PSYoungGen      total 25088K, used 25072K [0x00000000d5580000, 0x00000000d7400000, 0x0000000100000000)
  eden space 24064K, 100% used [0x00000000d5580000,0x00000000d6d00000,0x00000000d6d00000)
  from space 1024K, 98% used [0x00000000d7300000,0x00000000d73fc360,0x00000000d7400000)
  to   space 2560K, 0% used [0x00000000d6f00000,0x00000000d6f00000,0x00000000d7180000)
 ParOldGen       total 68608K, used 13335K [0x0000000080000000, 0x0000000084300000, 0x00000000d5580000)
  object space 68608K, 19% used [0x0000000080000000,0x0000000080d05d70,0x0000000084300000)
 Metaspace       used 26270K, committed 27200K, reserved 1114112K
  class space    used 2654K, committed 3072K, reserved 1048576K
}
Event: 5.351 GC heap after
{Heap after GC invocations=10 (full 1):
 PSYoungGen      total 26112K, used 1477K [0x00000000d5580000, 0x00000000d7380000, 0x0000000100000000)
  eden space 23552K, 0% used [0x00000000d5580000,0x00000000d5580000,0x00000000d6c80000)
  from space 2560K, 57% used [0x00000000d6f00000,0x00000000d70714e0,0x00000000d7180000)
  to   space 2048K, 0% used [0x00000000d7180000,0x00000000d7180000,0x00000000d7380000)
 ParOldGen       total 68608K, used 13343K [0x0000000080000000, 0x0000000084300000, 0x00000000d5580000)
  object space 68608K, 19% used [0x0000000080000000,0x0000000080d07d70,0x0000000084300000)
 Metaspace       used 26270K, committed 27200K, reserved 1114112K
  class space    used 2654K, committed 3072K, reserved 1048576K
}
Event: 5.615 GC heap before
{Heap before GC invocations=11 (full 1):
 PSYoungGen      total 26112K, used 25029K [0x00000000d5580000, 0x00000000d7380000, 0x0000000100000000)
  eden space 23552K, 100% used [0x00000000d5580000,0x00000000d6c80000,0x00000000d6c80000)
  from space 2560K, 57% used [0x00000000d6f00000,0x00000000d70714e0,0x00000000d7180000)
  to   space 2048K, 0% used [0x00000000d7180000,0x00000000d7180000,0x00000000d7380000)
 ParOldGen       total 68608K, used 13343K [0x0000000080000000, 0x0000000084300000, 0x00000000d5580000)
  object space 68608K, 19% used [0x0000000080000000,0x0000000080d07d70,0x0000000084300000)
 Metaspace       used 27972K, committed 28992K, reserved 1114112K
  class space    used 2782K, committed 3200K, reserved 1048576K
}
Event: 5.618 GC heap after
{Heap after GC invocations=11 (full 1):
 PSYoungGen      total 25088K, used 2001K [0x00000000d5580000, 0x00000000d7380000, 0x0000000100000000)
  eden space 23040K, 0% used [0x00000000d5580000,0x00000000d5580000,0x00000000d6c00000)
  from space 2048K, 97% used [0x00000000d7180000,0x00000000d73746f8,0x00000000d7380000)
  to   space 2560K, 0% used [0x00000000d6e80000,0x00000000d6e80000,0x00000000d7100000)
 ParOldGen       total 68608K, used 14966K [0x0000000080000000, 0x0000000084300000, 0x00000000d5580000)
  object space 68608K, 21% used [0x0000000080000000,0x0000000080e9d930,0x0000000084300000)
 Metaspace       used 27972K, committed 28992K, reserved 1114112K
  class space    used 2782K, committed 3200K, reserved 1048576K
}
Event: 6.028 GC heap before
{Heap before GC invocations=12 (full 1):
 PSYoungGen      total 25088K, used 25041K [0x00000000d5580000, 0x00000000d7380000, 0x0000000100000000)
  eden space 23040K, 99% used [0x00000000d5580000,0x00000000d6bfffc8,0x00000000d6c00000)
  from space 2048K, 97% used [0x00000000d7180000,0x00000000d73746f8,0x00000000d7380000)
  to   space 2560K, 0% used [0x00000000d6e80000,0x00000000d6e80000,0x00000000d7100000)
 ParOldGen       total 68608K, used 14966K [0x0000000080000000, 0x0000000084300000, 0x00000000d5580000)
  object space 68608K, 21% used [0x0000000080000000,0x0000000080e9d930,0x0000000084300000)
 Metaspace       used 31103K, committed 32192K, reserved 1114112K
  class space    used 3128K, committed 3584K, reserved 1048576K
}
Event: 6.031 GC heap after
{Heap after GC invocations=12 (full 1):
 PSYoungGen      total 25088K, used 2364K [0x00000000d5580000, 0x00000000d7200000, 0x0000000100000000)
  eden space 22528K, 0% used [0x00000000d5580000,0x00000000d5580000,0x00000000d6b80000)
  from space 2560K, 92% used [0x00000000d6e80000,0x00000000d70cf2b8,0x00000000d7100000)
  to   space 1024K, 0% used [0x00000000d7100000,0x00000000d7100000,0x00000000d7200000)
 ParOldGen       total 68608K, used 16764K [0x0000000080000000, 0x0000000084300000, 0x00000000d5580000)
  object space 68608K, 24% used [0x0000000080000000,0x000000008105f0a0,0x0000000084300000)
 Metaspace       used 31103K, committed 32192K, reserved 1114112K
  class space    used 3128K, committed 3584K, reserved 1048576K
}
Event: 6.273 GC heap before
{Heap before GC invocations=13 (full 1):
 PSYoungGen      total 25088K, used 24880K [0x00000000d5580000, 0x00000000d7200000, 0x0000000100000000)
  eden space 22528K, 99% used [0x00000000d5580000,0x00000000d6b7cdd8,0x00000000d6b80000)
  from space 2560K, 92% used [0x00000000d6e80000,0x00000000d70cf2b8,0x00000000d7100000)
  to   space 1024K, 0% used [0x00000000d7100000,0x00000000d7100000,0x00000000d7200000)
 ParOldGen       total 68608K, used 16764K [0x0000000080000000, 0x0000000084300000, 0x00000000d5580000)
  object space 68608K, 24% used [0x0000000080000000,0x000000008105f0a0,0x0000000084300000)
 Metaspace       used 33827K, committed 35008K, reserved 1114112K
  class space    used 3478K, committed 4032K, reserved 1048576K
}
Event: 6.278 GC heap after
{Heap after GC invocations=13 (full 1):
 PSYoungGen      total 23040K, used 1024K [0x00000000d5580000, 0x00000000d7400000, 0x0000000100000000)
  eden space 22016K, 0% used [0x00000000d5580000,0x00000000d5580000,0x00000000d6b00000)
  from space 1024K, 100% used [0x00000000d7100000,0x00000000d7200000,0x00000000d7200000)
  to   space 4608K, 0% used [0x00000000d6b00000,0x00000000d6b00000,0x00000000d6f80000)
 ParOldGen       total 68608K, used 19720K [0x0000000080000000, 0x0000000084300000, 0x00000000d5580000)
  object space 68608K, 28% used [0x0000000080000000,0x0000000081342048,0x0000000084300000)
 Metaspace       used 33827K, committed 35008K, reserved 1114112K
  class space    used 3478K, committed 4032K, reserved 1048576K
}
Event: 6.428 GC heap before
{Heap before GC invocations=14 (full 1):
 PSYoungGen      total 23040K, used 9594K [0x00000000d5580000, 0x00000000d7400000, 0x0000000100000000)
  eden space 22016K, 38% used [0x00000000d5580000,0x00000000d5ddea40,0x00000000d6b00000)
  from space 1024K, 100% used [0x00000000d7100000,0x00000000d7200000,0x00000000d7200000)
  to   space 4608K, 0% used [0x00000000d6b00000,0x00000000d6b00000,0x00000000d6f80000)
 ParOldGen       total 68608K, used 19720K [0x0000000080000000, 0x0000000084300000, 0x00000000d5580000)
  object space 68608K, 28% used [0x0000000080000000,0x0000000081342048,0x0000000084300000)
 Metaspace       used 34713K, committed 35840K, reserved 1114112K
  class space    used 3595K, committed 4096K, reserved 1048576K
}
Event: 6.430 GC heap after
{Heap after GC invocations=14 (full 1):
 PSYoungGen      total 26624K, used 736K [0x00000000d5580000, 0x00000000d7180000, 0x0000000100000000)
  eden space 22016K, 0% used [0x00000000d5580000,0x00000000d5580000,0x00000000d6b00000)
  from space 4608K, 15% used [0x00000000d6b00000,0x00000000d6bb8000,0x00000000d6f80000)
  to   space 2048K, 0% used [0x00000000d6f80000,0x00000000d6f80000,0x00000000d7180000)
 ParOldGen       total 68608K, used 20694K [0x0000000080000000, 0x0000000084300000, 0x00000000d5580000)
  object space 68608K, 30% used [0x0000000080000000,0x0000000081435958,0x0000000084300000)
 Metaspace       used 34713K, committed 35840K, reserved 1114112K
  class space    used 3595K, committed 4096K, reserved 1048576K
}
Event: 6.431 GC heap before
{Heap before GC invocations=15 (full 2):
 PSYoungGen      total 26624K, used 736K [0x00000000d5580000, 0x00000000d7180000, 0x0000000100000000)
  eden space 22016K, 0% used [0x00000000d5580000,0x00000000d5580000,0x00000000d6b00000)
  from space 4608K, 15% used [0x00000000d6b00000,0x00000000d6bb8000,0x00000000d6f80000)
  to   space 2048K, 0% used [0x00000000d6f80000,0x00000000d6f80000,0x00000000d7180000)
 ParOldGen       total 68608K, used 20694K [0x0000000080000000, 0x0000000084300000, 0x00000000d5580000)
  object space 68608K, 30% used [0x0000000080000000,0x0000000081435958,0x0000000084300000)
 Metaspace       used 34713K, committed 35840K, reserved 1114112K
  class space    used 3595K, committed 4096K, reserved 1048576K
}
Event: 6.473 GC heap after
{Heap after GC invocations=15 (full 2):
 PSYoungGen      total 26624K, used 0K [0x00000000d5580000, 0x00000000d7180000, 0x0000000100000000)
  eden space 22016K, 0% used [0x00000000d5580000,0x00000000d5580000,0x00000000d6b00000)
  from space 4608K, 0% used [0x00000000d6b00000,0x00000000d6b00000,0x00000000d6f80000)
  to   space 2048K, 0% used [0x00000000d6f80000,0x00000000d6f80000,0x00000000d7180000)
 ParOldGen       total 68608K, used 20297K [0x0000000080000000, 0x0000000084300000, 0x00000000d5580000)
  object space 68608K, 29% used [0x0000000080000000,0x00000000813d26a0,0x0000000084300000)
 Metaspace       used 34713K, committed 35840K, reserved 1114112K
  class space    used 3595K, committed 4096K, reserved 1048576K
}
Event: 6.754 GC heap before
{Heap before GC invocations=16 (full 2):
 PSYoungGen      total 26624K, used 22016K [0x00000000d5580000, 0x00000000d7180000, 0x0000000100000000)
  eden space 22016K, 100% used [0x00000000d5580000,0x00000000d6b00000,0x00000000d6b00000)
  from space 4608K, 0% used [0x00000000d6b00000,0x00000000d6b00000,0x00000000d6f80000)
  to   space 2048K, 0% used [0x00000000d6f80000,0x00000000d6f80000,0x00000000d7180000)
 ParOldGen       total 68608K, used 20297K [0x0000000080000000, 0x0000000084300000, 0x00000000d5580000)
  object space 68608K, 29% used [0x0000000080000000,0x00000000813d26a0,0x0000000084300000)
 Metaspace       used 37018K, committed 38336K, reserved 1114112K
  class space    used 3889K, committed 4480K, reserved 1048576K
}
Event: 6.759 GC heap after
{Heap after GC invocations=16 (full 2):
 PSYoungGen      total 24064K, used 2048K [0x00000000d5580000, 0x00000000d7300000, 0x0000000100000000)
  eden space 22016K, 0% used [0x00000000d5580000,0x00000000d5580000,0x00000000d6b00000)
  from space 2048K, 100% used [0x00000000d6f80000,0x00000000d7180000,0x00000000d7180000)
  to   space 4096K, 0% used [0x00000000d6b00000,0x00000000d6b00000,0x00000000d6f00000)
 ParOldGen       total 68608K, used 21473K [0x0000000080000000, 0x0000000084300000, 0x00000000d5580000)
  object space 68608K, 31% used [0x0000000080000000,0x00000000814f84e8,0x0000000084300000)
 Metaspace       used 37018K, committed 38336K, reserved 1114112K
  class space    used 3889K, committed 4480K, reserved 1048576K
}
Event: 7.039 GC heap before
{Heap before GC invocations=17 (full 2):
 PSYoungGen      total 24064K, used 24064K [0x00000000d5580000, 0x00000000d7300000, 0x0000000100000000)
  eden space 22016K, 100% used [0x00000000d5580000,0x00000000d6b00000,0x00000000d6b00000)
  from space 2048K, 100% used [0x00000000d6f80000,0x00000000d7180000,0x00000000d7180000)
  to   space 4096K, 0% used [0x00000000d6b00000,0x00000000d6b00000,0x00000000d6f00000)
 ParOldGen       total 68608K, used 21473K [0x0000000080000000, 0x0000000084300000, 0x00000000d5580000)
  object space 68608K, 31% used [0x0000000080000000,0x00000000814f84e8,0x0000000084300000)
 Metaspace       used 38288K, committed 39616K, reserved 1114112K
  class space    used 4067K, committed 4672K, reserved 1048576K
}
Event: 7.046 GC heap after
{Heap after GC invocations=17 (full 2):
 PSYoungGen      total 26112K, used 4080K [0x00000000d5580000, 0x00000000d7300000, 0x0000000100000000)
  eden space 22016K, 0% used [0x00000000d5580000,0x00000000d5580000,0x00000000d6b00000)
  from space 4096K, 99% used [0x00000000d6b00000,0x00000000d6efc010,0x00000000d6f00000)
  to   space 2048K, 0% used [0x00000000d6f80000,0x00000000d6f80000,0x00000000d7180000)
 ParOldGen       total 68608K, used 26976K [0x0000000080000000, 0x0000000084300000, 0x00000000d5580000)
  object space 68608K, 39% used [0x0000000080000000,0x0000000081a582d0,0x0000000084300000)
 Metaspace       used 38288K, committed 39616K, reserved 1114112K
  class space    used 4067K, committed 4672K, reserved 1048576K
}
Event: 7.378 GC heap before
{Heap before GC invocations=18 (full 2):
 PSYoungGen      total 26112K, used 26096K [0x00000000d5580000, 0x00000000d7300000, 0x0000000100000000)
  eden space 22016K, 100% used [0x00000000d5580000,0x00000000d6b00000,0x00000000d6b00000)
  from space 4096K, 99% used [0x00000000d6b00000,0x00000000d6efc010,0x00000000d6f00000)
  to   space 2048K, 0% used [0x00000000d6f80000,0x00000000d6f80000,0x00000000d7180000)
 ParOldGen       total 68608K, used 26976K [0x0000000080000000, 0x0000000084300000, 0x00000000d5580000)
  object space 68608K, 39% used [0x0000000080000000,0x0000000081a582d0,0x0000000084300000)
 Metaspace       used 39772K, committed 41088K, reserved 1114112K
  class space    used 4265K, committed 4864K, reserved 1048576K
}
Event: 7.382 GC heap after
{Heap after GC invocations=18 (full 2):
 PSYoungGen      total 24064K, used 640K [0x00000000d5580000, 0x00000000d7300000, 0x0000000100000000)
  eden space 22016K, 0% used [0x00000000d5580000,0x00000000d5580000,0x00000000d6b00000)
  from space 2048K, 31% used [0x00000000d6f80000,0x00000000d7020000,0x00000000d7180000)
  to   space 4096K, 0% used [0x00000000d6b00000,0x00000000d6b00000,0x00000000d6f00000)
 ParOldGen       total 68608K, used 31101K [0x0000000080000000, 0x0000000084300000, 0x00000000d5580000)
  object space 68608K, 45% used [0x0000000080000000,0x0000000081e5f5d0,0x0000000084300000)
 Metaspace       used 39772K, committed 41088K, reserved 1114112K
  class space    used 4265K, committed 4864K, reserved 1048576K
}

Dll operation events (10 events):
Event: 0.016 Loaded shared library c:\Users\siddu\.cursor\extensions\redhat.java-1.54.0-win32-x64\jre\21.0.10-win32-x86_64\bin\java.dll
Event: 0.092 Loaded shared library c:\Users\siddu\.cursor\extensions\redhat.java-1.54.0-win32-x64\jre\21.0.10-win32-x86_64\bin\zip.dll
Event: 0.121 Loaded shared library C:\Users\siddu\.cursor\extensions\redhat.java-1.54.0-win32-x64\jre\21.0.10-win32-x86_64\bin\instrument.dll
Event: 0.128 Loaded shared library C:\Users\siddu\.cursor\extensions\redhat.java-1.54.0-win32-x64\jre\21.0.10-win32-x86_64\bin\net.dll
Event: 0.130 Loaded shared library C:\Users\siddu\.cursor\extensions\redhat.java-1.54.0-win32-x64\jre\21.0.10-win32-x86_64\bin\nio.dll
Event: 0.134 Loaded shared library C:\Users\siddu\.cursor\extensions\redhat.java-1.54.0-win32-x64\jre\21.0.10-win32-x86_64\bin\zip.dll
Event: 0.149 Loaded shared library C:\Users\siddu\.cursor\extensions\redhat.java-1.54.0-win32-x64\jre\21.0.10-win32-x86_64\bin\jimage.dll
Event: 0.217 Loaded shared library c:\Users\siddu\.cursor\extensions\redhat.java-1.54.0-win32-x64\jre\21.0.10-win32-x86_64\bin\verify.dll
Event: 1.352 Loaded shared library C:\Users\siddu\AppData\Roaming\Cursor\User\globalStorage\redhat.java\1.54.0\config_win\org.eclipse.equinox.launcher\org.eclipse.equinox.launcher.win32.win32.x86_64_1.3.0.v20260203-2149\eclipse_11919.dll
Event: 4.470 Loaded shared library C:\Users\siddu\AppData\Local\Temp\jna-109432287\jna7707263193270476516.dll

Deoptimization events (20 events):
Event: 7.047 Thread 0x0000018fff200330 DEOPT PACKING pc=0x0000018fab4f5fac sp=0x0000003fcd5fc330
Event: 7.047 Thread 0x0000018fff200330 DEOPT UNPACKING pc=0x0000018faaf43aa2 sp=0x0000003fcd5fc2b8 mode 2
Event: 7.170 Thread 0x0000018fff1fc820 DEOPT PACKING pc=0x0000018fa3c74353 sp=0x0000003fcc7fe270
Event: 7.170 Thread 0x0000018fff1fc820 DEOPT UNPACKING pc=0x0000018faaf44242 sp=0x0000003fcc7fd6e0 mode 0
Event: 7.657 Thread 0x0000018fff1fc820 Uncommon trap: trap_request=0xffffffd6 fr.pc=0x0000018fab6d9c6c relative=0x00000000000000cc
Event: 7.657 Thread 0x0000018fff1fc820 Uncommon trap: reason=array_check action=maybe_recompile pc=0x0000018fab6d9c6c method=java.util.stream.Nodes$FixedNodeBuilder.accept(Ljava/lang/Object;)V @ 28 c2
Event: 7.657 Thread 0x0000018fff1fc820 DEOPT PACKING pc=0x0000018fab6d9c6c sp=0x0000003fcc7fe2f0
Event: 7.657 Thread 0x0000018fff1fc820 DEOPT UNPACKING pc=0x0000018faaf43aa2 sp=0x0000003fcc7fe270 mode 2
Event: 7.657 Thread 0x0000018fff1fc820 Uncommon trap: trap_request=0xffffffd6 fr.pc=0x0000018fab6d9c6c relative=0x00000000000000cc
Event: 7.657 Thread 0x0000018fff1fc820 Uncommon trap: reason=array_check action=maybe_recompile pc=0x0000018fab6d9c6c method=java.util.stream.Nodes$FixedNodeBuilder.accept(Ljava/lang/Object;)V @ 28 c2
Event: 7.657 Thread 0x0000018fff1fc820 DEOPT PACKING pc=0x0000018fab6d9c6c sp=0x0000003fcc7fe2d0
Event: 7.657 Thread 0x0000018fff1fc820 DEOPT UNPACKING pc=0x0000018faaf43aa2 sp=0x0000003fcc7fe250 mode 2
Event: 7.657 Thread 0x0000018fff1fc820 Uncommon trap: trap_request=0xffffffd6 fr.pc=0x0000018fab6d9c6c relative=0x00000000000000cc
Event: 7.657 Thread 0x0000018fff1fc820 Uncommon trap: reason=array_check action=maybe_recompile pc=0x0000018fab6d9c6c method=java.util.stream.Nodes$FixedNodeBuilder.accept(Ljava/lang/Object;)V @ 28 c2
Event: 7.658 Thread 0x0000018fff1fc820 DEOPT PACKING pc=0x0000018fab6d9c6c sp=0x0000003fcc7fe2d0
Event: 7.658 Thread 0x0000018fff1fc820 DEOPT UNPACKING pc=0x0000018faaf43aa2 sp=0x0000003fcc7fe250 mode 2
Event: 7.658 Thread 0x0000018fff1fc820 Uncommon trap: trap_request=0xffffffd6 fr.pc=0x0000018fab6d9c6c relative=0x00000000000000cc
Event: 7.658 Thread 0x0000018fff1fc820 Uncommon trap: reason=array_check action=maybe_recompile pc=0x0000018fab6d9c6c method=java.util.stream.Nodes$FixedNodeBuilder.accept(Ljava/lang/Object;)V @ 28 c2
Event: 7.658 Thread 0x0000018fff1fc820 DEOPT PACKING pc=0x0000018fab6d9c6c sp=0x0000003fcc7fe2d0
Event: 7.658 Thread 0x0000018fff1fc820 DEOPT UNPACKING pc=0x0000018faaf43aa2 sp=0x0000003fcc7fe250 mode 2

Classes loaded (20 events):
Event: 7.219 Loading class java/util/concurrent/CompletableFuture$Completion
Event: 7.220 Loading class java/util/concurrent/CompletableFuture$AsynchronousCompletionTask
Event: 7.220 Loading class java/util/concurrent/CompletableFuture$AsynchronousCompletionTask done
Event: 7.220 Loading class java/util/concurrent/CompletableFuture$Completion done
Event: 7.226 Loading class sun/nio/ch/WindowsAsynchronousFileChannelImpl$WriteTask
Event: 7.226 Loading class sun/nio/ch/WindowsAsynchronousFileChannelImpl$WriteTask done
Event: 7.244 Loading class jdk/internal/math/FormattedFPDecimal
Event: 7.244 Loading class jdk/internal/math/FormattedFPDecimal done
Event: 7.391 Loading class sun/reflect/annotation/AnnotatedTypeFactory$AnnotatedParameterizedTypeImpl
Event: 7.391 Loading class java/lang/reflect/AnnotatedParameterizedType
Event: 7.391 Loading class java/lang/reflect/AnnotatedParameterizedType done
Event: 7.391 Loading class sun/reflect/annotation/AnnotatedTypeFactory$AnnotatedParameterizedTypeImpl done
Event: 7.560 Loading class java/util/concurrent/CompletionService
Event: 7.560 Loading class java/util/concurrent/CompletionService done
Event: 7.646 Loading class sun/reflect/generics/scope/ConstructorScope
Event: 7.646 Loading class sun/reflect/generics/scope/ConstructorScope done
Event: 7.646 Loading class sun/reflect/generics/tree/VoidDescriptor
Event: 7.646 Loading class sun/reflect/generics/tree/VoidDescriptor done
Event: 7.703 Loading class java/nio/channels/ServerSocketChannel
Event: 7.704 Loading class java/nio/channels/ServerSocketChannel done

Classes unloaded (7 events):
Event: 4.959 Thread 0x0000018fa0731dc0 Unloading class 0x0000018fb91ad400 'java/lang/invoke/LambdaForm$MH+0x0000018fb91ad400'
Event: 4.959 Thread 0x0000018fa0731dc0 Unloading class 0x0000018fb91ad000 'java/lang/invoke/LambdaForm$MH+0x0000018fb91ad000'
Event: 4.959 Thread 0x0000018fa0731dc0 Unloading class 0x0000018fb91acc00 'java/lang/invoke/LambdaForm$MH+0x0000018fb91acc00'
Event: 4.959 Thread 0x0000018fa0731dc0 Unloading class 0x0000018fb91ac800 'java/lang/invoke/LambdaForm$MH+0x0000018fb91ac800'
Event: 4.959 Thread 0x0000018fa0731dc0 Unloading class 0x0000018fb91ac400 'java/lang/invoke/LambdaForm$BMH+0x0000018fb91ac400'
Event: 4.959 Thread 0x0000018fa0731dc0 Unloading class 0x0000018fb91ac000 'java/lang/invoke/LambdaForm$DMH+0x0000018fb91ac000'
Event: 4.959 Thread 0x0000018fa0731dc0 Unloading class 0x0000018fb91aac00 'java/lang/invoke/LambdaForm$DMH+0x0000018fb91aac00'

Classes redefined (0 events):
No events

Internal exceptions (20 events):
Event: 6.322 Thread 0x0000018ffe9f1ce0 Exception <a 'sun/nio/fs/WindowsException'{0x00000000d5851428}> (0x00000000d5851428) 
thrown [s\src\hotspot\share\prims\jni.cpp, line 520]
Event: 6.344 Thread 0x0000018ffe9f1ce0 Exception <a 'sun/nio/fs/WindowsException'{0x00000000d59ab548}> (0x00000000d59ab548) 
thrown [s\src\hotspot\share\prims\jni.cpp, line 520]
Event: 6.345 Thread 0x0000018ffe9f1ce0 Exception <a 'sun/nio/fs/WindowsException'{0x00000000d59abb78}> (0x00000000d59abb78) 
thrown [s\src\hotspot\share\prims\jni.cpp, line 520]
Event: 6.550 Thread 0x0000018ffe9f1ce0 Exception <a 'sun/nio/fs/WindowsException'{0x00000000d5b7fa98}> (0x00000000d5b7fa98) 
thrown [s\src\hotspot\share\prims\jni.cpp, line 520]
Event: 6.582 Thread 0x0000018ffe9f1ce0 Exception <a 'java/io/FileNotFoundException'{0x00000000d5dfbec0}> (0x00000000d5dfbec0) 
thrown [s\src\hotspot\share\prims\jni.cpp, line 520]
Event: 6.582 Thread 0x0000018ffe9f1ce0 Exception <a 'java/io/FileNotFoundException'{0x00000000d5dfd490}> (0x00000000d5dfd490) 
thrown [s\src\hotspot\share\prims\jni.cpp, line 520]
Event: 6.586 Thread 0x0000018ffe9f1ce0 Exception <a 'java/lang/NoSuchMethodError'{0x00000000d5e38638}: 'java.lang.Object java.lang.invoke.DirectMethodHandle$Holder.newInvokeSpecial(java.lang.Object, java.lang.Object, java.lang.Object, int)'> (0x00000000d5e38638) 
thrown [s\src\hotspot\share\interpreter\linkResolver.cpp, line 773]
Event: 6.587 Thread 0x0000018ffe9f1ce0 Exception <a 'java/lang/NoSuchMethodError'{0x00000000d5e3c2b0}: 'java.lang.Object java.lang.invoke.DirectMethodHandle$Holder.invokeSpecial(java.lang.Object, java.lang.Object, java.lang.Object, java.lang.Object, int)'> (0x00000000d5e3c2b0) 
thrown [s\src\hotspot\share\interpreter\linkResolver.cpp, line 773]
Event: 6.587 Thread 0x0000018ffe9f1ce0 Exception <a 'java/lang/NoSuchMethodError'{0x00000000d5e6bad8}: 'java.lang.Object java.lang.invoke.Invokers$Holder.linkToTargetMethod(java.lang.Object, java.lang.Object, int, java.lang.Object)'> (0x00000000d5e6bad8) 
thrown [s\src\hotspot\share\interpreter\linkResolver.cpp, line 773]
Event: 6.591 Thread 0x0000018ffe9f1ce0 Exception <a 'java/lang/NoSuchMethodError'{0x00000000d5e77a48}: 'void java.lang.invoke.DirectMethodHandle$Holder.invokeStaticInit(java.lang.Object, java.lang.Object, java.lang.Object)'> (0x00000000d5e77a48) 
thrown [s\src\hotspot\share\interpreter\linkResolver.cpp, line 773]
Event: 6.600 Thread 0x0000018f9e4f9710 Exception <a 'java/lang/NoSuchMethodError'{0x00000000d5f00440}: 'void java.lang.invoke.DirectMethodHandle$Holder.invokeSpecial(java.lang.Object, java.lang.Object, java.lang.Object, java.lang.Object, java.lang.Object, java.lang.Object)'> (0x00000000d5f00440) 
thrown [s\src\hotspot\share\interpreter\linkResolver.cpp, line 773]
Event: 6.602 Thread 0x0000018f9e4f9710 Exception <a 'java/lang/IncompatibleClassChangeError'{0x00000000d5f086e0}: Found class java.lang.Object, but interface was expected> (0x00000000d5f086e0) 
thrown [s\src\hotspot\share\interpreter\linkResolver.cpp, line 840]
Event: 6.603 Thread 0x0000018f9e4f9710 Exception <a 'java/lang/IncompatibleClassChangeError'{0x00000000d5f0a800}: Found class java.lang.Object, but interface was expected> (0x00000000d5f0a800) 
thrown [s\src\hotspot\share\interpreter\linkResolver.cpp, line 840]
Event: 6.915 Thread 0x0000018fff1fc820 Exception <a 'java/lang/NoClassDefFoundError'{0x00000000d61dba08}: javax/enterprise/inject/Typed> (0x00000000d61dba08) 
thrown [s\src\hotspot\share\classfile\systemDictionary.cpp, line 301]
Event: 6.989 Thread 0x0000018fff200330 Exception <a 'java/io/FileNotFoundException'{0x00000000d663c548}> (0x00000000d663c548) 
thrown [s\src\hotspot\share\prims\jni.cpp, line 520]
Event: 7.034 Thread 0x0000018fff200330 Exception <a 'java/lang/NoSuchMethodError'{0x00000000d6abbc60}: 'java.lang.Object java.lang.invoke.DirectMethodHandle$Holder.invokeStatic(java.lang.Object, int, java.lang.Object, java.lang.Object)'> (0x00000000d6abbc60) 
thrown [s\src\hotspot\share\interpreter\linkResolver.cpp, line 773]
Event: 7.035 Thread 0x0000018fff200330 Exception <a 'java/lang/NoSuchMethodError'{0x00000000d6abf460}: 'java.lang.Object java.lang.invoke.DelegatingMethodHandle$Holder.delegate(java.lang.Object, int, java.lang.Object, java.lang.Object)'> (0x00000000d6abf460) 
thrown [s\src\hotspot\share\interpreter\linkResolver.cpp, line 773]
Event: 7.037 Thread 0x0000018fff200330 Implicit null exception at 0x0000018fab671400 to 0x0000018fab671748
Event: 7.047 Thread 0x0000018fff200330 Exception <a 'java/lang/NoSuchMethodError'{0x00000000d55a2f00}: 'int java.lang.invoke.Invokers$Holder.linkToTargetMethod(java.lang.Object, java.lang.Object, java.lang.Object)'> (0x00000000d55a2f00) 
thrown [s\src\hotspot\share\interpreter\linkResolver.cpp, line 773]
Event: 7.236 Thread 0x0000018fff1fe8f0 Exception <a 'java/lang/NoSuchMethodError'{0x00000000d624a278}: 'int java.lang.invoke.DirectMethodHandle$Holder.invokeSpecialIFC(java.lang.Object, java.lang.Object, java.lang.Object, java.lang.Object)'> (0x00000000d624a278) 
thrown [s\src\hotspot\share\interpreter\linkResolver.cpp, line 773]

ZGC Phase Switch (0 events):
No events

VM Operations (20 events):
Event: 6.127 Executing non-safepoint VM operation: HandshakeAllThreads (Deoptimize)
Event: 6.127 Executing non-safepoint VM operation: HandshakeAllThreads (Deoptimize) done
Event: 6.273 Executing safepoint VM operation: ParallelGCFailedAllocation (Allocation Failure)
Event: 6.278 Executing safepoint VM operation: ParallelGCFailedAllocation (Allocation Failure) done
Event: 6.428 Executing safepoint VM operation: CollectForMetadataAllocation (Metadata GC Threshold)
Event: 6.473 Executing safepoint VM operation: CollectForMetadataAllocation (Metadata GC Threshold) done
Event: 6.753 Executing safepoint VM operation: ParallelGCFailedAllocation (Allocation Failure)
Event: 6.760 Executing safepoint VM operation: ParallelGCFailedAllocation (Allocation Failure) done
Event: 6.890 Executing non-safepoint VM operation: HandshakeAllThreads (Deoptimize)
Event: 6.891 Executing non-safepoint VM operation: HandshakeAllThreads (Deoptimize) done
Event: 6.973 Executing non-safepoint VM operation: HandshakeAllThreads (Deoptimize)
Event: 6.973 Executing non-safepoint VM operation: HandshakeAllThreads (Deoptimize) done
Event: 7.039 Executing safepoint VM operation: ParallelGCFailedAllocation (Allocation Failure)
Event: 7.046 Executing safepoint VM operation: ParallelGCFailedAllocation (Allocation Failure) done
Event: 7.378 Executing safepoint VM operation: ParallelGCFailedAllocation (Allocation Failure)
Event: 7.382 Executing safepoint VM operation: ParallelGCFailedAllocation (Allocation Failure) done
Event: 7.516 Executing non-safepoint VM operation: HandshakeAllThreads (Deoptimize)
Event: 7.516 Executing non-safepoint VM operation: HandshakeAllThreads (Deoptimize) done
Event: 7.662 Executing non-safepoint VM operation: HandshakeAllThreads (Deoptimize)
Event: 7.662 Executing non-safepoint VM operation: HandshakeAllThreads (Deoptimize) done

Memory protections (0 events):
No events

Nmethod flushes (20 events):
Event: 6.451 Thread 0x0000018fa0731dc0 flushing  nmethod 0x0000018fa3fb7f10
Event: 6.451 Thread 0x0000018fa0731dc0 flushing  nmethod 0x0000018fa3fb9890
Event: 6.451 Thread 0x0000018fa0731dc0 flushing  nmethod 0x0000018fa3fbaa90
Event: 6.451 Thread 0x0000018fa0731dc0 flushing  nmethod 0x0000018fa3fbb310
Event: 6.451 Thread 0x0000018fa0731dc0 flushing  nmethod 0x0000018fa3fbba90
Event: 6.451 Thread 0x0000018fa0731dc0 flushing  nmethod 0x0000018fa3fbd010
Event: 6.451 Thread 0x0000018fa0731dc0 flushing  nmethod 0x0000018fa3fbec90
Event: 6.451 Thread 0x0000018fa0731dc0 flushing  nmethod 0x0000018fa3fbf090
Event: 6.451 Thread 0x0000018fa0731dc0 flushing  nmethod 0x0000018fa3fc0d90
Event: 6.451 Thread 0x0000018fa0731dc0 flushing  nmethod 0x0000018fa3fc1810
Event: 6.451 Thread 0x0000018fa0731dc0 flushing  nmethod 0x0000018fa3fc1d10
Event: 6.451 Thread 0x0000018fa0731dc0 flushing  nmethod 0x0000018fa3fdc290
Event: 6.451 Thread 0x0000018fa0731dc0 flushing  nmethod 0x0000018fa3fe4690
Event: 6.451 Thread 0x0000018fa0731dc0 flushing  nmethod 0x0000018fa3ff4690
Event: 6.451 Thread 0x0000018fa0731dc0 flushing  nmethod 0x0000018fa3ff8490
Event: 6.451 Thread 0x0000018fa0731dc0 flushing  nmethod 0x0000018fa3ffe410
Event: 6.451 Thread 0x0000018fa0731dc0 flushing  nmethod 0x0000018fa4056f10
Event: 6.451 Thread 0x0000018fa0731dc0 flushing  nmethod 0x0000018fa4068f10
Event: 6.451 Thread 0x0000018fa0731dc0 flushing  nmethod 0x0000018fa4097590
Event: 6.451 Thread 0x0000018fa0731dc0 flushing  nmethod 0x0000018fa40b3c10

Events (20 events):
Event: 6.101 Thread 0x0000018f9e4f9710 Thread added: 0x0000018fff1f9a30
Event: 6.102 Thread 0x0000018f9e4f9710 Thread added: 0x0000018fff1fd540
Event: 6.102 Thread 0x0000018f9e4f9710 Thread added: 0x0000018fff1fceb0
Event: 6.103 Thread 0x0000018f9e4f9710 Thread added: 0x0000018fff1fa0c0
Event: 6.103 Thread 0x0000018f9e4f9710 Thread added: 0x0000018fff1ff610
Event: 6.104 Thread 0x0000018f9e4f9710 Thread added: 0x0000018fff1fe260
Event: 6.104 Thread 0x0000018f9e4f9710 Thread added: 0x0000018fff201050
Event: 6.105 Thread 0x0000018f9e4f9710 Thread added: 0x0000018fff1fdbd0
Event: 6.135 Thread 0x0000018f9e4f9710 Thread added: 0x0000018fff2009c0
Event: 6.218 Thread 0x0000018fff1fc190 Thread added: 0x0000018fff1fe8f0
Event: 6.220 Thread 0x0000018fff1fe8f0 Thread added: 0x0000018fff1fef80
Event: 6.646 Thread 0x0000018f9e4f9710 Thread added: 0x0000018fff1ffca0
Event: 6.647 Thread 0x0000018f9e4f9710 Thread added: 0x0000018fff200330
Event: 6.729 Thread 0x0000018ffe9f1ce0 Thread added: 0x0000018f80af2e10
Event: 6.730 Thread 0x0000018ffe9f1ce0 Thread added: 0x0000018f80af3b30
Event: 6.730 Thread 0x0000018f80af2e10 Thread added: 0x0000018f80af34a0
Event: 6.731 Thread 0x0000018f80af3b30 Thread added: 0x0000018f80af2780
Event: 6.731 Thread 0x0000018f80af34a0 Thread added: 0x0000018f80af41c0
Event: 6.733 Thread 0x0000018f80af2e10 Thread added: 0x0000018f80af5570
Event: 6.734 Thread 0x0000018f80af41c0 Thread added: 0x0000018f80af20f0


Dynamic libraries:
0x00007ff767d30000 - 0x00007ff767d3e000 	c:\Users\siddu\.cursor\extensions\redhat.java-1.54.0-win32-x64\jre\21.0.10-win32-x86_64\bin\java.exe
0x00007ff97e0e0000 - 0x00007ff97e347000 	C:\Windows\SYSTEM32\ntdll.dll
0x00007ff97d030000 - 0x00007ff97d0f9000 	C:\Windows\System32\KERNEL32.DLL
0x00007ff97ad40000 - 0x00007ff97b137000 	C:\Windows\System32\KERNELBASE.dll
0x00007ff97ab10000 - 0x00007ff97ac5b000 	C:\Windows\System32\ucrtbase.dll
0x00007ff96d440000 - 0x00007ff96d458000 	c:\Users\siddu\.cursor\extensions\redhat.java-1.54.0-win32-x64\jre\21.0.10-win32-x86_64\bin\jli.dll
0x00007ff96d390000 - 0x00007ff96d3ae000 	c:\Users\siddu\.cursor\extensions\redhat.java-1.54.0-win32-x64\jre\21.0.10-win32-x86_64\bin\VCRUNTIME140.dll
0x00007ff97cd60000 - 0x00007ff97cf26000 	C:\Windows\System32\USER32.dll
0x00007ff97ad10000 - 0x00007ff97ad37000 	C:\Windows\System32\win32u.dll
0x00007ff97d270000 - 0x00007ff97d29b000 	C:\Windows\System32\GDI32.dll
0x00007ff96be80000 - 0x00007ff96c112000 	C:\Windows\WinSxS\amd64_microsoft.windows.common-controls_6595b64144ccf1df_6.0.26100.8457_none_3e0b2faee331e92d\COMCTL32.dll
0x00007ff97b140000 - 0x00007ff97b26c000 	C:\Windows\System32\gdi32full.dll
0x00007ff97c9e0000 - 0x00007ff97ca89000 	C:\Windows\System32\msvcrt.dll
0x00007ff97ac60000 - 0x00007ff97ad03000 	C:\Windows\System32\msvcp_win.dll
0x00007ff97c3b0000 - 0x00007ff97c3e2000 	C:\Windows\System32\IMM32.DLL
0x00007ff973400000 - 0x00007ff97340c000 	c:\Users\siddu\.cursor\extensions\redhat.java-1.54.0-win32-x64\jre\21.0.10-win32-x86_64\bin\vcruntime140_1.dll
0x00007ff94ffc0000 - 0x00007ff95004d000 	c:\Users\siddu\.cursor\extensions\redhat.java-1.54.0-win32-x64\jre\21.0.10-win32-x86_64\bin\msvcp140.dll
0x00007ff907650000 - 0x00007ff9083f1000 	c:\Users\siddu\.cursor\extensions\redhat.java-1.54.0-win32-x64\jre\21.0.10-win32-x86_64\bin\server\jvm.dll
0x00007ff97ca90000 - 0x00007ff97cb46000 	C:\Windows\System32\ADVAPI32.dll
0x00007ff97c850000 - 0x00007ff97c8f7000 	C:\Windows\System32\sechost.dll
0x00007ff97c720000 - 0x00007ff97c838000 	C:\Windows\System32\RPCRT4.dll
0x00007ff97dc20000 - 0x00007ff97dca0000 	C:\Windows\System32\WS2_32.dll
0x00007ff97a970000 - 0x00007ff97a9ce000 	C:\Windows\SYSTEM32\POWRPROF.dll
0x00007ff96c4a0000 - 0x00007ff96c4d6000 	C:\Windows\SYSTEM32\WINMM.dll
0x00007ff9734a0000 - 0x00007ff9734ab000 	C:\Windows\SYSTEM32\VERSION.dll
0x00007ff97a950000 - 0x00007ff97a964000 	C:\Windows\SYSTEM32\UMPDC.dll
0x00007ff979860000 - 0x00007ff97987b000 	C:\Windows\SYSTEM32\kernel.appcore.dll
0x00007ff96d510000 - 0x00007ff96d51a000 	c:\Users\siddu\.cursor\extensions\redhat.java-1.54.0-win32-x64\jre\21.0.10-win32-x86_64\bin\jimage.dll
0x00007ff978c10000 - 0x00007ff978e52000 	C:\Windows\SYSTEM32\DBGHELP.DLL
0x00007ff97dcb0000 - 0x00007ff97e033000 	C:\Windows\System32\combase.dll
0x00007ff97c900000 - 0x00007ff97c9d9000 	C:\Windows\System32\OLEAUT32.dll
0x00007ff957960000 - 0x00007ff95799b000 	C:\Windows\SYSTEM32\dbgcore.DLL
0x00007ff97b4b0000 - 0x00007ff97b558000 	C:\Windows\System32\bcryptPrimitives.dll
0x00007ff96cc00000 - 0x00007ff96cc0f000 	c:\Users\siddu\.cursor\extensions\redhat.java-1.54.0-win32-x64\jre\21.0.10-win32-x86_64\bin\instrument.dll
0x00007ff96cb40000 - 0x00007ff96cb60000 	c:\Users\siddu\.cursor\extensions\redhat.java-1.54.0-win32-x64\jre\21.0.10-win32-x86_64\bin\java.dll
0x00007ff97d2f0000 - 0x00007ff97da5e000 	C:\Windows\System32\SHELL32.dll
0x00007ff97b560000 - 0x00007ff97bdcc000 	C:\Windows\System32\windows.storage.dll
0x00007ff97c620000 - 0x00007ff97c716000 	C:\Windows\System32\SHCORE.dll
0x00007ff97cfc0000 - 0x00007ff97d026000 	C:\Windows\System32\shlwapi.dll
0x00007ff97aa30000 - 0x00007ff97aa59000 	C:\Windows\SYSTEM32\profapi.dll
0x00007ff96c990000 - 0x00007ff96c9a8000 	c:\Users\siddu\.cursor\extensions\redhat.java-1.54.0-win32-x64\jre\21.0.10-win32-x86_64\bin\zip.dll
0x00007ff96cbf0000 - 0x00007ff96cc00000 	C:\Users\siddu\.cursor\extensions\redhat.java-1.54.0-win32-x64\jre\21.0.10-win32-x86_64\bin\net.dll
0x00007ff971f60000 - 0x00007ff972089000 	C:\Windows\SYSTEM32\WINHTTP.dll
0x00007ff979db0000 - 0x00007ff979e1c000 	C:\Windows\system32\mswsock.dll
0x00007ff96c8a0000 - 0x00007ff96c8b6000 	C:\Users\siddu\.cursor\extensions\redhat.java-1.54.0-win32-x64\jre\21.0.10-win32-x86_64\bin\nio.dll
0x00007ff96c650000 - 0x00007ff96c660000 	c:\Users\siddu\.cursor\extensions\redhat.java-1.54.0-win32-x64\jre\21.0.10-win32-x86_64\bin\verify.dll
0x00007ff952990000 - 0x00007ff9529d5000 	C:\Users\siddu\AppData\Roaming\Cursor\User\globalStorage\redhat.java\1.54.0\config_win\org.eclipse.equinox.launcher\org.eclipse.equinox.launcher.win32.win32.x86_64_1.3.0.v20260203-2149\eclipse_11919.dll
0x00007ff97c3f0000 - 0x00007ff97c587000 	C:\Windows\System32\ole32.dll
0x00007ff97a1b0000 - 0x00007ff97a1cb000 	C:\Windows\SYSTEM32\CRYPTSP.dll
0x00007ff9797c0000 - 0x00007ff9797f9000 	C:\Windows\system32\rsaenh.dll
0x00007ff979e60000 - 0x00007ff979e93000 	C:\Windows\SYSTEM32\USERENV.dll
0x00007ff97aa00000 - 0x00007ff97aa2a000 	C:\Windows\SYSTEM32\bcrypt.dll
0x00007ff97a010000 - 0x00007ff97a01c000 	C:\Windows\SYSTEM32\CRYPTBASE.dll
0x00007ff979250000 - 0x00007ff979282000 	C:\Windows\SYSTEM32\IPHLPAPI.DLL
0x00007ff97cf30000 - 0x00007ff97cf3a000 	C:\Windows\System32\NSI.dll
0x00007ff9446c0000 - 0x00007ff944709000 	C:\Users\siddu\AppData\Local\Temp\jna-109432287\jna7707263193270476516.dll
0x00007ff97d260000 - 0x00007ff97d268000 	C:\Windows\System32\PSAPI.DLL
0x00007ff972520000 - 0x00007ff97253d000 	C:\Windows\SYSTEM32\dhcpcsvc6.DLL
0x00007ff9724f0000 - 0x00007ff972515000 	C:\Windows\SYSTEM32\dhcpcsvc.DLL

JVMTI agents:
c:\Users\siddu\.cursor\extensions\redhat.java-1.54.0-win32-x64\lombok\lombok-1.18.39-4050.jar path:c:\Users\siddu\.cursor\extensions\redhat.java-1.54.0-win32-x64\jre\21.0.10-win32-x86_64\bin\instrument.dll, loaded, initialized, instrumentlib options:none

dbghelp: loaded successfully - version: 4.0.5 - missing functions: none
symbol engine: initialized successfully - sym options: 0x614 - pdb path: .;c:\Users\siddu\.cursor\extensions\redhat.java-1.54.0-win32-x64\jre\21.0.10-win32-x86_64\bin;C:\Windows\SYSTEM32;C:\Windows\WinSxS\amd64_microsoft.windows.common-controls_6595b64144ccf1df_6.0.26100.8457_none_3e0b2faee331e92d;c:\Users\siddu\.cursor\extensions\redhat.java-1.54.0-win32-x64\jre\21.0.10-win32-x86_64\bin\server;C:\Users\siddu\AppData\Roaming\Cursor\User\globalStorage\redhat.java\1.54.0\config_win\org.eclipse.equinox.launcher\org.eclipse.equinox.launcher.win32.win32.x86_64_1.3.0.v20260203-2149;C:\Users\siddu\AppData\Local\Temp\jna-109432287

VM Arguments:
jvm_args: --add-modules=ALL-SYSTEM --add-opens=java.base/java.util=ALL-UNNAMED --add-opens=java.base/java.lang=ALL-UNNAMED --add-opens=java.base/sun.nio.fs=ALL-UNNAMED -Declipse.application=org.eclipse.jdt.ls.core.id1 -Dosgi.bundles.defaultStartLevel=4 -Declipse.product=org.eclipse.jdt.ls.core.product -Djava.import.generatesMetadataFilesAtProjectRoot=false -DDetectVMInstallationsJob.disabled=true -Dfile.encoding=utf8 -XX:+UseParallelGC -XX:GCTimeRatio=4 -XX:AdaptiveSizePolicyWeight=90 -Dsun.zip.disableMemoryMapping=true -Xmx2G -Xms100m -Xlog:disable -javaagent:c:\Users\siddu\.cursor\extensions\redhat.java-1.54.0-win32-x64\lombok\lombok-1.18.39-4050.jar -XX:+HeapDumpOnOutOfMemoryError -XX:HeapDumpPath=c:\Users\siddu\AppData\Roaming\Cursor\User\workspaceStorage\848d4c9def023cabf97f63f7242684c7\redhat.java -Daether.dependencyCollector.impl=bf 
java_command: c:\Users\siddu\.cursor\extensions\redhat.java-1.54.0-win32-x64\server\plugins\org.eclipse.equinox.launcher_1.7.100.v20251111-0406.jar -configuration c:\Users\siddu\AppData\Roaming\Cursor\User\globalStorage\redhat.java\1.54.0\config_win -data c:\Users\siddu\AppData\Roaming\Cursor\User\workspaceStorage\848d4c9def023cabf97f63f7242684c7\redhat.java\jdt_ws --pipe=\\.\pipe\lsp-7b201928af9e386709c23543ac9d124e-sock
java_class_path (initial): c:\Users\siddu\.cursor\extensions\redhat.java-1.54.0-win32-x64\server\plugins\org.eclipse.equinox.launcher_1.7.100.v20251111-0406.jar
Launcher Type: SUN_STANDARD

[Global flags]
    uintx AdaptiveSizePolicyWeight                 = 90                                        {product} {command line}
     intx CICompilerCount                          = 4                                         {product} {ergonomic}
    uintx GCTimeRatio                              = 4                                         {product} {command line}
     bool HeapDumpOnOutOfMemoryError               = true                                   {manageable} {command line}
    ccstr HeapDumpPath                             = c:\Users\siddu\AppData\Roaming\Cursor\User\workspaceStorage\848d4c9def023cabf97f63f7242684c7\redhat.java         {manageable} {command line}
   size_t InitialHeapSize                          = 104857600                                 {product} {command line}
   size_t MaxHeapSize                              = 2147483648                                {product} {command line}
   size_t MaxNewSize                               = 715653120                                 {product} {ergonomic}
   size_t MinHeapDeltaBytes                        = 524288                                    {product} {ergonomic}
   size_t MinHeapSize                              = 104857600                                 {product} {command line}
   size_t NewSize                                  = 34603008                                  {product} {ergonomic}
    uintx NonNMethodCodeHeapSize                   = 5839372                                {pd product} {ergonomic}
    uintx NonProfiledCodeHeapSize                  = 122909434                              {pd product} {ergonomic}
   size_t OldSize                                  = 70254592                                  {product} {ergonomic}
    uintx ProfiledCodeHeapSize                     = 122909434                              {pd product} {ergonomic}
    uintx ReservedCodeCacheSize                    = 251658240                              {pd product} {ergonomic}
     bool SegmentedCodeCache                       = true                                      {product} {ergonomic}
   size_t SoftMaxHeapSize                          = 2147483648                             {manageable} {ergonomic}
     bool UseCompressedOops                        = true                           {product lp64_product} {ergonomic}
     bool UseLargePagesIndividualAllocation        = false                                  {pd product} {ergonomic}
     bool UseParallelGC                            = true                                      {product} {command line}

Logging:
Log output configuration:
 #0: stdout all=off uptime,level,tags foldmultilines=false
 #1: stderr all=off uptime,level,tags foldmultilines=false

Release file:
JAVA_VERSION="21.0.10" 
MODULES="java.base java.compiler java.datatransfer java.xml java.prefs java.desktop java.instrument java.logging java.management java.security.sasl java.naming java.rmi java.management.rmi java.net.http java.scripting java.security.jgss java.transaction.xa java.sql java.sql.rowset java.xml.crypto java.se java.smartcardio jdk.accessibility jdk.internal.jvmstat jdk.attach jdk.charsets jdk.internal.opt jdk.zipfs jdk.compiler jdk.crypto.ec jdk.crypto.cryptoki jdk.crypto.mscapi jdk.dynalink jdk.internal.ed jdk.editpad jdk.hotspot.agent jdk.httpserver jdk.internal.le jdk.internal.vm.ci jdk.internal.vm.compiler jdk.internal.vm.compiler.management jdk.jartool jdk.javadoc jdk.jcmd jdk.management jdk.management.agent jdk.jconsole jdk.jdeps jdk.jdwp.agent jdk.jdi jdk.jfr jdk.jshell jdk.jsobject jdk.jstatd jdk.localedata jdk.management.jfr jdk.naming.dns jdk.naming.rmi jdk.net jdk.nio.mapmode jdk.random jdk.sctp jdk.security.auth jdk.security.jgss jdk.unsupported jdk.unsupported.desktop jdk.xml.dom" 

Environment Variables:
PATH=C:\Program Files\Common Files\Oracle\Java\javapath;C:\Windows\system32;C:\Windows;C:\Windows\System32\Wbem;C:\Windows\System32\WindowsPowerShell\v1.0\;C:\Windows\System32\OpenSSH\;C:\Program Files\Intel\WiFi\bin\;C:\Program Files\Common Files\Intel\WirelessCommon\;C:\Program Files\MongoDB\Server\6.0\bin;C:\mongosh;C:\Program Files\nodejs\;C:\Program Files\Git\cmd;C:\Program Files\MySQL\MySQL Shell 8.0\bin\;C:\Users\siddu\AppData\Local\Microsoft\WindowsApps;C:\mongosh\;C:\Users\siddu\AppData\Roaming\npm;C:\Users\siddu\AppData\Local\Programs\Microsoft VS Code\bin;C:\Users\siddu\AppData\Local\Programs\Antigravity\bin;C:\Users\siddu\AppData\Local\Programs\cursor\resources\app\bin;C:\Users\siddu\AppData\Local\PowerToys\DSCModules\
USERNAME=siddu
OS=Windows_NT
PROCESSOR_IDENTIFIER=Intel64 Family 6 Model 142 Stepping 10, GenuineIntel
TMP=C:\Users\siddu\AppData\Local\Temp
TEMP=C:\Users\siddu\AppData\Local\Temp




Periodic native trim disabled

---------------  S Y S T E M  ---------------

OS:
 Windows 11 , 64 bit Build 26100 (10.0.26100.8328)
OS uptime: 2 days 3:05 hours
Hyper-V role detected

CPU: total 8 (initial active 8) (4 cores per cpu, 2 threads per core) family 6 model 142 stepping 10 microcode 0xe0, cx8, cmov, fxsr, ht, mmx, 3dnowpref, sse, sse2, sse3, ssse3, sse4.1, sse4.2, popcnt, lzcnt, tsc, tscinvbit, avx, avx2, aes, erms, clmul, bmi1, bmi2, rtm, adx, fma, vzeroupper, clflush, clflushopt, hv, rdtscp, f16c
Processor Information for the first 8 processors :
  Max Mhz: 1896, Current Mhz: 1696, Mhz Limit: 1687

Memory: 4k page, system-wide physical 8071M (1054M free)
TotalPageFile size 11377M (AvailPageFile size 6M)
current process WorkingSet (physical memory assigned to process): 227M, peak: 228M
current process commit charge ("private bytes"): 336M, peak: 348M

vm_info: OpenJDK 64-Bit Server VM (21.0.10+7-LTS) for windows-amd64 JRE (21.0.10+7-LTS), built on 2026-01-20T00:00:00Z by "admin" with MS VC++ 17.12 (VS2022)

END.
