#
# There is insufficient memory for the Java Runtime Environment to continue.
# Native memory allocation (malloc) failed to allocate 1725296 bytes. Error detail: Chunk::new
# Possible reasons:
#   The system is out of physical RAM or swap space
#   This process is running with CompressedOops enabled, and the Java Heap may be blocking the growth of the native heap
# Possible solutions:
#   Reduce memory load on the system
#   Increase physical memory or swap space
#   Check if swap backing store is full
#   Decrease Java heap size (-Xmx/-Xms)
#   Decrease number of Java threads
#   Decrease Java thread stack sizes (-Xss)
#   Set larger code cache with -XX:ReservedCodeCacheSize=
#   JVM is running with Unscaled Compressed Oops mode in which the Java heap is
#     placed in the first 4GB address space. The Java Heap base address is the
#     maximum limit for the native heap growth. Please use -XX:HeapBaseMinAddress
#     to set the Java Heap base and to place the Java Heap above 4GB virtual address.
# This output file may be truncated or incomplete.
#
#  Out of Memory Error (arena.cpp:168), pid=2576, tid=13708
#
# JRE version: OpenJDK Runtime Environment Temurin-21.0.10+7 (21.0.10+7) (build 21.0.10+7-LTS)
# Java VM: OpenJDK 64-Bit Server VM Temurin-21.0.10+7 (21.0.10+7-LTS, mixed mode, sharing, tiered, compressed oops, compressed class ptrs, parallel gc, windows-amd64)
# No core dump will be written. Minidumps are not enabled by default on client versions of Windows
#

---------------  S U M M A R Y ------------

Command Line: --add-modules=ALL-SYSTEM --add-opens=java.base/java.util=ALL-UNNAMED --add-opens=java.base/java.lang=ALL-UNNAMED --add-opens=java.base/sun.nio.fs=ALL-UNNAMED -Declipse.application=org.eclipse.jdt.ls.core.id1 -Dosgi.bundles.defaultStartLevel=4 -Declipse.product=org.eclipse.jdt.ls.core.product -Djava.import.generatesMetadataFilesAtProjectRoot=false -DDetectVMInstallationsJob.disabled=true -Dfile.encoding=utf8 -XX:+UseParallelGC -XX:GCTimeRatio=4 -XX:AdaptiveSizePolicyWeight=90 -Dsun.zip.disableMemoryMapping=true -Xmx2G -Xms100m -Xlog:disable -javaagent:c:\Users\siddu\.cursor\extensions\redhat.java-1.54.0-win32-x64\lombok\lombok-1.18.39-4050.jar -XX:+HeapDumpOnOutOfMemoryError -XX:HeapDumpPath=c:\Users\siddu\AppData\Roaming\Cursor\User\workspaceStorage\848d4c9def023cabf97f63f7242684c7\redhat.java -Daether.dependencyCollector.impl=bf c:\Users\siddu\.cursor\extensions\redhat.java-1.54.0-win32-x64\server\plugins\org.eclipse.equinox.launcher_1.7.100.v20251111-0406.jar -configuration c:\Users\siddu\AppData\Roaming\Cursor\User\globalStorage\redhat.java\1.54.0\config_win -data c:\Users\siddu\AppData\Roaming\Cursor\User\workspaceStorage\848d4c9def023cabf97f63f7242684c7\redhat.java\jdt_ws --pipe=\\.\pipe\lsp-817c26b66a9e9e1dc9b6c6f26659c027-sock

Host: Intel(R) Core(TM) i5-8350U CPU @ 1.70GHz, 8 cores, 7G,  Windows 11 , 64 bit Build 26100 (10.0.26100.8328)
Time: Fri Jun  5 14:13:42 2026 India Standard Time elapsed time: 8.184471 seconds (0d 0h 0m 8s)

---------------  T H R E A D  ---------------

Current thread (0x0000020cff6d01a0):  JavaThread "C2 CompilerThread2" daemon [_thread_in_native, id=13708, stack(0x000000a689000000,0x000000a689100000) (1024K)]


Current CompileTask:
C2:8184 5144   !   4       org.eclipse.osgi.internal.loader.classpath.ClasspathManager::defineClass (636 bytes)

Stack: [0x000000a689000000,0x000000a689100000]
Native frames: (J=compiled Java code, j=interpreted, Vv=VM code, C=native code)
V  [jvm.dll+0x6d7a39]
V  [jvm.dll+0x8b4b26]
V  [jvm.dll+0x8b70de]
V  [jvm.dll+0x8b77c3]
V  [jvm.dll+0x284346]
V  [jvm.dll+0xc66ed]
V  [jvm.dll+0xc6c31]
V  [jvm.dll+0x3bec01]
V  [jvm.dll+0x1e3d62]
V  [jvm.dll+0x24c6b3]
V  [jvm.dll+0x24bb40]
V  [jvm.dll+0x1cb34e]
V  [jvm.dll+0x25b85d]
V  [jvm.dll+0x259dea]
V  [jvm.dll+0x3f857e]
V  [jvm.dll+0x85f59d]
V  [jvm.dll+0x6d626d]
C  [ucrtbase.dll+0x37b0]
C  [KERNEL32.DLL+0x2e957]
C  [ntdll.dll+0x427c]


---------------  P R O C E S S  ---------------

Threads class SMR info:
_java_thread_list=0x0000020cfe8c8c60, length=46, elements={
0x0000020cf6ab8160, 0x0000020cf8f8aa70, 0x0000020cf8f8c490, 0x0000020cf8e44e50,
0x0000020cf8e478c0, 0x0000020cf8e4ca50, 0x0000020cf8e53040, 0x0000020cf8e61530,
0x0000020cf8e62fe0, 0x0000020cfe365a90, 0x0000020cfe3ac0d0, 0x0000020cfee11eb0,
0x0000020cfedcbcd0, 0x0000020cfe9b1e80, 0x0000020cfe756150, 0x0000020cfeebb5c0,
0x0000020cff913b30, 0x0000020cff7dd870, 0x0000020cff6d01a0, 0x0000020cfee8f520,
0x0000020cff42b7d0, 0x0000020cff42be60, 0x0000020cff42aab0, 0x0000020cff429700,
0x0000020cff42c4f0, 0x0000020cff429070, 0x0000020cff429d90, 0x0000020cff42a420,
0x0000020cd92e3110, 0x0000020cd92e37a0, 0x0000020cd92e23f0, 0x0000020cd92e3e30,
0x0000020cd92e1040, 0x0000020cd92e16d0, 0x0000020cd92e44c0, 0x0000020cd92e1d60,
0x0000020cd92e2a80, 0x0000020cd95ebc10, 0x0000020cd95ea1d0, 0x0000020cd95eaef0,
0x0000020cd95ea860, 0x0000020cd95e94b0, 0x0000020cd95e8790, 0x0000020cd95eb580,
0x0000020cd95e9b40, 0x0000020cd95ec2a0
}

Java Threads: ( => current thread )
  0x0000020cf6ab8160 JavaThread "main"                              [_thread_blocked, id=10284, stack(0x000000a687400000,0x000000a687500000) (1024K)]
  0x0000020cf8f8aa70 JavaThread "Reference Handler"          daemon [_thread_blocked, id=3724, stack(0x000000a687800000,0x000000a687900000) (1024K)]
  0x0000020cf8f8c490 JavaThread "Finalizer"                  daemon [_thread_blocked, id=1032, stack(0x000000a687900000,0x000000a687a00000) (1024K)]
  0x0000020cf8e44e50 JavaThread "Signal Dispatcher"          daemon [_thread_blocked, id=7608, stack(0x000000a687a00000,0x000000a687b00000) (1024K)]
  0x0000020cf8e478c0 JavaThread "Attach Listener"            daemon [_thread_blocked, id=5720, stack(0x000000a687b00000,0x000000a687c00000) (1024K)]
  0x0000020cf8e4ca50 JavaThread "Service Thread"             daemon [_thread_blocked, id=15192, stack(0x000000a687c00000,0x000000a687d00000) (1024K)]
  0x0000020cf8e53040 JavaThread "Monitor Deflation Thread"   daemon [_thread_blocked, id=8720, stack(0x000000a687d00000,0x000000a687e00000) (1024K)]
  0x0000020cf8e61530 JavaThread "C2 CompilerThread0"         daemon [_thread_in_native, id=1200, stack(0x000000a687e00000,0x000000a687f00000) (1024K)]
  0x0000020cf8e62fe0 JavaThread "C1 CompilerThread0"         daemon [_thread_in_vm, id=13372, stack(0x000000a687f00000,0x000000a688000000) (1024K)]
  0x0000020cfe365a90 JavaThread "Common-Cleaner"             daemon [_thread_blocked, id=13348, stack(0x000000a688100000,0x000000a688200000) (1024K)]
  0x0000020cfe3ac0d0 JavaThread "Notification Thread"        daemon [_thread_blocked, id=2776, stack(0x000000a688200000,0x000000a688300000) (1024K)]
  0x0000020cfee11eb0 JavaThread "Active Thread: Equinox Container: 1c3ad7c2-5faf-4673-bda7-920a63c07eef"        [_thread_blocked, id=6196, stack(0x000000a688a00000,0x000000a688b00000) (1024K)]
  0x0000020cfedcbcd0 JavaThread "Refresh Thread: Equinox Container: 1c3ad7c2-5faf-4673-bda7-920a63c07eef" daemon [_thread_blocked, id=9696, stack(0x000000a688c00000,0x000000a688d00000) (1024K)]
  0x0000020cfe9b1e80 JavaThread "Framework Event Dispatcher: Equinox Container: 1c3ad7c2-5faf-4673-bda7-920a63c07eef" daemon [_thread_blocked, id=10544, stack(0x000000a688d00000,0x000000a688e00000) (1024K)]
  0x0000020cfe756150 JavaThread "Start Level: Equinox Container: 1c3ad7c2-5faf-4673-bda7-920a63c07eef" daemon [_thread_blocked, id=16208, stack(0x000000a688e00000,0x000000a688f00000) (1024K)]
  0x0000020cfeebb5c0 JavaThread "Bundle File Closer"         daemon [_thread_blocked, id=3532, stack(0x000000a688f00000,0x000000a689000000) (1024K)]
  0x0000020cff913b30 JavaThread "SCR Component Actor"        daemon [_thread_blocked, id=3892, stack(0x000000a688000000,0x000000a688100000) (1024K)]
  0x0000020cff7dd870 JavaThread "C2 CompilerThread1"         daemon [_thread_in_native, id=7904, stack(0x000000a688300000,0x000000a688400000) (1024K)]
=>0x0000020cff6d01a0 JavaThread "C2 CompilerThread2"         daemon [_thread_in_native, id=13708, stack(0x000000a689000000,0x000000a689100000) (1024K)]
  0x0000020cfee8f520 JavaThread "Worker-JM"                         [_thread_blocked, id=13924, stack(0x000000a689100000,0x000000a689200000) (1024K)]
  0x0000020cff42b7d0 JavaThread "JNA Cleaner"                daemon [_thread_blocked, id=13048, stack(0x000000a689200000,0x000000a689300000) (1024K)]
  0x0000020cff42be60 JavaThread "Worker-0"                          [_thread_blocked, id=7612, stack(0x000000a689300000,0x000000a689400000) (1024K)]
  0x0000020cff42aab0 JavaThread "Worker-1"                          [_thread_blocked, id=11812, stack(0x000000a689400000,0x000000a689500000) (1024K)]
  0x0000020cff429700 JavaThread "Java indexing"              daemon [_thread_blocked, id=9280, stack(0x000000a689500000,0x000000a689600000) (1024K)]
  0x0000020cff42c4f0 JavaThread "Worker-2: Repository registry initialization"        [_thread_in_vm, id=14100, stack(0x000000a689900000,0x000000a689a00000) (1024K)]
  0x0000020cff429070 JavaThread "Worker-3"                          [_thread_blocked, id=14224, stack(0x000000a689a00000,0x000000a689b00000) (1024K)]
  0x0000020cff429d90 JavaThread "Thread-1"                   daemon [_thread_in_native, id=12780, stack(0x000000a689b00000,0x000000a689c00000) (1024K)]
  0x0000020cff42a420 JavaThread "Thread-2"                   daemon [_thread_in_native, id=5404, stack(0x000000a689c00000,0x000000a689d00000) (1024K)]
  0x0000020cd92e3110 JavaThread "Thread-3"                   daemon [_thread_in_native, id=10704, stack(0x000000a689d00000,0x000000a689e00000) (1024K)]
  0x0000020cd92e37a0 JavaThread "Thread-4"                   daemon [_thread_in_native, id=12352, stack(0x000000a689e00000,0x000000a689f00000) (1024K)]
  0x0000020cd92e23f0 JavaThread "Thread-5"                   daemon [_thread_in_native, id=14296, stack(0x000000a689f00000,0x000000a68a000000) (1024K)]
  0x0000020cd92e3e30 JavaThread "Thread-6"                   daemon [_thread_in_native, id=11776, stack(0x000000a68a000000,0x000000a68a100000) (1024K)]
  0x0000020cd92e1040 JavaThread "Thread-7"                   daemon [_thread_in_native, id=11536, stack(0x000000a68a100000,0x000000a68a200000) (1024K)]
  0x0000020cd92e16d0 JavaThread "Thread-8"                   daemon [_thread_in_native, id=8528, stack(0x000000a68a200000,0x000000a68a300000) (1024K)]
  0x0000020cd92e44c0 JavaThread "Thread-9"                   daemon [_thread_in_native, id=11108, stack(0x000000a68a300000,0x000000a68a400000) (1024K)]
  0x0000020cd92e1d60 JavaThread "pool-2-thread-1"                   [_thread_blocked, id=15444, stack(0x000000a68a400000,0x000000a68a500000) (1024K)]
  0x0000020cd92e2a80 JavaThread "Worker-4"                          [_thread_blocked, id=9796, stack(0x000000a68a500000,0x000000a68a600000) (1024K)]
  0x0000020cd95ebc10 JavaThread "WorkspaceEventsHandler"            [_thread_blocked, id=11296, stack(0x000000a68a600000,0x000000a68a700000) (1024K)]
  0x0000020cd95ea1d0 JavaThread "pool-1-thread-1"                   [_thread_blocked, id=6684, stack(0x000000a68a700000,0x000000a68a800000) (1024K)]
  0x0000020cd95eaef0 JavaThread "ForkJoinPool.commonPool-worker-1" daemon [_thread_blocked, id=13392, stack(0x000000a68a800000,0x000000a68a900000) (1024K)]
  0x0000020cd95ea860 JavaThread "ForkJoinPool.commonPool-worker-2" daemon [_thread_blocked, id=6088, stack(0x000000a68a900000,0x000000a68aa00000) (1024K)]
  0x0000020cd95e94b0 JavaThread "ForkJoinPool.commonPool-worker-3" daemon [_thread_blocked, id=4668, stack(0x000000a68aa00000,0x000000a68ab00000) (1024K)]
  0x0000020cd95e8790 JavaThread "ForkJoinPool.commonPool-worker-4" daemon [_thread_blocked, id=12576, stack(0x000000a68ab00000,0x000000a68ac00000) (1024K)]
  0x0000020cd95eb580 JavaThread "ForkJoinPool.commonPool-worker-5" daemon [_thread_blocked, id=13540, stack(0x000000a68ac00000,0x000000a68ad00000) (1024K)]
  0x0000020cd95e9b40 JavaThread "ForkJoinPool.commonPool-worker-6" daemon [_thread_blocked, id=11200, stack(0x000000a68ad00000,0x000000a68ae00000) (1024K)]
  0x0000020cd95ec2a0 JavaThread "ForkJoinPool.commonPool-worker-7" daemon [_thread_blocked, id=3588, stack(0x000000a68ae00000,0x000000a68af00000) (1024K)]
Total: 46

Other Threads:
  0x0000020cf8f6eba0 VMThread "VM Thread"                           [id=3704, stack(0x000000a687700000,0x000000a687800000) (1024K)]
  0x0000020cf8d5ca00 WatcherThread "VM Periodic Task Thread"        [id=15332, stack(0x000000a687600000,0x000000a687700000) (1024K)]
  0x0000020cf8eeb4f0 WorkerThread "GC Thread#0"                     [id=12880, stack(0x000000a687500000,0x000000a687600000) (1024K)]
  0x0000020cfe540510 WorkerThread "GC Thread#1"                     [id=16340, stack(0x000000a688400000,0x000000a688500000) (1024K)]
  0x0000020cfed9f290 WorkerThread "GC Thread#2"                     [id=15820, stack(0x000000a688500000,0x000000a688600000) (1024K)]
  0x0000020cfeda0150 WorkerThread "GC Thread#3"                     [id=2036, stack(0x000000a688600000,0x000000a688700000) (1024K)]
  0x0000020cfeda0500 WorkerThread "GC Thread#4"                     [id=4164, stack(0x000000a688700000,0x000000a688800000) (1024K)]
  0x0000020cfed9f9f0 WorkerThread "GC Thread#5"                     [id=7708, stack(0x000000a688800000,0x000000a688900000) (1024K)]
  0x0000020cfed9fda0 WorkerThread "GC Thread#6"                     [id=12988, stack(0x000000a688900000,0x000000a688a00000) (1024K)]
  0x0000020cfed9eb30 WorkerThread "GC Thread#7"                     [id=11556, stack(0x000000a688b00000,0x000000a688c00000) (1024K)]
Total: 10

Threads with active compile tasks:
C2 CompilerThread0  8213 5274       4       jdk.internal.org.objectweb.asm.Frame::getAbstractTypeFromDescriptor (415 bytes)
C1 CompilerThread0  8213 5322       3       org.eclipse.sisu.inject.TypeArguments::isConcrete (23 bytes)
C2 CompilerThread1  8213 4744   !   4       org.eclipse.osgi.internal.loader.classpath.ClasspathManager::findClassImpl (328 bytes)
C2 CompilerThread2  8214 5144   !   4       org.eclipse.osgi.internal.loader.classpath.ClasspathManager::defineClass (636 bytes)
Total: 4

VM state: not at safepoint (normal execution)

VM Mutex/Monitor currently owned by a thread:  ([mutex/lock_event])
[0x00007ff90830c4e0] Metaspace_lock - owner thread: 0x0000020cff42c4f0

Heap address: 0x0000000080000000, size: 2048 MB, Compressed Oops mode: 32-bit

CDS archive(s) mapped at: [0x0000020c93000000-0x0000020c93ba0000-0x0000020c93ba0000), size 12189696, SharedBaseAddress: 0x0000020c93000000, ArchiveRelocationMode: 1.
Compressed class space mapped at: 0x0000020c94000000-0x0000020cd4000000, reserved size: 1073741824
Narrow klass base: 0x0000020c93000000, Narrow klass shift: 0, Narrow klass range: 0x100000000

GC Precious Log:
 CardTable entry size: 512
 CPUs: 8 total, 8 available
 Memory: 8071M
 Large Page Support: Disabled
 NUMA Support: Disabled
 Compressed Oops: Enabled (32-bit)
 Alignments: Space 512K, Generation 512K, Heap 2M
 Heap Min Capacity: 100M
 Heap Initial Capacity: 100M
 Heap Max Capacity: 2G
 Pre-touch: Disabled
 Parallel Workers: 8

Heap:
 PSYoungGen      total 23040K, used 17456K [0x00000000d5580000, 0x00000000d7580000, 0x0000000100000000)
  eden space 22016K, 76% used [0x00000000d5580000,0x00000000d65ef500,0x00000000d6b00000)
  from space 1024K, 61% used [0x00000000d7480000,0x00000000d751cef8,0x00000000d7580000)
  to   space 3584K, 0% used [0x00000000d6e80000,0x00000000d6e80000,0x00000000d7200000)
 ParOldGen       total 68608K, used 31057K [0x0000000080000000, 0x0000000084300000, 0x00000000d5580000)
  object space 68608K, 45% used [0x0000000080000000,0x0000000081e54688,0x0000000084300000)
 Metaspace       used 41723K, committed 42880K, reserved 1114112K
  class space    used 4508K, committed 5056K, reserved 1048576K

Card table byte_map: [0x0000020cf8870000,0x0000020cf8c80000] _byte_map_base: 0x0000020cf8470000

Marking Bits: (ParMarkBitMap*) 0x00007ff908313450
 Begin Bits: [0x0000020c8f000000, 0x0000020c91000000)
 End Bits:   [0x0000020c91000000, 0x0000020c93000000)

Polling page: 0x0000020cf6e80000

Metaspace:

Usage:
  Non-class:     36.34 MB used.
      Class:      4.40 MB used.
       Both:     40.75 MB used.

Virtual space:
  Non-class space:       64.00 MB reserved,      36.94 MB ( 58%) committed,  1 nodes.
      Class space:        1.00 GB reserved,       4.94 MB ( <1%) committed,  1 nodes.
             Both:        1.06 GB reserved,      41.88 MB (  4%) committed. 

Chunk freelists:
   Non-Class:  10.48 MB
       Class:  10.95 MB
        Both:  21.44 MB

MaxMetaspaceSize: unlimited
CompressedClassSpaceSize: 1.00 GB
Initial GC threshold: 21.00 MB
Current GC threshold: 58.38 MB
CDS: on
 - commit_granule_bytes: 65536.
 - commit_granule_words: 8192.
 - virtual_space_node_default_size: 8388608.
 - enlarge_chunks_in_place: 1.
 - use_allocation_guard: 0.


Internal statistics:

num_allocs_failed_limit: 6.
num_arena_births: 940.
num_arena_deaths: 14.
num_vsnodes_births: 2.
num_vsnodes_deaths: 0.
num_space_committed: 670.
num_space_uncommitted: 0.
num_chunks_returned_to_freelist: 20.
num_chunks_taken_from_freelist: 2847.
num_chunk_merges: 12.
num_chunk_splits: 1747.
num_chunks_enlarged: 981.
num_inconsistent_stats: 0.

CodeHeap 'non-profiled nmethods': size=120000Kb used=2305Kb max_used=2305Kb free=117694Kb
 bounds [0x0000020c87ad0000, 0x0000020c87d40000, 0x0000020c8f000000]
CodeHeap 'profiled nmethods': size=120000Kb used=9505Kb max_used=9541Kb free=110494Kb
 bounds [0x0000020c80000000, 0x0000020c80960000, 0x0000020c87530000]
CodeHeap 'non-nmethods': size=5760Kb used=1365Kb max_used=1445Kb free=4394Kb
 bounds [0x0000020c87530000, 0x0000020c877a0000, 0x0000020c87ad0000]
CodeCache: size=245760Kb, used=13175Kb, max_used=13291Kb, free=232582Kb
 total_blobs=5395, nmethods=4736, adapters=565, full_count=0
Compilation: enabled, stopped_count=0, restarted_count=0

Compilation events (20 events):
Event: 8.149 Thread 0x0000020cf8e62fe0 5297       3       java.util.HashMap::prepareArray (38 bytes)
Event: 8.150 Thread 0x0000020cf8e62fe0 nmethod 5297 0x0000020c8010d490 code [0x0000020c8010d680, 0x0000020c8010dc30]
Event: 8.150 Thread 0x0000020cf8e62fe0 5299       3       org.objectweb.asm.ByteVector::putShort (52 bytes)
Event: 8.150 Thread 0x0000020cf8e62fe0 nmethod 5299 0x0000020c8010cf90 code [0x0000020c8010d140, 0x0000020c8010d340]
Event: 8.154 Thread 0x0000020cf8e62fe0 5302       3       java.lang.invoke.InvokerBytecodeGenerator::addMethod (725 bytes)
Event: 8.157 Thread 0x0000020cf8e62fe0 nmethod 5302 0x0000020c80109990 code [0x0000020c80109f00, 0x0000020c8010c318]
Event: 8.157 Thread 0x0000020cf8e62fe0 5300   !   3       java.lang.invoke.LambdaForm::lambdaName (49 bytes)
Event: 8.158 Thread 0x0000020cf8e62fe0 nmethod 5300 0x0000020c80109610 code [0x0000020c801097a0, 0x0000020c801098c8]
Event: 8.158 Thread 0x0000020cf8e62fe0 5301       3       java.lang.invoke.InvokerBytecodeGenerator::classFilePrologue (64 bytes)
Event: 8.159 Thread 0x0000020cf8e62fe0 nmethod 5301 0x0000020c803f3410 code [0x0000020c803f3660, 0x0000020c803f3d88]
Event: 8.159 Thread 0x0000020cf8e62fe0 5303       3       java.lang.invoke.InvokerBytecodeGenerator::methodPrologue (29 bytes)
Event: 8.159 Thread 0x0000020cf8e62fe0 nmethod 5303 0x0000020c803f2e10 code [0x0000020c803f2fe0, 0x0000020c803f3288]
Event: 8.159 Thread 0x0000020cf8e62fe0 5304       3       java.lang.invoke.InvokerBytecodeGenerator::emitReturn (107 bytes)
Event: 8.160 Thread 0x0000020cf8e62fe0 nmethod 5304 0x0000020c803f2510 code [0x0000020c803f2720, 0x0000020c803f2be8]
Event: 8.160 Thread 0x0000020cf8e62fe0 5305       3       java.lang.invoke.InvokerBytecodeGenerator::methodEpilogue (17 bytes)
Event: 8.160 Thread 0x0000020cf8e62fe0 nmethod 5305 0x0000020c803f1f90 code [0x0000020c803f2160, 0x0000020c803f2418]
Event: 8.163 Thread 0x0000020cf8e61530 nmethod 5279 0x0000020c87bc6190 code [0x0000020c87bc6520, 0x0000020c87bc90e8]
Event: 8.166 Thread 0x0000020cf8e61530 5290       4       org.eclipse.osgi.internal.loader.classpath.ClasspathManager::findLocalClassImpl (55 bytes)
Event: 8.168 Thread 0x0000020cf8e61530 nmethod 5290 0x0000020c87bdff90 code [0x0000020c87be0120, 0x0000020c87be02b8]
Event: 8.169 Thread 0x0000020cf8e61530 5288   !   4       java.util.zip.ZipFile$Source::readFullyAt (74 bytes)

GC Heap History (20 events):
Event: 5.962 GC heap before
{Heap before GC invocations=9 (full 1):
 PSYoungGen      total 29184K, used 24576K [0x00000000d5580000, 0x00000000d7780000, 0x0000000100000000)
  eden space 24576K, 100% used [0x00000000d5580000,0x00000000d6d80000,0x00000000d6d80000)
  from space 4608K, 0% used [0x00000000d6e80000,0x00000000d6e80000,0x00000000d7300000)
  to   space 4608K, 0% used [0x00000000d7300000,0x00000000d7300000,0x00000000d7780000)
 ParOldGen       total 68608K, used 13331K [0x0000000080000000, 0x0000000084300000, 0x00000000d5580000)
  object space 68608K, 19% used [0x0000000080000000,0x0000000080d04c58,0x0000000084300000)
 Metaspace       used 22607K, committed 23552K, reserved 1114112K
  class space    used 2390K, committed 2752K, reserved 1048576K
}
Event: 5.963 GC heap after
{Heap after GC invocations=9 (full 1):
 PSYoungGen      total 25600K, used 1147K [0x00000000d5580000, 0x00000000d7480000, 0x0000000100000000)
  eden space 24064K, 0% used [0x00000000d5580000,0x00000000d5580000,0x00000000d6d00000)
  from space 1536K, 74% used [0x00000000d7300000,0x00000000d741ed40,0x00000000d7480000)
  to   space 2560K, 0% used [0x00000000d6f80000,0x00000000d6f80000,0x00000000d7200000)
 ParOldGen       total 68608K, used 13339K [0x0000000080000000, 0x0000000084300000, 0x00000000d5580000)
  object space 68608K, 19% used [0x0000000080000000,0x0000000080d06c58,0x0000000084300000)
 Metaspace       used 22607K, committed 23552K, reserved 1114112K
  class space    used 2390K, committed 2752K, reserved 1048576K
}
Event: 6.110 GC heap before
{Heap before GC invocations=10 (full 1):
 PSYoungGen      total 25600K, used 25161K [0x00000000d5580000, 0x00000000d7480000, 0x0000000100000000)
  eden space 24064K, 99% used [0x00000000d5580000,0x00000000d6cf38b8,0x00000000d6d00000)
  from space 1536K, 74% used [0x00000000d7300000,0x00000000d741ed40,0x00000000d7480000)
  to   space 2560K, 0% used [0x00000000d6f80000,0x00000000d6f80000,0x00000000d7200000)
 ParOldGen       total 68608K, used 13339K [0x0000000080000000, 0x0000000084300000, 0x00000000d5580000)
  object space 68608K, 19% used [0x0000000080000000,0x0000000080d06c58,0x0000000084300000)
 Metaspace       used 26255K, committed 27200K, reserved 1114112K
  class space    used 2660K, committed 3072K, reserved 1048576K
}
Event: 6.112 GC heap after
{Heap after GC invocations=10 (full 1):
 PSYoungGen      total 26112K, used 1366K [0x00000000d5580000, 0x00000000d7380000, 0x0000000100000000)
  eden space 23552K, 0% used [0x00000000d5580000,0x00000000d5580000,0x00000000d6c80000)
  from space 2560K, 53% used [0x00000000d6f80000,0x00000000d70d59f0,0x00000000d7200000)
  to   space 1536K, 0% used [0x00000000d7200000,0x00000000d7200000,0x00000000d7380000)
 ParOldGen       total 68608K, used 13339K [0x0000000080000000, 0x0000000084300000, 0x00000000d5580000)
  object space 68608K, 19% used [0x0000000080000000,0x0000000080d06c58,0x0000000084300000)
 Metaspace       used 26255K, committed 27200K, reserved 1114112K
  class space    used 2660K, committed 3072K, reserved 1048576K
}
Event: 6.290 GC heap before
{Heap before GC invocations=11 (full 1):
 PSYoungGen      total 26112K, used 24918K [0x00000000d5580000, 0x00000000d7380000, 0x0000000100000000)
  eden space 23552K, 100% used [0x00000000d5580000,0x00000000d6c80000,0x00000000d6c80000)
  from space 2560K, 53% used [0x00000000d6f80000,0x00000000d70d59f0,0x00000000d7200000)
  to   space 1536K, 0% used [0x00000000d7200000,0x00000000d7200000,0x00000000d7380000)
 ParOldGen       total 68608K, used 13339K [0x0000000080000000, 0x0000000084300000, 0x00000000d5580000)
  object space 68608K, 19% used [0x0000000080000000,0x0000000080d06c58,0x0000000084300000)
 Metaspace       used 27932K, committed 28864K, reserved 1114112K
  class space    used 2784K, committed 3200K, reserved 1048576K
}
Event: 6.293 GC heap after
{Heap after GC invocations=11 (full 1):
 PSYoungGen      total 24064K, used 1006K [0x00000000d5580000, 0x00000000d7300000, 0x0000000100000000)
  eden space 23040K, 0% used [0x00000000d5580000,0x00000000d5580000,0x00000000d6c00000)
  from space 1024K, 98% used [0x00000000d7200000,0x00000000d72fb890,0x00000000d7300000)
  to   space 1536K, 0% used [0x00000000d7000000,0x00000000d7000000,0x00000000d7180000)
 ParOldGen       total 68608K, used 15877K [0x0000000080000000, 0x0000000084300000, 0x00000000d5580000)
  object space 68608K, 23% used [0x0000000080000000,0x0000000080f81688,0x0000000084300000)
 Metaspace       used 27932K, committed 28864K, reserved 1114112K
  class space    used 2784K, committed 3200K, reserved 1048576K
}
Event: 6.705 GC heap before
{Heap before GC invocations=12 (full 1):
 PSYoungGen      total 24064K, used 24046K [0x00000000d5580000, 0x00000000d7300000, 0x0000000100000000)
  eden space 23040K, 100% used [0x00000000d5580000,0x00000000d6c00000,0x00000000d6c00000)
  from space 1024K, 98% used [0x00000000d7200000,0x00000000d72fb890,0x00000000d7300000)
  to   space 1536K, 0% used [0x00000000d7000000,0x00000000d7000000,0x00000000d7180000)
 ParOldGen       total 68608K, used 15877K [0x0000000080000000, 0x0000000084300000, 0x00000000d5580000)
  object space 68608K, 23% used [0x0000000080000000,0x0000000080f81688,0x0000000084300000)
 Metaspace       used 31182K, committed 32320K, reserved 1114112K
  class space    used 3137K, committed 3648K, reserved 1048576K
}
Event: 6.708 GC heap after
{Heap after GC invocations=12 (full 1):
 PSYoungGen      total 24064K, used 1513K [0x00000000d5580000, 0x00000000d7280000, 0x0000000100000000)
  eden space 22528K, 0% used [0x00000000d5580000,0x00000000d5580000,0x00000000d6b80000)
  from space 1536K, 98% used [0x00000000d7000000,0x00000000d717a460,0x00000000d7180000)
  to   space 1024K, 0% used [0x00000000d7180000,0x00000000d7180000,0x00000000d7280000)
 ParOldGen       total 68608K, used 17163K [0x0000000080000000, 0x0000000084300000, 0x00000000d5580000)
  object space 68608K, 25% used [0x0000000080000000,0x00000000810c2ea8,0x0000000084300000)
 Metaspace       used 31182K, committed 32320K, reserved 1114112K
  class space    used 3137K, committed 3648K, reserved 1048576K
}
Event: 6.942 GC heap before
{Heap before GC invocations=13 (full 1):
 PSYoungGen      total 24064K, used 24041K [0x00000000d5580000, 0x00000000d7280000, 0x0000000100000000)
  eden space 22528K, 100% used [0x00000000d5580000,0x00000000d6b80000,0x00000000d6b80000)
  from space 1536K, 98% used [0x00000000d7000000,0x00000000d717a460,0x00000000d7180000)
  to   space 1024K, 0% used [0x00000000d7180000,0x00000000d7180000,0x00000000d7280000)
 ParOldGen       total 68608K, used 17163K [0x0000000080000000, 0x0000000084300000, 0x00000000d5580000)
  object space 68608K, 25% used [0x0000000080000000,0x00000000810c2ea8,0x0000000084300000)
 Metaspace       used 33829K, committed 34944K, reserved 1114112K
  class space    used 3468K, committed 3968K, reserved 1048576K
}
Event: 6.946 GC heap after
{Heap after GC invocations=13 (full 1):
 PSYoungGen      total 23040K, used 1008K [0x00000000d5580000, 0x00000000d7300000, 0x0000000100000000)
  eden space 22016K, 0% used [0x00000000d5580000,0x00000000d5580000,0x00000000d6b00000)
  from space 1024K, 98% used [0x00000000d7180000,0x00000000d727c010,0x00000000d7280000)
  to   space 4096K, 0% used [0x00000000d6b00000,0x00000000d6b00000,0x00000000d6f00000)
 ParOldGen       total 68608K, used 19881K [0x0000000080000000, 0x0000000084300000, 0x00000000d5580000)
  object space 68608K, 28% used [0x0000000080000000,0x000000008136a7b8,0x0000000084300000)
 Metaspace       used 33829K, committed 34944K, reserved 1114112K
  class space    used 3468K, committed 3968K, reserved 1048576K
}
Event: 7.072 GC heap before
{Heap before GC invocations=14 (full 1):
 PSYoungGen      total 23040K, used 9743K [0x00000000d5580000, 0x00000000d7300000, 0x0000000100000000)
  eden space 22016K, 39% used [0x00000000d5580000,0x00000000d5e07ce8,0x00000000d6b00000)
  from space 1024K, 98% used [0x00000000d7180000,0x00000000d727c010,0x00000000d7280000)
  to   space 4096K, 0% used [0x00000000d6b00000,0x00000000d6b00000,0x00000000d6f00000)
 ParOldGen       total 68608K, used 19881K [0x0000000080000000, 0x0000000084300000, 0x00000000d5580000)
  object space 68608K, 28% used [0x0000000080000000,0x000000008136a7b8,0x0000000084300000)
 Metaspace       used 34790K, committed 35840K, reserved 1114112K
  class space    used 3594K, committed 4032K, reserved 1048576K
}
Event: 7.074 GC heap after
{Heap after GC invocations=14 (full 1):
 PSYoungGen      total 26112K, used 624K [0x00000000d5580000, 0x00000000d7200000, 0x0000000100000000)
  eden space 22016K, 0% used [0x00000000d5580000,0x00000000d5580000,0x00000000d6b00000)
  from space 4096K, 15% used [0x00000000d6b00000,0x00000000d6b9c210,0x00000000d6f00000)
  to   space 2048K, 0% used [0x00000000d7000000,0x00000000d7000000,0x00000000d7200000)
 ParOldGen       total 68608K, used 20839K [0x0000000080000000, 0x0000000084300000, 0x00000000d5580000)
  object space 68608K, 30% used [0x0000000080000000,0x0000000081459ea8,0x0000000084300000)
 Metaspace       used 34790K, committed 35840K, reserved 1114112K
  class space    used 3594K, committed 4032K, reserved 1048576K
}
Event: 7.074 GC heap before
{Heap before GC invocations=15 (full 2):
 PSYoungGen      total 26112K, used 624K [0x00000000d5580000, 0x00000000d7200000, 0x0000000100000000)
  eden space 22016K, 0% used [0x00000000d5580000,0x00000000d5580000,0x00000000d6b00000)
  from space 4096K, 15% used [0x00000000d6b00000,0x00000000d6b9c210,0x00000000d6f00000)
  to   space 2048K, 0% used [0x00000000d7000000,0x00000000d7000000,0x00000000d7200000)
 ParOldGen       total 68608K, used 20839K [0x0000000080000000, 0x0000000084300000, 0x00000000d5580000)
  object space 68608K, 30% used [0x0000000080000000,0x0000000081459ea8,0x0000000084300000)
 Metaspace       used 34790K, committed 35840K, reserved 1114112K
  class space    used 3594K, committed 4032K, reserved 1048576K
}
Event: 7.112 GC heap after
{Heap after GC invocations=15 (full 2):
 PSYoungGen      total 26112K, used 0K [0x00000000d5580000, 0x00000000d7200000, 0x0000000100000000)
  eden space 22016K, 0% used [0x00000000d5580000,0x00000000d5580000,0x00000000d6b00000)
  from space 4096K, 0% used [0x00000000d6b00000,0x00000000d6b00000,0x00000000d6f00000)
  to   space 2048K, 0% used [0x00000000d7000000,0x00000000d7000000,0x00000000d7200000)
 ParOldGen       total 68608K, used 20399K [0x0000000080000000, 0x0000000084300000, 0x00000000d5580000)
  object space 68608K, 29% used [0x0000000080000000,0x00000000813ebdf0,0x0000000084300000)
 Metaspace       used 34790K, committed 35840K, reserved 1114112K
  class space    used 3594K, committed 4032K, reserved 1048576K
}
Event: 7.366 GC heap before
{Heap before GC invocations=16 (full 2):
 PSYoungGen      total 26112K, used 22016K [0x00000000d5580000, 0x00000000d7200000, 0x0000000100000000)
  eden space 22016K, 100% used [0x00000000d5580000,0x00000000d6b00000,0x00000000d6b00000)
  from space 4096K, 0% used [0x00000000d6b00000,0x00000000d6b00000,0x00000000d6f00000)
  to   space 2048K, 0% used [0x00000000d7000000,0x00000000d7000000,0x00000000d7200000)
 ParOldGen       total 68608K, used 20399K [0x0000000080000000, 0x0000000084300000, 0x00000000d5580000)
  object space 68608K, 29% used [0x0000000080000000,0x00000000813ebdf0,0x0000000084300000)
 Metaspace       used 36893K, committed 38016K, reserved 1114112K
  class space    used 3877K, committed 4416K, reserved 1048576K
}
Event: 7.369 GC heap after
{Heap after GC invocations=16 (full 2):
 PSYoungGen      total 24064K, used 2026K [0x00000000d5580000, 0x00000000d7500000, 0x0000000100000000)
  eden space 22016K, 0% used [0x00000000d5580000,0x00000000d5580000,0x00000000d6b00000)
  from space 2048K, 98% used [0x00000000d7000000,0x00000000d71fa820,0x00000000d7200000)
  to   space 5120K, 0% used [0x00000000d6b00000,0x00000000d6b00000,0x00000000d7000000)
 ParOldGen       total 68608K, used 22693K [0x0000000080000000, 0x0000000084300000, 0x00000000d5580000)
  object space 68608K, 33% used [0x0000000080000000,0x0000000081629620,0x0000000084300000)
 Metaspace       used 36893K, committed 38016K, reserved 1114112K
  class space    used 3877K, committed 4416K, reserved 1048576K
}
Event: 7.601 GC heap before
{Heap before GC invocations=17 (full 2):
 PSYoungGen      total 24064K, used 24042K [0x00000000d5580000, 0x00000000d7500000, 0x0000000100000000)
  eden space 22016K, 100% used [0x00000000d5580000,0x00000000d6b00000,0x00000000d6b00000)
  from space 2048K, 98% used [0x00000000d7000000,0x00000000d71fa820,0x00000000d7200000)
  to   space 5120K, 0% used [0x00000000d6b00000,0x00000000d6b00000,0x00000000d7000000)
 ParOldGen       total 68608K, used 22693K [0x0000000080000000, 0x0000000084300000, 0x00000000d5580000)
  object space 68608K, 33% used [0x0000000080000000,0x0000000081629620,0x0000000084300000)
 Metaspace       used 38299K, committed 39424K, reserved 1114112K
  class space    used 4072K, committed 4608K, reserved 1048576K
}
Event: 7.605 GC heap after
{Heap after GC invocations=17 (full 2):
 PSYoungGen      total 27136K, used 5101K [0x00000000d5580000, 0x00000000d7e00000, 0x0000000100000000)
  eden space 22016K, 0% used [0x00000000d5580000,0x00000000d5580000,0x00000000d6b00000)
  from space 5120K, 99% used [0x00000000d6b00000,0x00000000d6ffb6c0,0x00000000d7000000)
  to   space 9728K, 0% used [0x00000000d7480000,0x00000000d7480000,0x00000000d7e00000)
 ParOldGen       total 68608K, used 26058K [0x0000000080000000, 0x0000000084300000, 0x00000000d5580000)
  object space 68608K, 37% used [0x0000000080000000,0x0000000081972ae0,0x0000000084300000)
 Metaspace       used 38299K, committed 39424K, reserved 1114112K
  class space    used 4072K, committed 4608K, reserved 1048576K
}
Event: 7.909 GC heap before
{Heap before GC invocations=18 (full 2):
 PSYoungGen      total 27136K, used 27115K [0x00000000d5580000, 0x00000000d7e00000, 0x0000000100000000)
  eden space 22016K, 99% used [0x00000000d5580000,0x00000000d6aff7d0,0x00000000d6b00000)
  from space 5120K, 99% used [0x00000000d6b00000,0x00000000d6ffb6c0,0x00000000d7000000)
  to   space 9728K, 0% used [0x00000000d7480000,0x00000000d7480000,0x00000000d7e00000)
 ParOldGen       total 68608K, used 26058K [0x0000000080000000, 0x0000000084300000, 0x00000000d5580000)
  object space 68608K, 37% used [0x0000000080000000,0x0000000081972ae0,0x0000000084300000)
 Metaspace       used 39764K, committed 40960K, reserved 1114112K
  class space    used 4266K, committed 4800K, reserved 1048576K
}
Event: 7.913 GC heap after
{Heap after GC invocations=18 (full 2):
 PSYoungGen      total 23040K, used 627K [0x00000000d5580000, 0x00000000d7580000, 0x0000000100000000)
  eden space 22016K, 0% used [0x00000000d5580000,0x00000000d5580000,0x00000000d6b00000)
  from space 1024K, 61% used [0x00000000d7480000,0x00000000d751cef8,0x00000000d7580000)
  to   space 3584K, 0% used [0x00000000d6e80000,0x00000000d6e80000,0x00000000d7200000)
 ParOldGen       total 68608K, used 31057K [0x0000000080000000, 0x0000000084300000, 0x00000000d5580000)
  object space 68608K, 45% used [0x0000000080000000,0x0000000081e54688,0x0000000084300000)
 Metaspace       used 39764K, committed 40960K, reserved 1114112K
  class space    used 4266K, committed 4800K, reserved 1048576K
}

Dll operation events (10 events):
Event: 0.019 Loaded shared library c:\Users\siddu\.cursor\extensions\redhat.java-1.54.0-win32-x64\jre\21.0.10-win32-x86_64\bin\java.dll
Event: 0.107 Loaded shared library c:\Users\siddu\.cursor\extensions\redhat.java-1.54.0-win32-x64\jre\21.0.10-win32-x86_64\bin\zip.dll
Event: 0.143 Loaded shared library C:\Users\siddu\.cursor\extensions\redhat.java-1.54.0-win32-x64\jre\21.0.10-win32-x86_64\bin\instrument.dll
Event: 0.150 Loaded shared library C:\Users\siddu\.cursor\extensions\redhat.java-1.54.0-win32-x64\jre\21.0.10-win32-x86_64\bin\net.dll
Event: 0.155 Loaded shared library C:\Users\siddu\.cursor\extensions\redhat.java-1.54.0-win32-x64\jre\21.0.10-win32-x86_64\bin\nio.dll
Event: 0.159 Loaded shared library C:\Users\siddu\.cursor\extensions\redhat.java-1.54.0-win32-x64\jre\21.0.10-win32-x86_64\bin\zip.dll
Event: 0.183 Loaded shared library C:\Users\siddu\.cursor\extensions\redhat.java-1.54.0-win32-x64\jre\21.0.10-win32-x86_64\bin\jimage.dll
Event: 0.303 Loaded shared library c:\Users\siddu\.cursor\extensions\redhat.java-1.54.0-win32-x64\jre\21.0.10-win32-x86_64\bin\verify.dll
Event: 2.078 Loaded shared library C:\Users\siddu\AppData\Roaming\Cursor\User\globalStorage\redhat.java\1.54.0\config_win\org.eclipse.equinox.launcher\org.eclipse.equinox.launcher.win32.win32.x86_64_1.3.0.v20260203-2149\eclipse_11919.dll
Event: 5.184 Loaded shared library C:\Users\siddu\AppData\Local\Temp\jna-109432287\jna5289390620602599673.dll

Deoptimization events (20 events):
Event: 7.497 Thread 0x0000020cff42c4f0 DEOPT PACKING pc=0x0000020c87b85818 sp=0x000000a6899fd640
Event: 7.497 Thread 0x0000020cff42c4f0 DEOPT UNPACKING pc=0x0000020c87583aa2 sp=0x000000a6899fd558 mode 2
Event: 7.550 Thread 0x0000020cd95ea1d0 Uncommon trap: trap_request=0xfffffff4 fr.pc=0x0000020c87c7ee58 relative=0x0000000000000398
Event: 7.550 Thread 0x0000020cd95ea1d0 Uncommon trap: reason=null_check action=make_not_entrant pc=0x0000020c87c7ee58 method=sun.invoke.util.VerifyType.isNullConversion(Ljava/lang/Class;Ljava/lang/Class;Z)Z @ 12 c2
Event: 7.550 Thread 0x0000020cd95ea1d0 DEOPT PACKING pc=0x0000020c87c7ee58 sp=0x000000a68a7fcb20
Event: 7.550 Thread 0x0000020cd95ea1d0 DEOPT UNPACKING pc=0x0000020c87583aa2 sp=0x000000a68a7fcaa8 mode 2
Event: 7.551 Thread 0x0000020cd95ea1d0 Uncommon trap: trap_request=0xffffff45 fr.pc=0x0000020c87b34b2c relative=0x000000000000010c
Event: 7.551 Thread 0x0000020cd95ea1d0 Uncommon trap: reason=unstable_if action=reinterpret pc=0x0000020c87b34b2c method=jdk.internal.org.objectweb.asm.ByteVector.putShort(I)Ljdk/internal/org/objectweb/asm/ByteVector; @ 13 c2
Event: 7.551 Thread 0x0000020cd95ea1d0 DEOPT PACKING pc=0x0000020c87b34b2c sp=0x000000a68a7fc6c0
Event: 7.551 Thread 0x0000020cd95ea1d0 DEOPT UNPACKING pc=0x0000020c87583aa2 sp=0x000000a68a7fc648 mode 2
Event: 7.559 Thread 0x0000020cff42c4f0 Uncommon trap: trap_request=0xffffff45 fr.pc=0x0000020c87c120d4 relative=0x0000000000000134
Event: 7.559 Thread 0x0000020cff42c4f0 Uncommon trap: reason=unstable_if action=reinterpret pc=0x0000020c87c120d4 method=java.util.ArrayList.indexOfRange(Ljava/lang/Object;II)I @ 7 c2
Event: 7.559 Thread 0x0000020cff42c4f0 DEOPT PACKING pc=0x0000020c87c120d4 sp=0x000000a6899fe2b0
Event: 7.559 Thread 0x0000020cff42c4f0 DEOPT UNPACKING pc=0x0000020c87583aa2 sp=0x000000a6899fe170 mode 2
Event: 7.569 Thread 0x0000020cff42c4f0 Uncommon trap: trap_request=0xffffff45 fr.pc=0x0000020c87c06dc4 relative=0x0000000000000124
Event: 7.569 Thread 0x0000020cff42c4f0 Uncommon trap: reason=unstable_if action=reinterpret pc=0x0000020c87c06dc4 method=java.util.ArrayList.indexOfRange(Ljava/lang/Object;II)I @ 7 c2
Event: 7.569 Thread 0x0000020cff42c4f0 DEOPT PACKING pc=0x0000020c87c06dc4 sp=0x000000a6899fe250
Event: 7.569 Thread 0x0000020cff42c4f0 DEOPT UNPACKING pc=0x0000020c87583aa2 sp=0x000000a6899fe1d0 mode 2
Event: 7.723 Thread 0x0000020cff42c4f0 DEOPT PACKING pc=0x0000020c805b14d3 sp=0x000000a6899fe030
Event: 7.723 Thread 0x0000020cff42c4f0 DEOPT UNPACKING pc=0x0000020c87584242 sp=0x000000a6899fd4a0 mode 0

Classes loaded (20 events):
Event: 7.269 Loading class sun/reflect/annotation/AnnotatedTypeFactory$AnnotatedTypeBaseImpl
Event: 7.270 Loading class sun/reflect/annotation/AnnotatedTypeFactory$AnnotatedTypeBaseImpl done
Event: 7.319 Loading class sun/reflect/generics/repository/FieldRepository
Event: 7.319 Loading class sun/reflect/generics/repository/FieldRepository done
Event: 7.331 Loading class java/util/concurrent/ForkJoinTask$AdaptedCallable
Event: 7.332 Loading class java/util/concurrent/ForkJoinTask$AdaptedCallable done
Event: 7.409 Loading class java/lang/annotation/ElementType
Event: 7.409 Loading class java/lang/annotation/ElementType done
Event: 7.531 Loading class java/lang/annotation/IncompleteAnnotationException
Event: 7.532 Loading class java/lang/annotation/IncompleteAnnotationException done
Event: 7.549 Loading class java/lang/invoke/MethodHandleImpl$CountingWrapper
Event: 7.550 Loading class java/lang/invoke/MethodHandleImpl$CountingWrapper done
Event: 7.582 Loading class java/lang/foreign/MemorySegment
Event: 7.583 Loading class java/lang/foreign/MemorySegment done
Event: 7.900 Loading class sun/reflect/annotation/AnnotatedTypeFactory$AnnotatedParameterizedTypeImpl
Event: 7.900 Loading class java/lang/reflect/AnnotatedParameterizedType
Event: 7.900 Loading class java/lang/reflect/AnnotatedParameterizedType done
Event: 7.900 Loading class sun/reflect/annotation/AnnotatedTypeFactory$AnnotatedParameterizedTypeImpl done
Event: 8.158 Loading class java/util/concurrent/CompletionService
Event: 8.158 Loading class java/util/concurrent/CompletionService done

Classes unloaded (7 events):
Event: 5.727 Thread 0x0000020cf8f6eba0 Unloading class 0x0000020c941a9400 'java/lang/invoke/LambdaForm$MH+0x0000020c941a9400'
Event: 5.727 Thread 0x0000020cf8f6eba0 Unloading class 0x0000020c941a9000 'java/lang/invoke/LambdaForm$MH+0x0000020c941a9000'
Event: 5.727 Thread 0x0000020cf8f6eba0 Unloading class 0x0000020c941a8c00 'java/lang/invoke/LambdaForm$MH+0x0000020c941a8c00'
Event: 5.727 Thread 0x0000020cf8f6eba0 Unloading class 0x0000020c941a8800 'java/lang/invoke/LambdaForm$MH+0x0000020c941a8800'
Event: 5.727 Thread 0x0000020cf8f6eba0 Unloading class 0x0000020c941a8400 'java/lang/invoke/LambdaForm$BMH+0x0000020c941a8400'
Event: 5.727 Thread 0x0000020cf8f6eba0 Unloading class 0x0000020c941a8000 'java/lang/invoke/LambdaForm$DMH+0x0000020c941a8000'
Event: 5.727 Thread 0x0000020cf8f6eba0 Unloading class 0x0000020c941a6c00 'java/lang/invoke/LambdaForm$DMH+0x0000020c941a6c00'

Classes redefined (0 events):
No events

Internal exceptions (20 events):
Event: 6.948 Thread 0x0000020cff42aab0 Exception <a 'sun/nio/fs/WindowsException'{0x00000000d5589b60}> (0x00000000d5589b60) 
thrown [s\src\hotspot\share\prims\jni.cpp, line 520]
Event: 6.948 Thread 0x0000020cff42aab0 Exception <a 'sun/nio/fs/WindowsException'{0x00000000d558a190}> (0x00000000d558a190) 
thrown [s\src\hotspot\share\prims\jni.cpp, line 520]
Event: 6.966 Thread 0x0000020cff42aab0 Exception <a 'sun/nio/fs/WindowsException'{0x00000000d56b6ee0}> (0x00000000d56b6ee0) 
thrown [s\src\hotspot\share\prims\jni.cpp, line 520]
Event: 6.967 Thread 0x0000020cff42aab0 Exception <a 'sun/nio/fs/WindowsException'{0x00000000d56b7510}> (0x00000000d56b7510) 
thrown [s\src\hotspot\share\prims\jni.cpp, line 520]
Event: 7.137 Thread 0x0000020cff42aab0 Exception <a 'sun/nio/fs/WindowsException'{0x00000000d583bd50}> (0x00000000d583bd50) 
thrown [s\src\hotspot\share\prims\jni.cpp, line 520]
Event: 7.164 Thread 0x0000020cff42aab0 Exception <a 'java/io/FileNotFoundException'{0x00000000d5ad7e78}> (0x00000000d5ad7e78) 
thrown [s\src\hotspot\share\prims\jni.cpp, line 520]
Event: 7.164 Thread 0x0000020cff42aab0 Exception <a 'java/io/FileNotFoundException'{0x00000000d5ad9448}> (0x00000000d5ad9448) 
thrown [s\src\hotspot\share\prims\jni.cpp, line 520]
Event: 7.167 Thread 0x0000020cff42aab0 Exception <a 'java/lang/NoSuchMethodError'{0x00000000d5b05f30}: 'java.lang.Object java.lang.invoke.DirectMethodHandle$Holder.newInvokeSpecial(java.lang.Object, java.lang.Object, java.lang.Object, int)'> (0x00000000d5b05f30) 
thrown [s\src\hotspot\share\interpreter\linkResolver.cpp, line 773]
Event: 7.168 Thread 0x0000020cff42aab0 Exception <a 'java/lang/NoSuchMethodError'{0x00000000d5b09ba8}: 'java.lang.Object java.lang.invoke.DirectMethodHandle$Holder.invokeSpecial(java.lang.Object, java.lang.Object, java.lang.Object, java.lang.Object, int)'> (0x00000000d5b09ba8) 
thrown [s\src\hotspot\share\interpreter\linkResolver.cpp, line 773]
Event: 7.169 Thread 0x0000020cff42aab0 Exception <a 'java/lang/NoSuchMethodError'{0x00000000d5b522c0}: 'java.lang.Object java.lang.invoke.Invokers$Holder.linkToTargetMethod(java.lang.Object, java.lang.Object, int, java.lang.Object)'> (0x00000000d5b522c0) 
thrown [s\src\hotspot\share\interpreter\linkResolver.cpp, line 773]
Event: 7.171 Thread 0x0000020cff42aab0 Exception <a 'java/lang/NoSuchMethodError'{0x00000000d5b5e230}: 'void java.lang.invoke.DirectMethodHandle$Holder.invokeStaticInit(java.lang.Object, java.lang.Object, java.lang.Object)'> (0x00000000d5b5e230) 
thrown [s\src\hotspot\share\interpreter\linkResolver.cpp, line 773]
Event: 7.197 Thread 0x0000020cf6ab8160 Exception <a 'java/lang/NoSuchMethodError'{0x00000000d5ce28c8}: 'void java.lang.invoke.DirectMethodHandle$Holder.invokeSpecial(java.lang.Object, java.lang.Object, java.lang.Object, java.lang.Object, java.lang.Object, java.lang.Object)'> (0x00000000d5ce28c8) 
thrown [s\src\hotspot\share\interpreter\linkResolver.cpp, line 773]
Event: 7.199 Thread 0x0000020cf6ab8160 Exception <a 'java/lang/IncompatibleClassChangeError'{0x00000000d5cfc390}: Found class java.lang.Object, but interface was expected> (0x00000000d5cfc390) 
thrown [s\src\hotspot\share\interpreter\linkResolver.cpp, line 840]
Event: 7.200 Thread 0x0000020cf6ab8160 Exception <a 'java/lang/IncompatibleClassChangeError'{0x00000000d5cfe250}: Found class java.lang.Object, but interface was expected> (0x00000000d5cfe250) 
thrown [s\src\hotspot\share\interpreter\linkResolver.cpp, line 840]
Event: 7.518 Thread 0x0000020cd95ea1d0 Exception <a 'java/io/FileNotFoundException'{0x00000000d632bab8}> (0x00000000d632bab8) 
thrown [s\src\hotspot\share\prims\jni.cpp, line 520]
Event: 7.532 Thread 0x0000020cff42c4f0 Exception <a 'java/lang/NoClassDefFoundError'{0x00000000d642f800}: javax/enterprise/inject/Typed> (0x00000000d642f800) 
thrown [s\src\hotspot\share\classfile\systemDictionary.cpp, line 301]
Event: 7.549 Thread 0x0000020cd95ea1d0 Exception <a 'java/lang/NoSuchMethodError'{0x00000000d65b2ee8}: 'java.lang.Object java.lang.invoke.DirectMethodHandle$Holder.invokeStatic(java.lang.Object, int, java.lang.Object, java.lang.Object)'> (0x00000000d65b2ee8) 
thrown [s\src\hotspot\share\interpreter\linkResolver.cpp, line 773]
Event: 7.549 Thread 0x0000020cd95ea1d0 Exception <a 'java/lang/NoSuchMethodError'{0x00000000d65b66e8}: 'java.lang.Object java.lang.invoke.DelegatingMethodHandle$Holder.delegate(java.lang.Object, int, java.lang.Object, java.lang.Object)'> (0x00000000d65b66e8) 
thrown [s\src\hotspot\share\interpreter\linkResolver.cpp, line 773]
Event: 7.550 Thread 0x0000020cd95ea1d0 Implicit null exception at 0x0000020c87c7eb00 to 0x0000020c87c7ee48
Event: 7.551 Thread 0x0000020cd95ea1d0 Exception <a 'java/lang/NoSuchMethodError'{0x00000000d65dea50}: 'int java.lang.invoke.Invokers$Holder.linkToTargetMethod(java.lang.Object, java.lang.Object, java.lang.Object)'> (0x00000000d65dea50) 
thrown [s\src\hotspot\share\interpreter\linkResolver.cpp, line 773]

ZGC Phase Switch (0 events):
No events

VM Operations (20 events):
Event: 6.864 Executing non-safepoint VM operation: HandshakeAllThreads (Deoptimize)
Event: 6.864 Executing non-safepoint VM operation: HandshakeAllThreads (Deoptimize) done
Event: 6.942 Executing safepoint VM operation: ParallelGCFailedAllocation (Allocation Failure)
Event: 6.946 Executing safepoint VM operation: ParallelGCFailedAllocation (Allocation Failure) done
Event: 7.072 Executing safepoint VM operation: CollectForMetadataAllocation (Metadata GC Threshold)
Event: 7.112 Executing safepoint VM operation: CollectForMetadataAllocation (Metadata GC Threshold) done
Event: 7.365 Executing safepoint VM operation: ParallelGCFailedAllocation (Allocation Failure)
Event: 7.370 Executing safepoint VM operation: ParallelGCFailedAllocation (Allocation Failure) done
Event: 7.507 Executing non-safepoint VM operation: HandshakeAllThreads (Deoptimize)
Event: 7.507 Executing non-safepoint VM operation: HandshakeAllThreads (Deoptimize) done
Event: 7.517 Executing non-safepoint VM operation: HandshakeAllThreads (Deoptimize)
Event: 7.517 Executing non-safepoint VM operation: HandshakeAllThreads (Deoptimize) done
Event: 7.601 Executing safepoint VM operation: ParallelGCFailedAllocation (Allocation Failure)
Event: 7.605 Executing safepoint VM operation: ParallelGCFailedAllocation (Allocation Failure) done
Event: 7.909 Executing safepoint VM operation: ParallelGCFailedAllocation (Allocation Failure)
Event: 7.913 Executing safepoint VM operation: ParallelGCFailedAllocation (Allocation Failure) done
Event: 7.947 Executing non-safepoint VM operation: HandshakeAllThreads (Deoptimize)
Event: 7.947 Executing non-safepoint VM operation: HandshakeAllThreads (Deoptimize) done
Event: 8.021 Executing non-safepoint VM operation: HandshakeAllThreads (Deoptimize)
Event: 8.021 Executing non-safepoint VM operation: HandshakeAllThreads (Deoptimize) done

Memory protections (0 events):
No events

Nmethod flushes (20 events):
Event: 7.092 Thread 0x0000020cf8f6eba0 flushing  nmethod 0x0000020c80622110
Event: 7.092 Thread 0x0000020cf8f6eba0 flushing  nmethod 0x0000020c80622510
Event: 7.092 Thread 0x0000020cf8f6eba0 flushing  nmethod 0x0000020c80622e10
Event: 7.092 Thread 0x0000020cf8f6eba0 flushing  nmethod 0x0000020c80625090
Event: 7.092 Thread 0x0000020cf8f6eba0 flushing  nmethod 0x0000020c80625d10
Event: 7.092 Thread 0x0000020cf8f6eba0 flushing  nmethod 0x0000020c80626490
Event: 7.092 Thread 0x0000020cf8f6eba0 flushing  nmethod 0x0000020c80627a10
Event: 7.092 Thread 0x0000020cf8f6eba0 flushing  nmethod 0x0000020c80627f10
Event: 7.092 Thread 0x0000020cf8f6eba0 flushing  nmethod 0x0000020c80629010
Event: 7.092 Thread 0x0000020cf8f6eba0 flushing  nmethod 0x0000020c80629490
Event: 7.092 Thread 0x0000020cf8f6eba0 flushing  nmethod 0x0000020c8062c510
Event: 7.092 Thread 0x0000020cf8f6eba0 flushing  nmethod 0x0000020c8062ca10
Event: 7.092 Thread 0x0000020cf8f6eba0 flushing  nmethod 0x0000020c80642710
Event: 7.092 Thread 0x0000020cf8f6eba0 flushing  nmethod 0x0000020c8065a890
Event: 7.092 Thread 0x0000020cf8f6eba0 flushing  nmethod 0x0000020c8065da90
Event: 7.092 Thread 0x0000020cf8f6eba0 flushing  nmethod 0x0000020c80663890
Event: 7.092 Thread 0x0000020cf8f6eba0 flushing  nmethod 0x0000020c8066c610
Event: 7.092 Thread 0x0000020cf8f6eba0 flushing  nmethod 0x0000020c806d5a90
Event: 7.092 Thread 0x0000020cf8f6eba0 flushing  nmethod 0x0000020c806d6b90
Event: 7.092 Thread 0x0000020cf8f6eba0 flushing  nmethod 0x0000020c806f9e90

Events (20 events):
Event: 6.750 Thread 0x0000020cf6ab8160 Thread added: 0x0000020cff429d90
Event: 6.751 Thread 0x0000020cf6ab8160 Thread added: 0x0000020cff42a420
Event: 6.751 Thread 0x0000020cf6ab8160 Thread added: 0x0000020cd92e3110
Event: 6.751 Thread 0x0000020cf6ab8160 Thread added: 0x0000020cd92e37a0
Event: 6.751 Thread 0x0000020cf6ab8160 Thread added: 0x0000020cd92e23f0
Event: 6.752 Thread 0x0000020cf6ab8160 Thread added: 0x0000020cd92e3e30
Event: 6.752 Thread 0x0000020cf6ab8160 Thread added: 0x0000020cd92e1040
Event: 6.752 Thread 0x0000020cf6ab8160 Thread added: 0x0000020cd92e16d0
Event: 6.752 Thread 0x0000020cf6ab8160 Thread added: 0x0000020cd92e44c0
Event: 6.776 Thread 0x0000020cf6ab8160 Thread added: 0x0000020cd92e1d60
Event: 6.849 Thread 0x0000020cff42c4f0 Thread added: 0x0000020cd92e2a80
Event: 7.241 Thread 0x0000020cf6ab8160 Thread added: 0x0000020cd95ebc10
Event: 7.241 Thread 0x0000020cf6ab8160 Thread added: 0x0000020cd95ea1d0
Event: 7.333 Thread 0x0000020cff42aab0 Thread added: 0x0000020cd95eaef0
Event: 7.334 Thread 0x0000020cff42aab0 Thread added: 0x0000020cd95ea860
Event: 7.334 Thread 0x0000020cd95eaef0 Thread added: 0x0000020cd95e94b0
Event: 7.334 Thread 0x0000020cd95ea860 Thread added: 0x0000020cd95e8790
Event: 7.335 Thread 0x0000020cd95e94b0 Thread added: 0x0000020cd95eb580
Event: 7.335 Thread 0x0000020cd95e8790 Thread added: 0x0000020cd95e9b40
Event: 7.336 Thread 0x0000020cd95eb580 Thread added: 0x0000020cd95ec2a0


Dynamic libraries:
0x00007ff767d30000 - 0x00007ff767d3e000 	c:\Users\siddu\.cursor\extensions\redhat.java-1.54.0-win32-x64\jre\21.0.10-win32-x86_64\bin\java.exe
0x00007ff97e0e0000 - 0x00007ff97e347000 	C:\Windows\SYSTEM32\ntdll.dll
0x00007ff97d030000 - 0x00007ff97d0f9000 	C:\Windows\System32\KERNEL32.DLL
0x00007ff97ad40000 - 0x00007ff97b137000 	C:\Windows\System32\KERNELBASE.dll
0x00007ff97ab10000 - 0x00007ff97ac5b000 	C:\Windows\System32\ucrtbase.dll
0x00007ff96d390000 - 0x00007ff96d3ae000 	c:\Users\siddu\.cursor\extensions\redhat.java-1.54.0-win32-x64\jre\21.0.10-win32-x86_64\bin\VCRUNTIME140.dll
0x00007ff96d440000 - 0x00007ff96d458000 	c:\Users\siddu\.cursor\extensions\redhat.java-1.54.0-win32-x64\jre\21.0.10-win32-x86_64\bin\jli.dll
0x00007ff97cd60000 - 0x00007ff97cf26000 	C:\Windows\System32\USER32.dll
0x00007ff97ad10000 - 0x00007ff97ad37000 	C:\Windows\System32\win32u.dll
0x00007ff97d270000 - 0x00007ff97d29b000 	C:\Windows\System32\GDI32.dll
0x00007ff97b140000 - 0x00007ff97b26c000 	C:\Windows\System32\gdi32full.dll
0x00007ff97ac60000 - 0x00007ff97ad03000 	C:\Windows\System32\msvcp_win.dll
0x00007ff96be80000 - 0x00007ff96c112000 	C:\Windows\WinSxS\amd64_microsoft.windows.common-controls_6595b64144ccf1df_6.0.26100.8457_none_3e0b2faee331e92d\COMCTL32.dll
0x00007ff97c9e0000 - 0x00007ff97ca89000 	C:\Windows\System32\msvcrt.dll
0x00007ff97c3b0000 - 0x00007ff97c3e2000 	C:\Windows\System32\IMM32.DLL
0x00007ff973400000 - 0x00007ff97340c000 	c:\Users\siddu\.cursor\extensions\redhat.java-1.54.0-win32-x64\jre\21.0.10-win32-x86_64\bin\vcruntime140_1.dll
0x00007ff94ffc0000 - 0x00007ff95004d000 	c:\Users\siddu\.cursor\extensions\redhat.java-1.54.0-win32-x64\jre\21.0.10-win32-x86_64\bin\msvcp140.dll
0x00007ff907650000 - 0x00007ff9083f1000 	c:\Users\siddu\.cursor\extensions\redhat.java-1.54.0-win32-x64\jre\21.0.10-win32-x86_64\bin\server\jvm.dll
0x00007ff97ca90000 - 0x00007ff97cb46000 	C:\Windows\System32\ADVAPI32.dll
0x00007ff97c850000 - 0x00007ff97c8f7000 	C:\Windows\System32\sechost.dll
0x00007ff97c720000 - 0x00007ff97c838000 	C:\Windows\System32\RPCRT4.dll
0x00007ff97dc20000 - 0x00007ff97dca0000 	C:\Windows\System32\WS2_32.dll
0x00007ff97a970000 - 0x00007ff97a9ce000 	C:\Windows\SYSTEM32\POWRPROF.dll
0x00007ff96c4a0000 - 0x00007ff96c4d6000 	C:\Windows\SYSTEM32\WINMM.dll
0x00007ff9734a0000 - 0x00007ff9734ab000 	C:\Windows\SYSTEM32\VERSION.dll
0x00007ff97a950000 - 0x00007ff97a964000 	C:\Windows\SYSTEM32\UMPDC.dll
0x00007ff979860000 - 0x00007ff97987b000 	C:\Windows\SYSTEM32\kernel.appcore.dll
0x00007ff96d510000 - 0x00007ff96d51a000 	c:\Users\siddu\.cursor\extensions\redhat.java-1.54.0-win32-x64\jre\21.0.10-win32-x86_64\bin\jimage.dll
0x00007ff978c10000 - 0x00007ff978e52000 	C:\Windows\SYSTEM32\DBGHELP.DLL
0x00007ff97dcb0000 - 0x00007ff97e033000 	C:\Windows\System32\combase.dll
0x00007ff97c900000 - 0x00007ff97c9d9000 	C:\Windows\System32\OLEAUT32.dll
0x00007ff957960000 - 0x00007ff95799b000 	C:\Windows\SYSTEM32\dbgcore.DLL
0x00007ff97b4b0000 - 0x00007ff97b558000 	C:\Windows\System32\bcryptPrimitives.dll
0x00007ff96cc00000 - 0x00007ff96cc0f000 	c:\Users\siddu\.cursor\extensions\redhat.java-1.54.0-win32-x64\jre\21.0.10-win32-x86_64\bin\instrument.dll
0x00007ff96cb40000 - 0x00007ff96cb60000 	c:\Users\siddu\.cursor\extensions\redhat.java-1.54.0-win32-x64\jre\21.0.10-win32-x86_64\bin\java.dll
0x00007ff97d2f0000 - 0x00007ff97da5e000 	C:\Windows\System32\SHELL32.dll
0x00007ff97b560000 - 0x00007ff97bdcc000 	C:\Windows\System32\windows.storage.dll
0x00007ff97c620000 - 0x00007ff97c716000 	C:\Windows\System32\SHCORE.dll
0x00007ff97cfc0000 - 0x00007ff97d026000 	C:\Windows\System32\shlwapi.dll
0x00007ff97aa30000 - 0x00007ff97aa59000 	C:\Windows\SYSTEM32\profapi.dll
0x00007ff96c990000 - 0x00007ff96c9a8000 	c:\Users\siddu\.cursor\extensions\redhat.java-1.54.0-win32-x64\jre\21.0.10-win32-x86_64\bin\zip.dll
0x00007ff96cbf0000 - 0x00007ff96cc00000 	C:\Users\siddu\.cursor\extensions\redhat.java-1.54.0-win32-x64\jre\21.0.10-win32-x86_64\bin\net.dll
0x00007ff971f60000 - 0x00007ff972089000 	C:\Windows\SYSTEM32\WINHTTP.dll
0x00007ff979db0000 - 0x00007ff979e1c000 	C:\Windows\system32\mswsock.dll
0x00007ff96c8a0000 - 0x00007ff96c8b6000 	C:\Users\siddu\.cursor\extensions\redhat.java-1.54.0-win32-x64\jre\21.0.10-win32-x86_64\bin\nio.dll
0x00007ff96c650000 - 0x00007ff96c660000 	c:\Users\siddu\.cursor\extensions\redhat.java-1.54.0-win32-x64\jre\21.0.10-win32-x86_64\bin\verify.dll
0x00007ff952990000 - 0x00007ff9529d5000 	C:\Users\siddu\AppData\Roaming\Cursor\User\globalStorage\redhat.java\1.54.0\config_win\org.eclipse.equinox.launcher\org.eclipse.equinox.launcher.win32.win32.x86_64_1.3.0.v20260203-2149\eclipse_11919.dll
0x00007ff97c3f0000 - 0x00007ff97c587000 	C:\Windows\System32\ole32.dll
0x00007ff97a1b0000 - 0x00007ff97a1cb000 	C:\Windows\SYSTEM32\CRYPTSP.dll
0x00007ff9797c0000 - 0x00007ff9797f9000 	C:\Windows\system32\rsaenh.dll
0x00007ff979e60000 - 0x00007ff979e93000 	C:\Windows\SYSTEM32\USERENV.dll
0x00007ff97aa00000 - 0x00007ff97aa2a000 	C:\Windows\SYSTEM32\bcrypt.dll
0x00007ff97a010000 - 0x00007ff97a01c000 	C:\Windows\SYSTEM32\CRYPTBASE.dll
0x00007ff979250000 - 0x00007ff979282000 	C:\Windows\SYSTEM32\IPHLPAPI.DLL
0x00007ff97cf30000 - 0x00007ff97cf3a000 	C:\Windows\System32\NSI.dll
0x00007ff9446c0000 - 0x00007ff944709000 	C:\Users\siddu\AppData\Local\Temp\jna-109432287\jna5289390620602599673.dll
0x00007ff97d260000 - 0x00007ff97d268000 	C:\Windows\System32\PSAPI.DLL
0x00007ff972520000 - 0x00007ff97253d000 	C:\Windows\SYSTEM32\dhcpcsvc6.DLL
0x00007ff9724f0000 - 0x00007ff972515000 	C:\Windows\SYSTEM32\dhcpcsvc.DLL

JVMTI agents:
c:\Users\siddu\.cursor\extensions\redhat.java-1.54.0-win32-x64\lombok\lombok-1.18.39-4050.jar path:c:\Users\siddu\.cursor\extensions\redhat.java-1.54.0-win32-x64\jre\21.0.10-win32-x86_64\bin\instrument.dll, loaded, initialized, instrumentlib options:none

dbghelp: loaded successfully - version: 4.0.5 - missing functions: none
symbol engine: initialized successfully - sym options: 0x614 - pdb path: .;c:\Users\siddu\.cursor\extensions\redhat.java-1.54.0-win32-x64\jre\21.0.10-win32-x86_64\bin;C:\Windows\SYSTEM32;C:\Windows\WinSxS\amd64_microsoft.windows.common-controls_6595b64144ccf1df_6.0.26100.8457_none_3e0b2faee331e92d;c:\Users\siddu\.cursor\extensions\redhat.java-1.54.0-win32-x64\jre\21.0.10-win32-x86_64\bin\server;C:\Users\siddu\AppData\Roaming\Cursor\User\globalStorage\redhat.java\1.54.0\config_win\org.eclipse.equinox.launcher\org.eclipse.equinox.launcher.win32.win32.x86_64_1.3.0.v20260203-2149;C:\Users\siddu\AppData\Local\Temp\jna-109432287

VM Arguments:
jvm_args: --add-modules=ALL-SYSTEM --add-opens=java.base/java.util=ALL-UNNAMED --add-opens=java.base/java.lang=ALL-UNNAMED --add-opens=java.base/sun.nio.fs=ALL-UNNAMED -Declipse.application=org.eclipse.jdt.ls.core.id1 -Dosgi.bundles.defaultStartLevel=4 -Declipse.product=org.eclipse.jdt.ls.core.product -Djava.import.generatesMetadataFilesAtProjectRoot=false -DDetectVMInstallationsJob.disabled=true -Dfile.encoding=utf8 -XX:+UseParallelGC -XX:GCTimeRatio=4 -XX:AdaptiveSizePolicyWeight=90 -Dsun.zip.disableMemoryMapping=true -Xmx2G -Xms100m -Xlog:disable -javaagent:c:\Users\siddu\.cursor\extensions\redhat.java-1.54.0-win32-x64\lombok\lombok-1.18.39-4050.jar -XX:+HeapDumpOnOutOfMemoryError -XX:HeapDumpPath=c:\Users\siddu\AppData\Roaming\Cursor\User\workspaceStorage\848d4c9def023cabf97f63f7242684c7\redhat.java -Daether.dependencyCollector.impl=bf 
java_command: c:\Users\siddu\.cursor\extensions\redhat.java-1.54.0-win32-x64\server\plugins\org.eclipse.equinox.launcher_1.7.100.v20251111-0406.jar -configuration c:\Users\siddu\AppData\Roaming\Cursor\User\globalStorage\redhat.java\1.54.0\config_win -data c:\Users\siddu\AppData\Roaming\Cursor\User\workspaceStorage\848d4c9def023cabf97f63f7242684c7\redhat.java\jdt_ws --pipe=\\.\pipe\lsp-817c26b66a9e9e1dc9b6c6f26659c027-sock
java_class_path (initial): c:\Users\siddu\.cursor\extensions\redhat.java-1.54.0-win32-x64\server\plugins\org.eclipse.equinox.launcher_1.7.100.v20251111-0406.jar
Launcher Type: SUN_STANDARD

[Global flags]
    uintx AdaptiveSizePolicyWeight                 = 90                                        {product} {command line}
     intx CICompilerCount                          = 4                                         {product} {ergonomic}
    uintx GCTimeRatio                              = 4                                         {product} {command line}
     bool HeapDumpOnOutOfMemoryError               = true                                   {manageable} {command line}
    ccstr HeapDumpPath                             = c:\Users\siddu\AppData\Roaming\Cursor\User\workspaceStorage\848d4c9def023cabf97f63f7242684c7\redhat.java         {manageable} {command line}
   size_t InitialHeapSize                          = 104857600                                 {product} {command line}
   size_t MaxHeapSize                              = 2147483648                                {product} {command line}
   size_t MaxNewSize                               = 715653120                                 {product} {ergonomic}
   size_t MinHeapDeltaBytes                        = 524288                                    {product} {ergonomic}
   size_t MinHeapSize                              = 104857600                                 {product} {command line}
   size_t NewSize                                  = 34603008                                  {product} {ergonomic}
    uintx NonNMethodCodeHeapSize                   = 5839372                                {pd product} {ergonomic}
    uintx NonProfiledCodeHeapSize                  = 122909434                              {pd product} {ergonomic}
   size_t OldSize                                  = 70254592                                  {product} {ergonomic}
    uintx ProfiledCodeHeapSize                     = 122909434                              {pd product} {ergonomic}
    uintx ReservedCodeCacheSize                    = 251658240                              {pd product} {ergonomic}
     bool SegmentedCodeCache                       = true                                      {product} {ergonomic}
   size_t SoftMaxHeapSize                          = 2147483648                             {manageable} {ergonomic}
     bool UseCompressedOops                        = true                           {product lp64_product} {ergonomic}
     bool UseLargePagesIndividualAllocation        = false                                  {pd product} {ergonomic}
     bool UseParallelGC                            = true                                      {product} {command line}

Logging:
Log output configuration:
 #0: stdout all=off uptime,level,tags foldmultilines=false
 #1: stderr all=off uptime,level,tags foldmultilines=false

Release file:
JAVA_VERSION="21.0.10" 
MODULES="java.base java.compiler java.datatransfer java.xml java.prefs java.desktop java.instrument java.logging java.management java.security.sasl java.naming java.rmi java.management.rmi java.net.http java.scripting java.security.jgss java.transaction.xa java.sql java.sql.rowset java.xml.crypto java.se java.smartcardio jdk.accessibility jdk.internal.jvmstat jdk.attach jdk.charsets jdk.internal.opt jdk.zipfs jdk.compiler jdk.crypto.ec jdk.crypto.cryptoki jdk.crypto.mscapi jdk.dynalink jdk.internal.ed jdk.editpad jdk.hotspot.agent jdk.httpserver jdk.internal.le jdk.internal.vm.ci jdk.internal.vm.compiler jdk.internal.vm.compiler.management jdk.jartool jdk.javadoc jdk.jcmd jdk.management jdk.management.agent jdk.jconsole jdk.jdeps jdk.jdwp.agent jdk.jdi jdk.jfr jdk.jshell jdk.jsobject jdk.jstatd jdk.localedata jdk.management.jfr jdk.naming.dns jdk.naming.rmi jdk.net jdk.nio.mapmode jdk.random jdk.sctp jdk.security.auth jdk.security.jgss jdk.unsupported jdk.unsupported.desktop jdk.xml.dom" 

Environment Variables:
PATH=C:\Program Files\Common Files\Oracle\Java\javapath;C:\Windows\system32;C:\Windows;C:\Windows\System32\Wbem;C:\Windows\System32\WindowsPowerShell\v1.0\;C:\Windows\System32\OpenSSH\;C:\Program Files\Intel\WiFi\bin\;C:\Program Files\Common Files\Intel\WirelessCommon\;C:\Program Files\MongoDB\Server\6.0\bin;C:\mongosh;C:\Program Files\nodejs\;C:\Program Files\Git\cmd;C:\Program Files\MySQL\MySQL Shell 8.0\bin\;C:\Users\siddu\AppData\Local\Microsoft\WindowsApps;C:\mongosh\;C:\Users\siddu\AppData\Roaming\npm;C:\Users\siddu\AppData\Local\Programs\Microsoft VS Code\bin;C:\Users\siddu\AppData\Local\Programs\Antigravity\bin;C:\Users\siddu\AppData\Local\Programs\cursor\resources\app\bin;C:\Users\siddu\AppData\Local\PowerToys\DSCModules\
USERNAME=siddu
OS=Windows_NT
PROCESSOR_IDENTIFIER=Intel64 Family 6 Model 142 Stepping 10, GenuineIntel
TMP=C:\Users\siddu\AppData\Local\Temp
TEMP=C:\Users\siddu\AppData\Local\Temp




Periodic native trim disabled

---------------  S Y S T E M  ---------------

OS:
 Windows 11 , 64 bit Build 26100 (10.0.26100.8328)
OS uptime: 2 days 3:05 hours
Hyper-V role detected

CPU: total 8 (initial active 8) (4 cores per cpu, 2 threads per core) family 6 model 142 stepping 10 microcode 0xe0, cx8, cmov, fxsr, ht, mmx, 3dnowpref, sse, sse2, sse3, ssse3, sse4.1, sse4.2, popcnt, lzcnt, tsc, tscinvbit, avx, avx2, aes, erms, clmul, bmi1, bmi2, rtm, adx, fma, vzeroupper, clflush, clflushopt, hv, rdtscp, f16c
Processor Information for the first 8 processors :
  Max Mhz: 1896, Current Mhz: 1696, Mhz Limit: 1687

Memory: 4k page, system-wide physical 8071M (935M free)
TotalPageFile size 11377M (AvailPageFile size 5M)
current process WorkingSet (physical memory assigned to process): 233M, peak: 233M
current process commit charge ("private bytes"): 345M, peak: 347M

vm_info: OpenJDK 64-Bit Server VM (21.0.10+7-LTS) for windows-amd64 JRE (21.0.10+7-LTS), built on 2026-01-20T00:00:00Z by "admin" with MS VC++ 17.12 (VS2022)

END.
