#
# There is insufficient memory for the Java Runtime Environment to continue.
# Native memory allocation (malloc) failed to allocate 32744 bytes. Error detail: Chunk::new
# Possible reasons:
#   The system is out of physical RAM or swap space
#   This process is running with CompressedOops enabled, and the Java Heap may be blocking the growth of the native heap
# Possible solutions:
#   Reduce memory load on the system
#   Increase physical memory or swap space
#   Check if swap backing store is full
#   Decrease Java heap size (-Xmx/-Xms)
#   Decrease number of Java threads
#   Decrease Java thread stack sizes (-Xss)
#   Set larger code cache with -XX:ReservedCodeCacheSize=
#   JVM is running with Unscaled Compressed Oops mode in which the Java heap is
#     placed in the first 4GB address space. The Java Heap base address is the
#     maximum limit for the native heap growth. Please use -XX:HeapBaseMinAddress
#     to set the Java Heap base and to place the Java Heap above 4GB virtual address.
# This output file may be truncated or incomplete.
#
#  Out of Memory Error (arena.cpp:168), pid=12668, tid=14968
#
# JRE version: OpenJDK Runtime Environment Temurin-21.0.10+7 (21.0.10+7) (build 21.0.10+7-LTS)
# Java VM: OpenJDK 64-Bit Server VM Temurin-21.0.10+7 (21.0.10+7-LTS, mixed mode, sharing, tiered, compressed oops, compressed class ptrs, parallel gc, windows-amd64)
# No core dump will be written. Minidumps are not enabled by default on client versions of Windows
#

---------------  S U M M A R Y ------------

Command Line: --add-modules=ALL-SYSTEM --add-opens=java.base/java.util=ALL-UNNAMED --add-opens=java.base/java.lang=ALL-UNNAMED --add-opens=java.base/sun.nio.fs=ALL-UNNAMED -Declipse.application=org.eclipse.jdt.ls.core.id1 -Dosgi.bundles.defaultStartLevel=4 -Declipse.product=org.eclipse.jdt.ls.core.product -Djava.import.generatesMetadataFilesAtProjectRoot=false -DDetectVMInstallationsJob.disabled=true -Dfile.encoding=utf8 -XX:+UseParallelGC -XX:GCTimeRatio=4 -XX:AdaptiveSizePolicyWeight=90 -Dsun.zip.disableMemoryMapping=true -Xmx2G -Xms100m -Xlog:disable -javaagent:c:\Users\siddu\.cursor\extensions\redhat.java-1.54.0-win32-x64\lombok\lombok-1.18.39-4050.jar -XX:+HeapDumpOnOutOfMemoryError -XX:HeapDumpPath=c:\Users\siddu\AppData\Roaming\Cursor\User\workspaceStorage\848d4c9def023cabf97f63f7242684c7\redhat.java -Daether.dependencyCollector.impl=bf c:\Users\siddu\.cursor\extensions\redhat.java-1.54.0-win32-x64\server\plugins\org.eclipse.equinox.launcher_1.7.100.v20251111-0406.jar -configuration c:\Users\siddu\AppData\Roaming\Cursor\User\globalStorage\redhat.java\1.54.0\config_win -data c:\Users\siddu\AppData\Roaming\Cursor\User\workspaceStorage\848d4c9def023cabf97f63f7242684c7\redhat.java\jdt_ws --pipe=\\.\pipe\lsp-69a6a63bd4b9ddab8abe2d4bbf1f19a6-sock

Host: Intel(R) Core(TM) i5-8350U CPU @ 1.70GHz, 8 cores, 7G,  Windows 11 , 64 bit Build 26100 (10.0.26100.8328)
Time: Fri Jun  5 14:13:29 2026 India Standard Time elapsed time: 10.431835 seconds (0d 0h 0m 10s)

---------------  T H R E A D  ---------------

Current thread (0x0000024de9550470):  JavaThread "C1 CompilerThread0" daemon [_thread_in_native, id=14968, stack(0x000000561f500000,0x000000561f600000) (1024K)]


Current CompileTask:
C1:10431 4331   !   3       org.eclipse.osgi.internal.framework.EquinoxBundle::adapt0 (939 bytes)

Stack: [0x000000561f500000,0x000000561f600000]
Native frames: (J=compiled Java code, j=interpreted, Vv=VM code, C=native code)
V  [jvm.dll+0x6d7a39]
V  [jvm.dll+0x8b4b26]
V  [jvm.dll+0x8b70de]
V  [jvm.dll+0x8b77c3]
V  [jvm.dll+0x284346]
V  [jvm.dll+0xc66ed]
V  [jvm.dll+0xc6c31]
V  [jvm.dll+0x164663]
V  [jvm.dll+0x15aa07]
V  [jvm.dll+0x1666c6]
V  [jvm.dll+0x1696f9]
V  [jvm.dll+0x1690e6]
V  [jvm.dll+0x160cb0]
V  [jvm.dll+0x162f4d]
V  [jvm.dll+0x161556]
V  [jvm.dll+0x15b297]
V  [jvm.dll+0x16ad68]
V  [jvm.dll+0x156885]
V  [jvm.dll+0x156bd2]
V  [jvm.dll+0x156e84]
V  [jvm.dll+0x15629c]
V  [jvm.dll+0x15802d]
V  [jvm.dll+0x25b85d]
V  [jvm.dll+0x259dea]
V  [jvm.dll+0x3f857e]
V  [jvm.dll+0x85f59d]
V  [jvm.dll+0x6d626d]
C  [ucrtbase.dll+0x37b0]
C  [KERNEL32.DLL+0x2e957]
C  [ntdll.dll+0x427c]


---------------  P R O C E S S  ---------------

Threads class SMR info:
_java_thread_list=0x0000024dc98185a0, length=25, elements={
0x0000024de95bcf70, 0x0000024de9679b40, 0x0000024de967bf80, 0x0000024de967e790,
0x0000024de95355f0, 0x0000024de9539310, 0x0000024de9539d70, 0x0000024de953a7d0,
0x0000024de9550470, 0x0000024dc2a4aa00, 0x0000024dc2ba4130, 0x0000024dc77fcb00,
0x0000024dc761bdd0, 0x0000024dc78077f0, 0x0000024dc7808230, 0x0000024dc7c17d30,
0x0000024dc28be0b0, 0x0000024dc7eada20, 0x0000024dc811b6a0, 0x0000024dc2afb080,
0x0000024dc2afa360, 0x0000024dc2afa9f0, 0x0000024dc2afb710, 0x0000024dc7eae0f0,
0x0000024dc2afc430
}

Java Threads: ( => current thread )
  0x0000024de95bcf70 JavaThread "main"                              [_thread_in_vm, id=1948, stack(0x000000561ea00000,0x000000561eb00000) (1024K)]
  0x0000024de9679b40 JavaThread "Reference Handler"          daemon [_thread_blocked, id=3120, stack(0x000000561ee00000,0x000000561ef00000) (1024K)]
  0x0000024de967bf80 JavaThread "Finalizer"                  daemon [_thread_blocked, id=15812, stack(0x000000561ef00000,0x000000561f000000) (1024K)]
  0x0000024de967e790 JavaThread "Signal Dispatcher"          daemon [_thread_blocked, id=13328, stack(0x000000561f000000,0x000000561f100000) (1024K)]
  0x0000024de95355f0 JavaThread "Attach Listener"            daemon [_thread_blocked, id=11776, stack(0x000000561f100000,0x000000561f200000) (1024K)]
  0x0000024de9539310 JavaThread "Service Thread"             daemon [_thread_blocked, id=14296, stack(0x000000561f200000,0x000000561f300000) (1024K)]
  0x0000024de9539d70 JavaThread "Monitor Deflation Thread"   daemon [_thread_blocked, id=6624, stack(0x000000561f300000,0x000000561f400000) (1024K)]
  0x0000024de953a7d0 JavaThread "C2 CompilerThread0"         daemon [_thread_in_native, id=8244, stack(0x000000561f400000,0x000000561f500000) (1024K)]
=>0x0000024de9550470 JavaThread "C1 CompilerThread0"         daemon [_thread_in_native, id=14968, stack(0x000000561f500000,0x000000561f600000) (1024K)]
  0x0000024dc2a4aa00 JavaThread "Common-Cleaner"             daemon [_thread_blocked, id=10908, stack(0x000000561f600000,0x000000561f700000) (1024K)]
  0x0000024dc2ba4130 JavaThread "Notification Thread"        daemon [_thread_blocked, id=15444, stack(0x000000561f700000,0x000000561f800000) (1024K)]
  0x0000024dc77fcb00 JavaThread "Active Thread: Equinox Container: 7188c434-4bde-4bb9-a581-981d94a49def"        [_thread_blocked, id=15860, stack(0x0000005620000000,0x0000005620100000) (1024K)]
  0x0000024dc761bdd0 JavaThread "Refresh Thread: Equinox Container: 7188c434-4bde-4bb9-a581-981d94a49def" daemon [_thread_blocked, id=2804, stack(0x0000005620100000,0x0000005620200000) (1024K)]
  0x0000024dc78077f0 JavaThread "Framework Event Dispatcher: Equinox Container: 7188c434-4bde-4bb9-a581-981d94a49def" daemon [_thread_blocked, id=14540, stack(0x000000561f800000,0x000000561f900000) (1024K)]
  0x0000024dc7808230 JavaThread "Start Level: Equinox Container: 7188c434-4bde-4bb9-a581-981d94a49def" daemon [_thread_blocked, id=9796, stack(0x0000005620200000,0x0000005620300000) (1024K)]
  0x0000024dc7c17d30 JavaThread "Bundle File Closer"         daemon [_thread_blocked, id=11164, stack(0x0000005620400000,0x0000005620500000) (1024K)]
  0x0000024dc28be0b0 JavaThread "SCR Component Actor"        daemon [_thread_blocked, id=10720, stack(0x0000005620300000,0x0000005620400000) (1024K)]
  0x0000024dc7eada20 JavaThread "C2 CompilerThread1"         daemon [_thread_in_native, id=8492, stack(0x0000005620500000,0x0000005620600000) (1024K)]
  0x0000024dc811b6a0 JavaThread "Worker-JM"                         [_thread_blocked, id=10788, stack(0x0000005620700000,0x0000005620800000) (1024K)]
  0x0000024dc2afb080 JavaThread "JNA Cleaner"                daemon [_thread_blocked, id=10920, stack(0x0000005620800000,0x0000005620900000) (1024K)]
  0x0000024dc2afa360 JavaThread "Worker-0: Initialize After Load"        [_thread_in_vm, id=5076, stack(0x0000005620900000,0x0000005620a00000) (1024K)]
  0x0000024dc2afa9f0 JavaThread "Worker-1: Repository registry initialization"        [_thread_in_Java, id=10820, stack(0x0000005620a00000,0x0000005620b00000) (1024K)]
  0x0000024dc2afb710 JavaThread "Java indexing"              daemon [_thread_blocked, id=6308, stack(0x0000005620600000,0x0000005620700000) (1024K)]
  0x0000024dc7eae0f0 JavaThread "C2 CompilerThread2"         daemon [_thread_in_native, id=11764, stack(0x0000005620b00000,0x0000005620c00000) (1024K)]
  0x0000024dc2afc430 JavaThread "Worker-2"                          [_thread_blocked, id=7204, stack(0x0000005620f00000,0x0000005621000000) (1024K)]
Total: 25

Other Threads:
  0x0000024de9531d60 VMThread "VM Thread"                           [id=11536, stack(0x000000561ed00000,0x000000561ee00000) (1024K)]
  0x0000024de944ca00 WatcherThread "VM Periodic Task Thread"        [id=8420, stack(0x000000561ec00000,0x000000561ed00000) (1024K)]
  0x0000024de95db580 WorkerThread "GC Thread#0"                     [id=10888, stack(0x000000561eb00000,0x000000561ec00000) (1024K)]
  0x0000024dc73af2e0 WorkerThread "GC Thread#1"                     [id=10708, stack(0x000000561f900000,0x000000561fa00000) (1024K)]
  0x0000024dc73b0b00 WorkerThread "GC Thread#2"                     [id=6684, stack(0x000000561fa00000,0x000000561fb00000) (1024K)]
  0x0000024dc7171560 WorkerThread "GC Thread#3"                     [id=11720, stack(0x000000561fb00000,0x000000561fc00000) (1024K)]
  0x0000024dc7171910 WorkerThread "GC Thread#4"                     [id=6912, stack(0x000000561fc00000,0x000000561fd00000) (1024K)]
  0x0000024dc7171cc0 WorkerThread "GC Thread#5"                     [id=8528, stack(0x000000561fd00000,0x000000561fe00000) (1024K)]
  0x0000024dc7176220 WorkerThread "GC Thread#6"                     [id=11108, stack(0x000000561fe00000,0x000000561ff00000) (1024K)]
  0x0000024dc77e0090 WorkerThread "GC Thread#7"                     [id=11296, stack(0x000000561ff00000,0x0000005620000000) (1024K)]
Total: 10

Threads with active compile tasks:
C2 CompilerThread0  10487 4316       4       java.lang.invoke.MemberName::getMethodOrFieldType (72 bytes)
C1 CompilerThread0  10487 4331   !   3       org.eclipse.osgi.internal.framework.EquinoxBundle::adapt0 (939 bytes)
C2 CompilerThread1  10487 3992       4       org.lombokweb.asm.ClassReader::readMethod (1070 bytes)
C2 CompilerThread2  10487 4311       4       org.osgi.framework.Version::toString0 (102 bytes)
Total: 4

VM state: not at safepoint (normal execution)

VM Mutex/Monitor currently owned by a thread:  ([mutex/lock_event])
[0x00007ff90830c4e0] Metaspace_lock - owner thread: 0x0000024dc2afa360

OutOfMemory and StackOverflow Exception counts:
StackOverflowErrors=1
LinkageErrors=85

Heap address: 0x0000000080000000, size: 2048 MB, Compressed Oops mode: 32-bit

CDS archive(s) mapped at: [0x0000024d80000000-0x0000024d80ba0000-0x0000024d80ba0000), size 12189696, SharedBaseAddress: 0x0000024d80000000, ArchiveRelocationMode: 1.
Compressed class space mapped at: 0x0000024d81000000-0x0000024dc1000000, reserved size: 1073741824
Narrow klass base: 0x0000024d80000000, Narrow klass shift: 0, Narrow klass range: 0x100000000

GC Precious Log:
 CardTable entry size: 512
 CPUs: 8 total, 8 available
 Memory: 8071M
 Large Page Support: Disabled
 NUMA Support: Disabled
 Compressed Oops: Enabled (32-bit)
 Alignments: Space 512K, Generation 512K, Heap 2M
 Heap Min Capacity: 100M
 Heap Initial Capacity: 100M
 Heap Max Capacity: 2G
 Pre-touch: Disabled
 Parallel Workers: 8

Heap:
 PSYoungGen      total 25088K, used 16779K [0x00000000d5580000, 0x00000000d7380000, 0x0000000100000000)
  eden space 23040K, 64% used [0x00000000d5580000,0x00000000d6404220,0x00000000d6c00000)
  from space 2048K, 93% used [0x00000000d7180000,0x00000000d735eda0,0x00000000d7380000)
  to   space 2048K, 0% used [0x00000000d6f80000,0x00000000d6f80000,0x00000000d7180000)
 ParOldGen       total 68608K, used 14959K [0x0000000080000000, 0x0000000084300000, 0x00000000d5580000)
  object space 68608K, 21% used [0x0000000080000000,0x0000000080e9bdd0,0x0000000084300000)
 Metaspace       used 30191K, committed 31168K, reserved 1114112K
  class space    used 3021K, committed 3456K, reserved 1048576K

Card table byte_map: [0x0000024de8f60000,0x0000024de9370000] _byte_map_base: 0x0000024de8b60000

Marking Bits: (ParMarkBitMap*) 0x00007ff908313450
 Begin Bits: [0x0000024dfba70000, 0x0000024dfda70000)
 End Bits:   [0x0000024dfda70000, 0x0000024dffa70000)

Polling page: 0x0000024de73b0000

Metaspace:

Usage:
  Non-class:     26.53 MB used.
      Class:      2.95 MB used.
       Both:     29.48 MB used.

Virtual space:
  Non-class space:       64.00 MB reserved,      27.06 MB ( 42%) committed,  1 nodes.
      Class space:        1.00 GB reserved,       3.38 MB ( <1%) committed,  1 nodes.
             Both:        1.06 GB reserved,      30.44 MB (  3%) committed. 

Chunk freelists:
   Non-Class:  3.98 MB
       Class:  12.68 MB
        Both:  16.67 MB

MaxMetaspaceSize: unlimited
CompressedClassSpaceSize: 1.00 GB
Initial GC threshold: 21.00 MB
Current GC threshold: 35.00 MB
CDS: on
 - commit_granule_bytes: 65536.
 - commit_granule_words: 8192.
 - virtual_space_node_default_size: 8388608.
 - enlarge_chunks_in_place: 1.
 - use_allocation_guard: 0.


Internal statistics:

num_allocs_failed_limit: 3.
num_arena_births: 844.
num_arena_deaths: 14.
num_vsnodes_births: 2.
num_vsnodes_deaths: 0.
num_space_committed: 487.
num_space_uncommitted: 0.
num_chunks_returned_to_freelist: 17.
num_chunks_taken_from_freelist: 2088.
num_chunk_merges: 8.
num_chunk_splits: 1344.
num_chunks_enlarged: 823.
num_inconsistent_stats: 0.

CodeHeap 'non-profiled nmethods': size=120000Kb used=2038Kb max_used=2038Kb free=117961Kb
 bounds [0x0000024df4290000, 0x0000024df4500000, 0x0000024dfb7c0000]
CodeHeap 'profiled nmethods': size=120000Kb used=8939Kb max_used=8939Kb free=111060Kb
 bounds [0x0000024dec7c0000, 0x0000024ded080000, 0x0000024df3cf0000]
CodeHeap 'non-nmethods': size=5760Kb used=1347Kb max_used=1382Kb free=4412Kb
 bounds [0x0000024df3cf0000, 0x0000024df3f60000, 0x0000024df4290000]
CodeCache: size=245760Kb, used=12324Kb, max_used=12359Kb, free=233433Kb
 total_blobs=4963, nmethods=4323, adapters=546, full_count=0
Compilation: enabled, stopped_count=0, restarted_count=0

Compilation events (20 events):
Event: 10.411 Thread 0x0000024de9550470 nmethod 4318 0x0000024ded074290 code [0x0000024ded074500, 0x0000024ded074fc8]
Event: 10.411 Thread 0x0000024de9550470 4321       3       java.util.regex.Pattern$BmpCharPropertyGreedy::match (89 bytes)
Event: 10.412 Thread 0x0000024de9550470 nmethod 4321 0x0000024ded075390 code [0x0000024ded075580, 0x0000024ded075bb0]
Event: 10.412 Thread 0x0000024de9550470 4320       3       org.osgi.util.tracker.BundleTracker$Tracked::bundleChanged (48 bytes)
Event: 10.412 Thread 0x0000024de9550470 nmethod 4320 0x0000024ded075d90 code [0x0000024ded075f80, 0x0000024ded0763f8]
Event: 10.413 Thread 0x0000024de9550470 4323  s    3       org.eclipse.osgi.framework.eventmgr.EventManager::getEventThread (52 bytes)
Event: 10.415 Thread 0x0000024de9550470 nmethod 4323 0x0000024ded076590 code [0x0000024ded076820, 0x0000024ded077420]
Event: 10.415 Thread 0x0000024de9550470 4327       3       java.lang.AbstractStringBuilder::appendChars (207 bytes)
Event: 10.417 Thread 0x0000024de9550470 nmethod 4327 0x0000024ded077810 code [0x0000024ded077ac0, 0x0000024ded0789e8]
Event: 10.417 Thread 0x0000024de9550470 4328       3       aQute.bnd.header.Parameters::entrySet (10 bytes)
Event: 10.417 Thread 0x0000024de9550470 nmethod 4328 0x0000024ded078f10 code [0x0000024ded0790c0, 0x0000024ded079298]
Event: 10.417 Thread 0x0000024de9550470 4324       3       aQute.bnd.header.Attrs::<init> (15 bytes)
Event: 10.417 Thread 0x0000024de9550470 nmethod 4324 0x0000024ded079390 code [0x0000024ded079540, 0x0000024ded0796d8]
Event: 10.418 Thread 0x0000024de9550470 4325       3       aQute.bnd.header.Attrs::<init> (19 bytes)
Event: 10.418 Thread 0x0000024de9550470 nmethod 4325 0x0000024ded079790 code [0x0000024ded079980, 0x0000024ded079ef0]
Event: 10.419 Thread 0x0000024de9550470 4329   !   3       org.apache.aries.spifly.ConsumerBundleTrackerCustomizer::addingBundle (27 bytes)
Event: 10.419 Thread 0x0000024de9550470 nmethod 4329 0x0000024ded07a110 code [0x0000024ded07a2e0, 0x0000024ded07a5b8]
Event: 10.419 Thread 0x0000024de9550470 4330       3       java.util.stream.FindOps$FindSink$OfRef$$Lambda/0x800000049::get (8 bytes)
Event: 10.420 Thread 0x0000024de9550470 nmethod 4330 0x0000024ded07a710 code [0x0000024ded07a8c0, 0x0000024ded07ab40]
Event: 10.421 Thread 0x0000024de9550470 4331   !   3       org.eclipse.osgi.internal.framework.EquinoxBundle::adapt0 (939 bytes)

GC Heap History (20 events):
Event: 3.773 GC heap before
{Heap before GC invocations=2 (full 0):
 PSYoungGen      total 29696K, used 28919K [0x00000000d5580000, 0x00000000d7680000, 0x0000000100000000)
  eden space 25600K, 100% used [0x00000000d5580000,0x00000000d6e80000,0x00000000d6e80000)
  from space 4096K, 81% used [0x00000000d6e80000,0x00000000d71bdea8,0x00000000d7280000)
  to   space 4096K, 0% used [0x00000000d7280000,0x00000000d7280000,0x00000000d7680000)
 ParOldGen       total 68608K, used 16K [0x0000000080000000, 0x0000000084300000, 0x00000000d5580000)
  object space 68608K, 0% used [0x0000000080000000,0x0000000080004000,0x0000000084300000)
 Metaspace       used 7992K, committed 8256K, reserved 1114112K
  class space    used 830K, committed 960K, reserved 1048576K
}
Event: 3.782 GC heap after
{Heap after GC invocations=2 (full 0):
 PSYoungGen      total 29696K, used 4070K [0x00000000d5580000, 0x00000000d7680000, 0x0000000100000000)
  eden space 25600K, 0% used [0x00000000d5580000,0x00000000d5580000,0x00000000d6e80000)
  from space 4096K, 99% used [0x00000000d7280000,0x00000000d7679800,0x00000000d7680000)
  to   space 4096K, 0% used [0x00000000d6e80000,0x00000000d6e80000,0x00000000d7280000)
 ParOldGen       total 68608K, used 2073K [0x0000000080000000, 0x0000000084300000, 0x00000000d5580000)
  object space 68608K, 3% used [0x0000000080000000,0x00000000802066a8,0x0000000084300000)
 Metaspace       used 7992K, committed 8256K, reserved 1114112K
  class space    used 830K, committed 960K, reserved 1048576K
}
Event: 5.216 GC heap before
{Heap before GC invocations=3 (full 0):
 PSYoungGen      total 29696K, used 29660K [0x00000000d5580000, 0x00000000d7680000, 0x0000000100000000)
  eden space 25600K, 99% used [0x00000000d5580000,0x00000000d6e7db50,0x00000000d6e80000)
  from space 4096K, 99% used [0x00000000d7280000,0x00000000d7679800,0x00000000d7680000)
  to   space 4096K, 0% used [0x00000000d6e80000,0x00000000d6e80000,0x00000000d7280000)
 ParOldGen       total 68608K, used 2073K [0x0000000080000000, 0x0000000084300000, 0x00000000d5580000)
  object space 68608K, 3% used [0x0000000080000000,0x00000000802066a8,0x0000000084300000)
 Metaspace       used 9456K, committed 9792K, reserved 1114112K
  class space    used 1009K, committed 1152K, reserved 1048576K
}
Event: 5.226 GC heap after
{Heap after GC invocations=3 (full 0):
 PSYoungGen      total 29696K, used 4086K [0x00000000d5580000, 0x00000000d7680000, 0x0000000100000000)
  eden space 25600K, 0% used [0x00000000d5580000,0x00000000d5580000,0x00000000d6e80000)
  from space 4096K, 99% used [0x00000000d6e80000,0x00000000d727dbc0,0x00000000d7280000)
  to   space 4096K, 0% used [0x00000000d7280000,0x00000000d7280000,0x00000000d7680000)
 ParOldGen       total 68608K, used 5106K [0x0000000080000000, 0x0000000084300000, 0x00000000d5580000)
  object space 68608K, 7% used [0x0000000080000000,0x00000000804fca40,0x0000000084300000)
 Metaspace       used 9456K, committed 9792K, reserved 1114112K
  class space    used 1009K, committed 1152K, reserved 1048576K
}
Event: 7.834 GC heap before
{Heap before GC invocations=4 (full 0):
 PSYoungGen      total 29696K, used 29686K [0x00000000d5580000, 0x00000000d7680000, 0x0000000100000000)
  eden space 25600K, 100% used [0x00000000d5580000,0x00000000d6e80000,0x00000000d6e80000)
  from space 4096K, 99% used [0x00000000d6e80000,0x00000000d727dbc0,0x00000000d7280000)
  to   space 4096K, 0% used [0x00000000d7280000,0x00000000d7280000,0x00000000d7680000)
 ParOldGen       total 68608K, used 5106K [0x0000000080000000, 0x0000000084300000, 0x00000000d5580000)
  object space 68608K, 7% used [0x0000000080000000,0x00000000804fca40,0x0000000084300000)
 Metaspace       used 11691K, committed 12032K, reserved 1114112K
  class space    used 1237K, committed 1408K, reserved 1048576K
}
Event: 7.839 GC heap after
{Heap after GC invocations=4 (full 0):
 PSYoungGen      total 29696K, used 4077K [0x00000000d5580000, 0x00000000d7680000, 0x0000000100000000)
  eden space 25600K, 0% used [0x00000000d5580000,0x00000000d5580000,0x00000000d6e80000)
  from space 4096K, 99% used [0x00000000d7280000,0x00000000d767b6c8,0x00000000d7680000)
  to   space 4096K, 0% used [0x00000000d6e80000,0x00000000d6e80000,0x00000000d7280000)
 ParOldGen       total 68608K, used 6723K [0x0000000080000000, 0x0000000084300000, 0x00000000d5580000)
  object space 68608K, 9% used [0x0000000080000000,0x0000000080690c68,0x0000000084300000)
 Metaspace       used 11691K, committed 12032K, reserved 1114112K
  class space    used 1237K, committed 1408K, reserved 1048576K
}
Event: 8.348 GC heap before
{Heap before GC invocations=5 (full 0):
 PSYoungGen      total 29696K, used 29677K [0x00000000d5580000, 0x00000000d7680000, 0x0000000100000000)
  eden space 25600K, 100% used [0x00000000d5580000,0x00000000d6e80000,0x00000000d6e80000)
  from space 4096K, 99% used [0x00000000d7280000,0x00000000d767b6c8,0x00000000d7680000)
  to   space 4096K, 0% used [0x00000000d6e80000,0x00000000d6e80000,0x00000000d7280000)
 ParOldGen       total 68608K, used 6723K [0x0000000080000000, 0x0000000084300000, 0x00000000d5580000)
  object space 68608K, 9% used [0x0000000080000000,0x0000000080690c68,0x0000000084300000)
 Metaspace       used 15607K, committed 16256K, reserved 1114112K
  class space    used 1626K, committed 1920K, reserved 1048576K
}
Event: 8.353 GC heap after
{Heap after GC invocations=5 (full 0):
 PSYoungGen      total 29184K, used 4079K [0x00000000d5580000, 0x00000000d7900000, 0x0000000100000000)
  eden space 25088K, 0% used [0x00000000d5580000,0x00000000d5580000,0x00000000d6e00000)
  from space 4096K, 99% used [0x00000000d6e80000,0x00000000d727bda8,0x00000000d7280000)
  to   space 5632K, 0% used [0x00000000d7380000,0x00000000d7380000,0x00000000d7900000)
 ParOldGen       total 68608K, used 7822K [0x0000000080000000, 0x0000000084300000, 0x00000000d5580000)
  object space 68608K, 11% used [0x0000000080000000,0x00000000807a3960,0x0000000084300000)
 Metaspace       used 15607K, committed 16256K, reserved 1114112K
  class space    used 1626K, committed 1920K, reserved 1048576K
}
Event: 8.816 GC heap before
{Heap before GC invocations=6 (full 0):
 PSYoungGen      total 29184K, used 29158K [0x00000000d5580000, 0x00000000d7900000, 0x0000000100000000)
  eden space 25088K, 99% used [0x00000000d5580000,0x00000000d6dfdcc0,0x00000000d6e00000)
  from space 4096K, 99% used [0x00000000d6e80000,0x00000000d727bda8,0x00000000d7280000)
  to   space 5632K, 0% used [0x00000000d7380000,0x00000000d7380000,0x00000000d7900000)
 ParOldGen       total 68608K, used 7822K [0x0000000080000000, 0x0000000084300000, 0x00000000d5580000)
  object space 68608K, 11% used [0x0000000080000000,0x00000000807a3960,0x0000000084300000)
 Metaspace       used 18695K, committed 19456K, reserved 1114112K
  class space    used 1976K, committed 2240K, reserved 1048576K
}
Event: 8.821 GC heap after
{Heap after GC invocations=6 (full 0):
 PSYoungGen      total 29696K, used 4738K [0x00000000d5580000, 0x00000000d7880000, 0x0000000100000000)
  eden space 24576K, 0% used [0x00000000d5580000,0x00000000d5580000,0x00000000d6d80000)
  from space 5120K, 92% used [0x00000000d7380000,0x00000000d78209f0,0x00000000d7880000)
  to   space 5120K, 0% used [0x00000000d6e80000,0x00000000d6e80000,0x00000000d7380000)
 ParOldGen       total 68608K, used 7830K [0x0000000080000000, 0x0000000084300000, 0x00000000d5580000)
  object space 68608K, 11% used [0x0000000080000000,0x00000000807a5960,0x0000000084300000)
 Metaspace       used 18695K, committed 19456K, reserved 1114112K
  class space    used 1976K, committed 2240K, reserved 1048576K
}
Event: 9.275 GC heap before
{Heap before GC invocations=7 (full 0):
 PSYoungGen      total 29696K, used 23719K [0x00000000d5580000, 0x00000000d7880000, 0x0000000100000000)
  eden space 24576K, 77% used [0x00000000d5580000,0x00000000d6809520,0x00000000d6d80000)
  from space 5120K, 92% used [0x00000000d7380000,0x00000000d78209f0,0x00000000d7880000)
  to   space 5120K, 0% used [0x00000000d6e80000,0x00000000d6e80000,0x00000000d7380000)
 ParOldGen       total 68608K, used 7830K [0x0000000080000000, 0x0000000084300000, 0x00000000d5580000)
  object space 68608K, 11% used [0x0000000080000000,0x00000000807a5960,0x0000000084300000)
 Metaspace       used 20621K, committed 21504K, reserved 1114112K
  class space    used 2214K, committed 2560K, reserved 1048576K
}
Event: 9.281 GC heap after
{Heap after GC invocations=7 (full 0):
 PSYoungGen      total 29184K, used 4548K [0x00000000d5580000, 0x00000000d7780000, 0x0000000100000000)
  eden space 24576K, 0% used [0x00000000d5580000,0x00000000d5580000,0x00000000d6d80000)
  from space 4608K, 98% used [0x00000000d6e80000,0x00000000d72f1368,0x00000000d7300000)
  to   space 4608K, 0% used [0x00000000d7300000,0x00000000d7300000,0x00000000d7780000)
 ParOldGen       total 68608K, used 9266K [0x0000000080000000, 0x0000000084300000, 0x00000000d5580000)
  object space 68608K, 13% used [0x0000000080000000,0x000000008090c938,0x0000000084300000)
 Metaspace       used 20621K, committed 21504K, reserved 1114112K
  class space    used 2214K, committed 2560K, reserved 1048576K
}
Event: 9.281 GC heap before
{Heap before GC invocations=8 (full 1):
 PSYoungGen      total 29184K, used 4548K [0x00000000d5580000, 0x00000000d7780000, 0x0000000100000000)
  eden space 24576K, 0% used [0x00000000d5580000,0x00000000d5580000,0x00000000d6d80000)
  from space 4608K, 98% used [0x00000000d6e80000,0x00000000d72f1368,0x00000000d7300000)
  to   space 4608K, 0% used [0x00000000d7300000,0x00000000d7300000,0x00000000d7780000)
 ParOldGen       total 68608K, used 9266K [0x0000000080000000, 0x0000000084300000, 0x00000000d5580000)
  object space 68608K, 13% used [0x0000000080000000,0x000000008090c938,0x0000000084300000)
 Metaspace       used 20621K, committed 21504K, reserved 1114112K
  class space    used 2214K, committed 2560K, reserved 1048576K
}
Event: 9.327 GC heap after
{Heap after GC invocations=8 (full 1):
 PSYoungGen      total 29184K, used 0K [0x00000000d5580000, 0x00000000d7780000, 0x0000000100000000)
  eden space 24576K, 0% used [0x00000000d5580000,0x00000000d5580000,0x00000000d6d80000)
  from space 4608K, 0% used [0x00000000d6e80000,0x00000000d6e80000,0x00000000d7300000)
  to   space 4608K, 0% used [0x00000000d7300000,0x00000000d7300000,0x00000000d7780000)
 ParOldGen       total 68608K, used 13320K [0x0000000080000000, 0x0000000084300000, 0x00000000d5580000)
  object space 68608K, 19% used [0x0000000080000000,0x0000000080d02210,0x0000000084300000)
 Metaspace       used 20608K, committed 21504K, reserved 1114112K
  class space    used 2211K, committed 2560K, reserved 1048576K
}
Event: 9.552 GC heap before
{Heap before GC invocations=9 (full 1):
 PSYoungGen      total 29184K, used 24576K [0x00000000d5580000, 0x00000000d7780000, 0x0000000100000000)
  eden space 24576K, 100% used [0x00000000d5580000,0x00000000d6d80000,0x00000000d6d80000)
  from space 4608K, 0% used [0x00000000d6e80000,0x00000000d6e80000,0x00000000d7300000)
  to   space 4608K, 0% used [0x00000000d7300000,0x00000000d7300000,0x00000000d7780000)
 ParOldGen       total 68608K, used 13320K [0x0000000080000000, 0x0000000084300000, 0x00000000d5580000)
  object space 68608K, 19% used [0x0000000080000000,0x0000000080d02210,0x0000000084300000)
 Metaspace       used 22724K, committed 23616K, reserved 1114112K
  class space    used 2395K, committed 2752K, reserved 1048576K
}
Event: 9.553 GC heap after
{Heap after GC invocations=9 (full 1):
 PSYoungGen      total 25088K, used 962K [0x00000000d5580000, 0x00000000d7400000, 0x0000000100000000)
  eden space 24064K, 0% used [0x00000000d5580000,0x00000000d5580000,0x00000000d6d00000)
  from space 1024K, 93% used [0x00000000d7300000,0x00000000d73f0a08,0x00000000d7400000)
  to   space 2560K, 0% used [0x00000000d6f00000,0x00000000d6f00000,0x00000000d7180000)
 ParOldGen       total 68608K, used 13328K [0x0000000080000000, 0x0000000084300000, 0x00000000d5580000)
  object space 68608K, 19% used [0x0000000080000000,0x0000000080d04210,0x0000000084300000)
 Metaspace       used 22724K, committed 23616K, reserved 1114112K
  class space    used 2395K, committed 2752K, reserved 1048576K
}
Event: 9.746 GC heap before
{Heap before GC invocations=10 (full 1):
 PSYoungGen      total 25088K, used 25026K [0x00000000d5580000, 0x00000000d7400000, 0x0000000100000000)
  eden space 24064K, 100% used [0x00000000d5580000,0x00000000d6d00000,0x00000000d6d00000)
  from space 1024K, 93% used [0x00000000d7300000,0x00000000d73f0a08,0x00000000d7400000)
  to   space 2560K, 0% used [0x00000000d6f00000,0x00000000d6f00000,0x00000000d7180000)
 ParOldGen       total 68608K, used 13328K [0x0000000080000000, 0x0000000084300000, 0x00000000d5580000)
  object space 68608K, 19% used [0x0000000080000000,0x0000000080d04210,0x0000000084300000)
 Metaspace       used 26343K, committed 27264K, reserved 1114112K
  class space    used 2658K, committed 3008K, reserved 1048576K
}
Event: 9.747 GC heap after
{Heap after GC invocations=10 (full 1):
 PSYoungGen      total 26112K, used 1490K [0x00000000d5580000, 0x00000000d7380000, 0x0000000100000000)
  eden space 23552K, 0% used [0x00000000d5580000,0x00000000d5580000,0x00000000d6c80000)
  from space 2560K, 58% used [0x00000000d6f00000,0x00000000d70749e8,0x00000000d7180000)
  to   space 2048K, 0% used [0x00000000d7180000,0x00000000d7180000,0x00000000d7380000)
 ParOldGen       total 68608K, used 13336K [0x0000000080000000, 0x0000000084300000, 0x00000000d5580000)
  object space 68608K, 19% used [0x0000000080000000,0x0000000080d06210,0x0000000084300000)
 Metaspace       used 26343K, committed 27264K, reserved 1114112K
  class space    used 2658K, committed 3008K, reserved 1048576K
}
Event: 10.063 GC heap before
{Heap before GC invocations=11 (full 1):
 PSYoungGen      total 26112K, used 25042K [0x00000000d5580000, 0x00000000d7380000, 0x0000000100000000)
  eden space 23552K, 100% used [0x00000000d5580000,0x00000000d6c80000,0x00000000d6c80000)
  from space 2560K, 58% used [0x00000000d6f00000,0x00000000d70749e8,0x00000000d7180000)
  to   space 2048K, 0% used [0x00000000d7180000,0x00000000d7180000,0x00000000d7380000)
 ParOldGen       total 68608K, used 13336K [0x0000000080000000, 0x0000000084300000, 0x00000000d5580000)
  object space 68608K, 19% used [0x0000000080000000,0x0000000080d06210,0x0000000084300000)
 Metaspace       used 28082K, committed 29056K, reserved 1114112K
  class space    used 2788K, committed 3200K, reserved 1048576K
}
Event: 10.065 GC heap after
{Heap after GC invocations=11 (full 1):
 PSYoungGen      total 25088K, used 1915K [0x00000000d5580000, 0x00000000d7380000, 0x0000000100000000)
  eden space 23040K, 0% used [0x00000000d5580000,0x00000000d5580000,0x00000000d6c00000)
  from space 2048K, 93% used [0x00000000d7180000,0x00000000d735eda0,0x00000000d7380000)
  to   space 2048K, 0% used [0x00000000d6f80000,0x00000000d6f80000,0x00000000d7180000)
 ParOldGen       total 68608K, used 14959K [0x0000000080000000, 0x0000000084300000, 0x00000000d5580000)
  object space 68608K, 21% used [0x0000000080000000,0x0000000080e9bdd0,0x0000000084300000)
 Metaspace       used 28082K, committed 29056K, reserved 1114112K
  class space    used 2788K, committed 3200K, reserved 1048576K
}

Dll operation events (10 events):
Event: 0.022 Loaded shared library c:\Users\siddu\.cursor\extensions\redhat.java-1.54.0-win32-x64\jre\21.0.10-win32-x86_64\bin\java.dll
Event: 0.153 Loaded shared library c:\Users\siddu\.cursor\extensions\redhat.java-1.54.0-win32-x64\jre\21.0.10-win32-x86_64\bin\zip.dll
Event: 0.195 Loaded shared library C:\Users\siddu\.cursor\extensions\redhat.java-1.54.0-win32-x64\jre\21.0.10-win32-x86_64\bin\instrument.dll
Event: 0.205 Loaded shared library C:\Users\siddu\.cursor\extensions\redhat.java-1.54.0-win32-x64\jre\21.0.10-win32-x86_64\bin\net.dll
Event: 0.215 Loaded shared library C:\Users\siddu\.cursor\extensions\redhat.java-1.54.0-win32-x64\jre\21.0.10-win32-x86_64\bin\nio.dll
Event: 0.223 Loaded shared library C:\Users\siddu\.cursor\extensions\redhat.java-1.54.0-win32-x64\jre\21.0.10-win32-x86_64\bin\zip.dll
Event: 0.256 Loaded shared library C:\Users\siddu\.cursor\extensions\redhat.java-1.54.0-win32-x64\jre\21.0.10-win32-x86_64\bin\jimage.dll
Event: 0.508 Loaded shared library c:\Users\siddu\.cursor\extensions\redhat.java-1.54.0-win32-x64\jre\21.0.10-win32-x86_64\bin\verify.dll
Event: 3.810 Loaded shared library C:\Users\siddu\AppData\Roaming\Cursor\User\globalStorage\redhat.java\1.54.0\config_win\org.eclipse.equinox.launcher\org.eclipse.equinox.launcher.win32.win32.x86_64_1.3.0.v20260203-2149\eclipse_11919.dll
Event: 8.458 Loaded shared library C:\Users\siddu\AppData\Local\Temp\jna-109432287\jna13826100693093549609.dll

Deoptimization events (20 events):
Event: 10.419 Thread 0x0000024dc2afa360 Uncommon trap: trap_request=0xffffff45 fr.pc=0x0000024df44655c8 relative=0x0000000000000588
Event: 10.419 Thread 0x0000024dc2afa360 Uncommon trap: reason=unstable_if action=reinterpret pc=0x0000024df44655c8 method=java.util.concurrent.locks.ReentrantReadWriteLock$Sync.tryAcquireShared(I)I @ 81 c2
Event: 10.419 Thread 0x0000024dc2afa360 DEOPT PACKING pc=0x0000024df44655c8 sp=0x00000056209fa770
Event: 10.419 Thread 0x0000024dc2afa360 DEOPT UNPACKING pc=0x0000024df3d43aa2 sp=0x00000056209fa558 mode 2
Event: 10.419 Thread 0x0000024dc7808230 Uncommon trap: trap_request=0xffffff45 fr.pc=0x0000024df4452674 relative=0x00000000000001d4
Event: 10.419 Thread 0x0000024dc7808230 Uncommon trap: reason=unstable_if action=reinterpret pc=0x0000024df4452674 method=java.util.concurrent.locks.ReentrantReadWriteLock$Sync.tryAcquireShared(I)I @ 81 c2
Event: 10.419 Thread 0x0000024dc7808230 DEOPT PACKING pc=0x0000024df4452674 sp=0x00000056202fe300
Event: 10.419 Thread 0x0000024dc7808230 DEOPT UNPACKING pc=0x0000024df3d43aa2 sp=0x00000056202fe220 mode 2
Event: 10.420 Thread 0x0000024dc2afa360 Uncommon trap: trap_request=0xffffff45 fr.pc=0x0000024df44521fc relative=0x00000000000000dc
Event: 10.420 Thread 0x0000024dc7808230 Uncommon trap: trap_request=0xffffff45 fr.pc=0x0000024df44521fc relative=0x00000000000000dc
Event: 10.420 Thread 0x0000024dc2afa360 Uncommon trap: reason=unstable_if action=reinterpret pc=0x0000024df44521fc method=java.util.concurrent.locks.ReentrantReadWriteLock$Sync.tryReleaseShared(I)Z @ 9 c2
Event: 10.420 Thread 0x0000024dc2afa360 DEOPT PACKING pc=0x0000024df44521fc sp=0x00000056209fa6a0
Event: 10.420 Thread 0x0000024dc7808230 Uncommon trap: reason=unstable_if action=reinterpret pc=0x0000024df44521fc method=java.util.concurrent.locks.ReentrantReadWriteLock$Sync.tryReleaseShared(I)Z @ 9 c2
Event: 10.420 Thread 0x0000024dc2afa360 DEOPT UNPACKING pc=0x0000024df3d43aa2 sp=0x00000056209fa620 mode 2
Event: 10.420 Thread 0x0000024dc7808230 DEOPT PACKING pc=0x0000024df44521fc sp=0x00000056202fe2f0
Event: 10.420 Thread 0x0000024dc7808230 DEOPT UNPACKING pc=0x0000024df3d43aa2 sp=0x00000056202fe270 mode 2
Event: 10.420 Thread 0x0000024dc2afa360 Uncommon trap: trap_request=0xffffff45 fr.pc=0x0000024df4451d9c relative=0x000000000000017c
Event: 10.420 Thread 0x0000024dc2afa360 Uncommon trap: reason=unstable_if action=reinterpret pc=0x0000024df4451d9c method=java.util.concurrent.locks.ReentrantReadWriteLock$Sync.tryAcquireShared(I)I @ 81 c2
Event: 10.420 Thread 0x0000024dc2afa360 DEOPT PACKING pc=0x0000024df4451d9c sp=0x00000056209fa640
Event: 10.420 Thread 0x0000024dc2afa360 DEOPT UNPACKING pc=0x0000024df3d43aa2 sp=0x00000056209fa5c8 mode 2

Classes loaded (20 events):
Event: 10.337 Loading class sun/nio/cs/UTF_8$Encoder
Event: 10.337 Loading class sun/nio/cs/UTF_8$Encoder done
Event: 10.381 Loading class javax/crypto/IllegalBlockSizeException
Event: 10.381 Loading class javax/crypto/IllegalBlockSizeException done
Event: 10.381 Loading class javax/crypto/BadPaddingException
Event: 10.381 Loading class javax/crypto/BadPaddingException done
Event: 10.383 Loading class java/security/spec/InvalidParameterSpecException
Event: 10.384 Loading class java/security/spec/InvalidParameterSpecException done
Event: 10.384 Loading class java/security/InvalidAlgorithmParameterException
Event: 10.384 Loading class java/security/InvalidAlgorithmParameterException done
Event: 10.384 Loading class java/security/spec/InvalidKeySpecException
Event: 10.384 Loading class java/security/spec/InvalidKeySpecException done
Event: 10.384 Loading class javax/crypto/NoSuchPaddingException
Event: 10.384 Loading class javax/crypto/NoSuchPaddingException done
Event: 10.386 Loading class javax/crypto/spec/PBEKeySpec
Event: 10.386 Loading class javax/crypto/spec/PBEKeySpec done
Event: 10.394 Loading class jdk/internal/reflect/MethodHandleBooleanFieldAccessorImpl
Event: 10.394 Loading class jdk/internal/reflect/MethodHandleBooleanFieldAccessorImpl done
Event: 10.419 Loading class java/util/concurrent/locks/ReentrantReadWriteLock$Sync$HoldCounter
Event: 10.420 Loading class java/util/concurrent/locks/ReentrantReadWriteLock$Sync$HoldCounter done

Classes unloaded (7 events):
Event: 9.288 Thread 0x0000024de9531d60 Unloading class 0x0000024d811a9800 'java/lang/invoke/LambdaForm$MH+0x0000024d811a9800'
Event: 9.288 Thread 0x0000024de9531d60 Unloading class 0x0000024d811a9400 'java/lang/invoke/LambdaForm$MH+0x0000024d811a9400'
Event: 9.288 Thread 0x0000024de9531d60 Unloading class 0x0000024d811a9000 'java/lang/invoke/LambdaForm$MH+0x0000024d811a9000'
Event: 9.288 Thread 0x0000024de9531d60 Unloading class 0x0000024d811a8c00 'java/lang/invoke/LambdaForm$MH+0x0000024d811a8c00'
Event: 9.288 Thread 0x0000024de9531d60 Unloading class 0x0000024d811a8800 'java/lang/invoke/LambdaForm$BMH+0x0000024d811a8800'
Event: 9.288 Thread 0x0000024de9531d60 Unloading class 0x0000024d811a8400 'java/lang/invoke/LambdaForm$DMH+0x0000024d811a8400'
Event: 9.288 Thread 0x0000024de9531d60 Unloading class 0x0000024d811a3000 'java/lang/invoke/LambdaForm$DMH+0x0000024d811a3000'

Classes redefined (0 events):
No events

Internal exceptions (20 events):
Event: 9.346 Thread 0x0000024dc7808230 Exception <a 'java/lang/NoSuchMethodError'{0x00000000d5680908}: 'java.lang.Object java.lang.invoke.Invokers$Holder.invoker(java.lang.Object, java.lang.Object, java.lang.Object, java.lang.Object, java.lang.Object, java.lang.Object, java.lang.Object, java.lang.Object, java.lang.Object, java.lang.Object, java.lang.Object, java.lang.Object, java.lang.Object)'> (0x00000000d5680908) 
thrown [s\src\hotspot\share\interpreter\linkResolver.cpp, line 773]
Event: 9.347 Thread 0x0000024dc7808230 Exception <a 'java/lang/NoSuchMethodError'{0x00000000d568ada0}: 'java.lang.Object java.lang.invoke.DelegatingMethodHandle$Holder.delegate(java.lang.Object, java.lang.Object, java.lang.Object, java.lang.Object, java.lang.Object, java.lang.Object, java.lang.Object, java.lang.Object, java.lang.Object, java.lang.Object, java.lang.Object, java.lang.Object, java.lang.Object)'> (0x00000000d568ada0) 
thrown [s\src\hotspot\share\interpreter\linkResolver.cpp, line 773]
Event: 9.356 Thread 0x0000024dc7808230 Exception <a 'java/lang/NoSuchMethodError'{0x00000000d56f6b20}: static Lorg/eclipse/m2e/core/internal/lifecyclemapping/model/PluginExecutionMetadata;.<clinit>()V> (0x00000000d56f6b20) 
thrown [s\src\hotspot\share\prims\jni.cpp, line 1111]
Event: 9.365 Thread 0x0000024dc7808230 Exception <a 'java/lang/NoSuchMethodError'{0x00000000d5756d50}: static Lorg/eclipse/m2e/core/internal/lifecyclemapping/model/PluginExecutionFilter;.<clinit>()V> (0x00000000d5756d50) 
thrown [s\src\hotspot\share\prims\jni.cpp, line 1111]
Event: 9.370 Thread 0x0000024dc7808230 Exception <a 'java/lang/NoSuchMethodError'{0x00000000d578caa0}: static Lorg/eclipse/m2e/core/internal/project/registry/MavenProjectFacade$MavenProjectConfiguration;.<clinit>()V> (0x00000000d578caa0) 
thrown [s\src\hotspot\share\prims\jni.cpp, line 1111]
Event: 9.449 Thread 0x0000024dc7808230 Exception <a 'java/lang/NoSuchMethodError'{0x00000000d5cf7988}: 'double java.lang.invoke.DirectMethodHandle$Holder.invokeStatic(java.lang.Object, java.lang.Object)'> (0x00000000d5cf7988) 
thrown [s\src\hotspot\share\interpreter\linkResolver.cpp, line 773]
Event: 9.449 Thread 0x0000024dc7808230 Exception <a 'java/lang/NoSuchMethodError'{0x00000000d5cfb2b0}: 'double java.lang.invoke.DirectMethodHandle$Holder.invokeStaticInit(java.lang.Object, java.lang.Object)'> (0x00000000d5cfb2b0) 
thrown [s\src\hotspot\share\interpreter\linkResolver.cpp, line 773]
Event: 9.683 Thread 0x0000024dc7808230 Implicit null exception at 0x0000024df445d1f5 to 0x0000024df445d2e8
Event: 9.823 Thread 0x0000024dc7808230 Exception <a 'java/lang/NoSuchMethodError'{0x00000000d62a56a8}: 'java.lang.Object java.lang.invoke.DirectMethodHandle$Holder.newInvokeSpecial(java.lang.Object, int, java.lang.Object, java.lang.Object)'> (0x00000000d62a56a8) 
thrown [s\src\hotspot\share\interpreter\linkResolver.cpp, line 773]
Event: 9.825 Thread 0x0000024dc7808230 Exception <a 'java/io/FileNotFoundException'{0x00000000d62bb580}> (0x00000000d62bb580) 
thrown [s\src\hotspot\share\prims\jni.cpp, line 520]
Event: 9.826 Thread 0x0000024dc7808230 Exception <a 'java/io/FileNotFoundException'{0x00000000d62bc578}> (0x00000000d62bc578) 
thrown [s\src\hotspot\share\prims\jni.cpp, line 520]
Event: 10.044 Thread 0x0000024dc7808230 Exception <a 'java/lang/ClassNotFoundException'{0x00000000d6b89ed0}: com/sun/org/apache/xerces/internal/impl/msg/spi/DOMMessagesProvider> (0x00000000d6b89ed0) 
thrown [s\src\hotspot\share\classfile\systemDictionary.cpp, line 312]
Event: 10.045 Thread 0x0000024dc7808230 Exception <a 'java/lang/ClassNotFoundException'{0x00000000d6b9b638}: com/sun/org/apache/xerces/internal/impl/msg/spi/XMLSerializerMessagesProvider> (0x00000000d6b9b638) 
thrown [s\src\hotspot\share\classfile\systemDictionary.cpp, line 312]
Event: 10.046 Thread 0x0000024dc7808230 Exception <a 'java/lang/ClassNotFoundException'{0x00000000d6ba8958}: com/sun/org/apache/xerces/internal/impl/msg/spi/XMLMessagesProvider> (0x00000000d6ba8958) 
thrown [s\src\hotspot\share\classfile\systemDictionary.cpp, line 312]
Event: 10.235 Thread 0x0000024dc7808230 Exception <a 'java/lang/ClassNotFoundException'{0x00000000d5bfde88}: com/sun/org/apache/xml/internal/serializer/spi/XMLEntitiesProvider> (0x00000000d5bfde88) 
thrown [s\src\hotspot\share\classfile\systemDictionary.cpp, line 312]
Event: 10.347 Thread 0x0000024dc7808230 Exception <a 'java/io/FileNotFoundException'{0x00000000d5fcbdb8}> (0x00000000d5fcbdb8) 
thrown [s\src\hotspot\share\prims\jni.cpp, line 520]
Event: 10.369 Thread 0x0000024dc7808230 Exception <a 'java/lang/UnsatisfiedLinkError'{0x00000000d60e3630}: The specified procedure could not be found.
> (0x00000000d60e3630) 
thrown [s\src\hotspot\share\prims\jni.cpp, line 539]
Event: 10.375 Thread 0x0000024dc7808230 Exception <a 'java/io/FileNotFoundException'{0x00000000d60fb468}> (0x00000000d60fb468) 
thrown [s\src\hotspot\share\prims\jni.cpp, line 520]
Event: 10.386 Thread 0x0000024dc7808230 Exception <a 'java/io/FileNotFoundException'{0x00000000d6184ad8}> (0x00000000d6184ad8) 
thrown [s\src\hotspot\share\prims\jni.cpp, line 520]
Event: 10.395 Thread 0x0000024dc7808230 Exception <a 'java/lang/UnsatisfiedLinkError'{0x00000000d61b73b0}: The specified procedure could not be found.
> (0x00000000d61b73b0) 
thrown [s\src\hotspot\share\prims\jni.cpp, line 539]

ZGC Phase Switch (0 events):
No events

VM Operations (20 events):
Event: 8.654 Executing non-safepoint VM operation: HandshakeAllThreads (Deoptimize)
Event: 8.654 Executing non-safepoint VM operation: HandshakeAllThreads (Deoptimize) done
Event: 8.726 Executing safepoint VM operation: ICBufferFull
Event: 8.726 Executing safepoint VM operation: ICBufferFull done
Event: 8.816 Executing safepoint VM operation: ParallelGCFailedAllocation (Allocation Failure)
Event: 8.821 Executing safepoint VM operation: ParallelGCFailedAllocation (Allocation Failure) done
Event: 9.172 Executing non-safepoint VM operation: HandshakeAllThreads (Deoptimize)
Event: 9.172 Executing non-safepoint VM operation: HandshakeAllThreads (Deoptimize) done
Event: 9.274 Executing safepoint VM operation: CollectForMetadataAllocation (Metadata GC Threshold)
Event: 9.327 Executing safepoint VM operation: CollectForMetadataAllocation (Metadata GC Threshold) done
Event: 9.552 Executing safepoint VM operation: ParallelGCFailedAllocation (Allocation Failure)
Event: 9.554 Executing safepoint VM operation: ParallelGCFailedAllocation (Allocation Failure) done
Event: 9.746 Executing safepoint VM operation: ParallelGCFailedAllocation (Allocation Failure)
Event: 9.747 Executing safepoint VM operation: ParallelGCFailedAllocation (Allocation Failure) done
Event: 10.063 Executing safepoint VM operation: ParallelGCFailedAllocation (Allocation Failure)
Event: 10.065 Executing safepoint VM operation: ParallelGCFailedAllocation (Allocation Failure) done
Event: 10.104 Executing non-safepoint VM operation: HandshakeAllThreads (Deoptimize)
Event: 10.104 Executing non-safepoint VM operation: HandshakeAllThreads (Deoptimize) done
Event: 10.271 Executing non-safepoint VM operation: HandshakeAllThreads (Deoptimize)
Event: 10.271 Executing non-safepoint VM operation: HandshakeAllThreads (Deoptimize) done

Memory protections (0 events):
No events

Nmethod flushes (0 events):
No events

Events (20 events):
Event: 3.892 Thread 0x0000024dc7643e70 Thread exited: 0x0000024dc7643e70
Event: 3.912 Thread 0x0000024dc761bdd0 Thread added: 0x0000024dc78077f0
Event: 3.918 Thread 0x0000024de95bcf70 Thread added: 0x0000024dc7808230
Event: 4.259 Thread 0x0000024de9550470 Thread added: 0x0000024dc77c2700
Event: 4.260 Thread 0x0000024de9550470 Thread added: 0x0000024dc77c56b0
Event: 4.489 Thread 0x0000024dc77c56b0 Thread exited: 0x0000024dc77c56b0
Event: 4.493 Thread 0x0000024dc77c2700 Thread exited: 0x0000024dc77c2700
Event: 5.158 Thread 0x0000024de9550470 Thread added: 0x0000024dc77c34a0
Event: 5.299 Thread 0x0000024dc7808230 Thread added: 0x0000024dc7c17d30
Event: 5.647 Thread 0x0000024dc77c34a0 Thread exited: 0x0000024dc77c34a0
Event: 7.808 Thread 0x0000024dc7808230 Thread added: 0x0000024dc28be0b0
Event: 7.880 Thread 0x0000024de9550470 Thread added: 0x0000024dc7eada20
Event: 7.880 Thread 0x0000024de9550470 Thread added: 0x0000024dc7eae7c0
Event: 8.141 Thread 0x0000024dc7808230 Thread added: 0x0000024dc811b6a0
Event: 8.480 Thread 0x0000024dc7808230 Thread added: 0x0000024dc2afb080
Event: 8.508 Thread 0x0000024dc7808230 Thread added: 0x0000024dc2afa360
Event: 8.530 Thread 0x0000024dc7808230 Thread added: 0x0000024dc2afa9f0
Event: 9.148 Thread 0x0000024dc7eae7c0 Thread exited: 0x0000024dc7eae7c0
Event: 10.078 Thread 0x0000024dc7808230 Thread added: 0x0000024dc2afb710
Event: 10.141 Thread 0x0000024de9550470 Thread added: 0x0000024dc7eae0f0


Dynamic libraries:
0x00007ff767d30000 - 0x00007ff767d3e000 	c:\Users\siddu\.cursor\extensions\redhat.java-1.54.0-win32-x64\jre\21.0.10-win32-x86_64\bin\java.exe
0x00007ff97e0e0000 - 0x00007ff97e347000 	C:\Windows\SYSTEM32\ntdll.dll
0x00007ff97d030000 - 0x00007ff97d0f9000 	C:\Windows\System32\KERNEL32.DLL
0x00007ff97ad40000 - 0x00007ff97b137000 	C:\Windows\System32\KERNELBASE.dll
0x00007ff97ab10000 - 0x00007ff97ac5b000 	C:\Windows\System32\ucrtbase.dll
0x00007ff96d440000 - 0x00007ff96d458000 	c:\Users\siddu\.cursor\extensions\redhat.java-1.54.0-win32-x64\jre\21.0.10-win32-x86_64\bin\jli.dll
0x00007ff97cd60000 - 0x00007ff97cf26000 	C:\Windows\System32\USER32.dll
0x00007ff96d390000 - 0x00007ff96d3ae000 	c:\Users\siddu\.cursor\extensions\redhat.java-1.54.0-win32-x64\jre\21.0.10-win32-x86_64\bin\VCRUNTIME140.dll
0x00007ff97ad10000 - 0x00007ff97ad37000 	C:\Windows\System32\win32u.dll
0x00007ff97d270000 - 0x00007ff97d29b000 	C:\Windows\System32\GDI32.dll
0x00007ff97b140000 - 0x00007ff97b26c000 	C:\Windows\System32\gdi32full.dll
0x00007ff97ac60000 - 0x00007ff97ad03000 	C:\Windows\System32\msvcp_win.dll
0x00007ff96be80000 - 0x00007ff96c112000 	C:\Windows\WinSxS\amd64_microsoft.windows.common-controls_6595b64144ccf1df_6.0.26100.8457_none_3e0b2faee331e92d\COMCTL32.dll
0x00007ff97c9e0000 - 0x00007ff97ca89000 	C:\Windows\System32\msvcrt.dll
0x00007ff97c3b0000 - 0x00007ff97c3e2000 	C:\Windows\System32\IMM32.DLL
0x00007ff973400000 - 0x00007ff97340c000 	c:\Users\siddu\.cursor\extensions\redhat.java-1.54.0-win32-x64\jre\21.0.10-win32-x86_64\bin\vcruntime140_1.dll
0x00007ff94ffc0000 - 0x00007ff95004d000 	c:\Users\siddu\.cursor\extensions\redhat.java-1.54.0-win32-x64\jre\21.0.10-win32-x86_64\bin\msvcp140.dll
0x00007ff907650000 - 0x00007ff9083f1000 	c:\Users\siddu\.cursor\extensions\redhat.java-1.54.0-win32-x64\jre\21.0.10-win32-x86_64\bin\server\jvm.dll
0x00007ff97ca90000 - 0x00007ff97cb46000 	C:\Windows\System32\ADVAPI32.dll
0x00007ff97c850000 - 0x00007ff97c8f7000 	C:\Windows\System32\sechost.dll
0x00007ff97c720000 - 0x00007ff97c838000 	C:\Windows\System32\RPCRT4.dll
0x00007ff97dc20000 - 0x00007ff97dca0000 	C:\Windows\System32\WS2_32.dll
0x00007ff97a970000 - 0x00007ff97a9ce000 	C:\Windows\SYSTEM32\POWRPROF.dll
0x00007ff96c4a0000 - 0x00007ff96c4d6000 	C:\Windows\SYSTEM32\WINMM.dll
0x00007ff9734a0000 - 0x00007ff9734ab000 	C:\Windows\SYSTEM32\VERSION.dll
0x00007ff97a950000 - 0x00007ff97a964000 	C:\Windows\SYSTEM32\UMPDC.dll
0x00007ff979860000 - 0x00007ff97987b000 	C:\Windows\SYSTEM32\kernel.appcore.dll
0x00007ff96d510000 - 0x00007ff96d51a000 	c:\Users\siddu\.cursor\extensions\redhat.java-1.54.0-win32-x64\jre\21.0.10-win32-x86_64\bin\jimage.dll
0x00007ff978c10000 - 0x00007ff978e52000 	C:\Windows\SYSTEM32\DBGHELP.DLL
0x00007ff97dcb0000 - 0x00007ff97e033000 	C:\Windows\System32\combase.dll
0x00007ff97c900000 - 0x00007ff97c9d9000 	C:\Windows\System32\OLEAUT32.dll
0x00007ff957960000 - 0x00007ff95799b000 	C:\Windows\SYSTEM32\dbgcore.DLL
0x00007ff97b4b0000 - 0x00007ff97b558000 	C:\Windows\System32\bcryptPrimitives.dll
0x00007ff96cc00000 - 0x00007ff96cc0f000 	c:\Users\siddu\.cursor\extensions\redhat.java-1.54.0-win32-x64\jre\21.0.10-win32-x86_64\bin\instrument.dll
0x00007ff96cb40000 - 0x00007ff96cb60000 	c:\Users\siddu\.cursor\extensions\redhat.java-1.54.0-win32-x64\jre\21.0.10-win32-x86_64\bin\java.dll
0x00007ff97d2f0000 - 0x00007ff97da5e000 	C:\Windows\System32\SHELL32.dll
0x00007ff97b560000 - 0x00007ff97bdcc000 	C:\Windows\System32\windows.storage.dll
0x00007ff97c620000 - 0x00007ff97c716000 	C:\Windows\System32\SHCORE.dll
0x00007ff97cfc0000 - 0x00007ff97d026000 	C:\Windows\System32\shlwapi.dll
0x00007ff97aa30000 - 0x00007ff97aa59000 	C:\Windows\SYSTEM32\profapi.dll
0x00007ff96c990000 - 0x00007ff96c9a8000 	c:\Users\siddu\.cursor\extensions\redhat.java-1.54.0-win32-x64\jre\21.0.10-win32-x86_64\bin\zip.dll
0x00007ff96cbf0000 - 0x00007ff96cc00000 	C:\Users\siddu\.cursor\extensions\redhat.java-1.54.0-win32-x64\jre\21.0.10-win32-x86_64\bin\net.dll
0x00007ff971f60000 - 0x00007ff972089000 	C:\Windows\SYSTEM32\WINHTTP.dll
0x00007ff979db0000 - 0x00007ff979e1c000 	C:\Windows\system32\mswsock.dll
0x00007ff96c8a0000 - 0x00007ff96c8b6000 	C:\Users\siddu\.cursor\extensions\redhat.java-1.54.0-win32-x64\jre\21.0.10-win32-x86_64\bin\nio.dll
0x00007ff96c650000 - 0x00007ff96c660000 	c:\Users\siddu\.cursor\extensions\redhat.java-1.54.0-win32-x64\jre\21.0.10-win32-x86_64\bin\verify.dll
0x00007ff952990000 - 0x00007ff9529d5000 	C:\Users\siddu\AppData\Roaming\Cursor\User\globalStorage\redhat.java\1.54.0\config_win\org.eclipse.equinox.launcher\org.eclipse.equinox.launcher.win32.win32.x86_64_1.3.0.v20260203-2149\eclipse_11919.dll
0x00007ff97c3f0000 - 0x00007ff97c587000 	C:\Windows\System32\ole32.dll
0x00007ff97a1b0000 - 0x00007ff97a1cb000 	C:\Windows\SYSTEM32\CRYPTSP.dll
0x00007ff9797c0000 - 0x00007ff9797f9000 	C:\Windows\system32\rsaenh.dll
0x00007ff979e60000 - 0x00007ff979e93000 	C:\Windows\SYSTEM32\USERENV.dll
0x00007ff97aa00000 - 0x00007ff97aa2a000 	C:\Windows\SYSTEM32\bcrypt.dll
0x00007ff97a010000 - 0x00007ff97a01c000 	C:\Windows\SYSTEM32\CRYPTBASE.dll
0x00007ff979250000 - 0x00007ff979282000 	C:\Windows\SYSTEM32\IPHLPAPI.DLL
0x00007ff97cf30000 - 0x00007ff97cf3a000 	C:\Windows\System32\NSI.dll
0x00007ff94fdb0000 - 0x00007ff94fdf9000 	C:\Users\siddu\AppData\Local\Temp\jna-109432287\jna13826100693093549609.dll
0x00007ff97d260000 - 0x00007ff97d268000 	C:\Windows\System32\PSAPI.DLL
0x00007ff972520000 - 0x00007ff97253d000 	C:\Windows\SYSTEM32\dhcpcsvc6.DLL
0x00007ff9724f0000 - 0x00007ff972515000 	C:\Windows\SYSTEM32\dhcpcsvc.DLL

JVMTI agents:
c:\Users\siddu\.cursor\extensions\redhat.java-1.54.0-win32-x64\lombok\lombok-1.18.39-4050.jar path:c:\Users\siddu\.cursor\extensions\redhat.java-1.54.0-win32-x64\jre\21.0.10-win32-x86_64\bin\instrument.dll, loaded, initialized, instrumentlib options:none

dbghelp: loaded successfully - version: 4.0.5 - missing functions: none
symbol engine: initialized successfully - sym options: 0x614 - pdb path: .;c:\Users\siddu\.cursor\extensions\redhat.java-1.54.0-win32-x64\jre\21.0.10-win32-x86_64\bin;C:\Windows\SYSTEM32;C:\Windows\WinSxS\amd64_microsoft.windows.common-controls_6595b64144ccf1df_6.0.26100.8457_none_3e0b2faee331e92d;c:\Users\siddu\.cursor\extensions\redhat.java-1.54.0-win32-x64\jre\21.0.10-win32-x86_64\bin\server;C:\Users\siddu\AppData\Roaming\Cursor\User\globalStorage\redhat.java\1.54.0\config_win\org.eclipse.equinox.launcher\org.eclipse.equinox.launcher.win32.win32.x86_64_1.3.0.v20260203-2149;C:\Users\siddu\AppData\Local\Temp\jna-109432287

VM Arguments:
jvm_args: --add-modules=ALL-SYSTEM --add-opens=java.base/java.util=ALL-UNNAMED --add-opens=java.base/java.lang=ALL-UNNAMED --add-opens=java.base/sun.nio.fs=ALL-UNNAMED -Declipse.application=org.eclipse.jdt.ls.core.id1 -Dosgi.bundles.defaultStartLevel=4 -Declipse.product=org.eclipse.jdt.ls.core.product -Djava.import.generatesMetadataFilesAtProjectRoot=false -DDetectVMInstallationsJob.disabled=true -Dfile.encoding=utf8 -XX:+UseParallelGC -XX:GCTimeRatio=4 -XX:AdaptiveSizePolicyWeight=90 -Dsun.zip.disableMemoryMapping=true -Xmx2G -Xms100m -Xlog:disable -javaagent:c:\Users\siddu\.cursor\extensions\redhat.java-1.54.0-win32-x64\lombok\lombok-1.18.39-4050.jar -XX:+HeapDumpOnOutOfMemoryError -XX:HeapDumpPath=c:\Users\siddu\AppData\Roaming\Cursor\User\workspaceStorage\848d4c9def023cabf97f63f7242684c7\redhat.java -Daether.dependencyCollector.impl=bf 
java_command: c:\Users\siddu\.cursor\extensions\redhat.java-1.54.0-win32-x64\server\plugins\org.eclipse.equinox.launcher_1.7.100.v20251111-0406.jar -configuration c:\Users\siddu\AppData\Roaming\Cursor\User\globalStorage\redhat.java\1.54.0\config_win -data c:\Users\siddu\AppData\Roaming\Cursor\User\workspaceStorage\848d4c9def023cabf97f63f7242684c7\redhat.java\jdt_ws --pipe=\\.\pipe\lsp-69a6a63bd4b9ddab8abe2d4bbf1f19a6-sock
java_class_path (initial): c:\Users\siddu\.cursor\extensions\redhat.java-1.54.0-win32-x64\server\plugins\org.eclipse.equinox.launcher_1.7.100.v20251111-0406.jar
Launcher Type: SUN_STANDARD

[Global flags]
    uintx AdaptiveSizePolicyWeight                 = 90                                        {product} {command line}
     intx CICompilerCount                          = 4                                         {product} {ergonomic}
    uintx GCTimeRatio                              = 4                                         {product} {command line}
     bool HeapDumpOnOutOfMemoryError               = true                                   {manageable} {command line}
    ccstr HeapDumpPath                             = c:\Users\siddu\AppData\Roaming\Cursor\User\workspaceStorage\848d4c9def023cabf97f63f7242684c7\redhat.java         {manageable} {command line}
   size_t InitialHeapSize                          = 104857600                                 {product} {command line}
   size_t MaxHeapSize                              = 2147483648                                {product} {command line}
   size_t MaxNewSize                               = 715653120                                 {product} {ergonomic}
   size_t MinHeapDeltaBytes                        = 524288                                    {product} {ergonomic}
   size_t MinHeapSize                              = 104857600                                 {product} {command line}
   size_t NewSize                                  = 34603008                                  {product} {ergonomic}
    uintx NonNMethodCodeHeapSize                   = 5839372                                {pd product} {ergonomic}
    uintx NonProfiledCodeHeapSize                  = 122909434                              {pd product} {ergonomic}
   size_t OldSize                                  = 70254592                                  {product} {ergonomic}
    uintx ProfiledCodeHeapSize                     = 122909434                              {pd product} {ergonomic}
    uintx ReservedCodeCacheSize                    = 251658240                              {pd product} {ergonomic}
     bool SegmentedCodeCache                       = true                                      {product} {ergonomic}
   size_t SoftMaxHeapSize                          = 2147483648                             {manageable} {ergonomic}
     bool UseCompressedOops                        = true                           {product lp64_product} {ergonomic}
     bool UseLargePagesIndividualAllocation        = false                                  {pd product} {ergonomic}
     bool UseParallelGC                            = true                                      {product} {command line}

Logging:
Log output configuration:
 #0: stdout all=off uptime,level,tags foldmultilines=false
 #1: stderr all=off uptime,level,tags foldmultilines=false

Release file:
JAVA_VERSION="21.0.10" 
MODULES="java.base java.compiler java.datatransfer java.xml java.prefs java.desktop java.instrument java.logging java.management java.security.sasl java.naming java.rmi java.management.rmi java.net.http java.scripting java.security.jgss java.transaction.xa java.sql java.sql.rowset java.xml.crypto java.se java.smartcardio jdk.accessibility jdk.internal.jvmstat jdk.attach jdk.charsets jdk.internal.opt jdk.zipfs jdk.compiler jdk.crypto.ec jdk.crypto.cryptoki jdk.crypto.mscapi jdk.dynalink jdk.internal.ed jdk.editpad jdk.hotspot.agent jdk.httpserver jdk.internal.le jdk.internal.vm.ci jdk.internal.vm.compiler jdk.internal.vm.compiler.management jdk.jartool jdk.javadoc jdk.jcmd jdk.management jdk.management.agent jdk.jconsole jdk.jdeps jdk.jdwp.agent jdk.jdi jdk.jfr jdk.jshell jdk.jsobject jdk.jstatd jdk.localedata jdk.management.jfr jdk.naming.dns jdk.naming.rmi jdk.net jdk.nio.mapmode jdk.random jdk.sctp jdk.security.auth jdk.security.jgss jdk.unsupported jdk.unsupported.desktop jdk.xml.dom" 

Environment Variables:
PATH=C:\Program Files\Common Files\Oracle\Java\javapath;C:\Windows\system32;C:\Windows;C:\Windows\System32\Wbem;C:\Windows\System32\WindowsPowerShell\v1.0\;C:\Windows\System32\OpenSSH\;C:\Program Files\Intel\WiFi\bin\;C:\Program Files\Common Files\Intel\WirelessCommon\;C:\Program Files\MongoDB\Server\6.0\bin;C:\mongosh;C:\Program Files\nodejs\;C:\Program Files\Git\cmd;C:\Program Files\MySQL\MySQL Shell 8.0\bin\;C:\Users\siddu\AppData\Local\Microsoft\WindowsApps;C:\mongosh\;C:\Users\siddu\AppData\Roaming\npm;C:\Users\siddu\AppData\Local\Programs\Microsoft VS Code\bin;C:\Users\siddu\AppData\Local\Programs\Antigravity\bin;C:\Users\siddu\AppData\Local\Programs\cursor\resources\app\bin;C:\Users\siddu\AppData\Local\PowerToys\DSCModules\
USERNAME=siddu
OS=Windows_NT
PROCESSOR_IDENTIFIER=Intel64 Family 6 Model 142 Stepping 10, GenuineIntel
TMP=C:\Users\siddu\AppData\Local\Temp
TEMP=C:\Users\siddu\AppData\Local\Temp




Periodic native trim disabled

---------------  S Y S T E M  ---------------

OS:
 Windows 11 , 64 bit Build 26100 (10.0.26100.8328)
OS uptime: 2 days 3:04 hours
Hyper-V role detected

CPU: total 8 (initial active 8) (4 cores per cpu, 2 threads per core) family 6 model 142 stepping 10 microcode 0xe0, cx8, cmov, fxsr, ht, mmx, 3dnowpref, sse, sse2, sse3, ssse3, sse4.1, sse4.2, popcnt, lzcnt, tsc, tscinvbit, avx, avx2, aes, erms, clmul, bmi1, bmi2, rtm, adx, fma, vzeroupper, clflush, clflushopt, hv, rdtscp, f16c
Processor Information for the first 8 processors :
  Max Mhz: 1896, Current Mhz: 1696, Mhz Limit: 1687

Memory: 4k page, system-wide physical 8071M (847M free)
TotalPageFile size 11377M (AvailPageFile size 1M)
current process WorkingSet (physical memory assigned to process): 183M, peak: 183M
current process commit charge ("private bytes"): 309M, peak: 309M

vm_info: OpenJDK 64-Bit Server VM (21.0.10+7-LTS) for windows-amd64 JRE (21.0.10+7-LTS), built on 2026-01-20T00:00:00Z by "admin" with MS VC++ 17.12 (VS2022)

END.
