#
# There is insufficient memory for the Java Runtime Environment to continue.
# Native memory allocation (malloc) failed to allocate 1195408 bytes. Error detail: Chunk::new
# Possible reasons:
#   The system is out of physical RAM or swap space
#   This process is running with CompressedOops enabled, and the Java Heap may be blocking the growth of the native heap
# Possible solutions:
#   Reduce memory load on the system
#   Increase physical memory or swap space
#   Check if swap backing store is full
#   Decrease Java heap size (-Xmx/-Xms)
#   Decrease number of Java threads
#   Decrease Java thread stack sizes (-Xss)
#   Set larger code cache with -XX:ReservedCodeCacheSize=
#   JVM is running with Unscaled Compressed Oops mode in which the Java heap is
#     placed in the first 4GB address space. The Java Heap base address is the
#     maximum limit for the native heap growth. Please use -XX:HeapBaseMinAddress
#     to set the Java Heap base and to place the Java Heap above 4GB virtual address.
# This output file may be truncated or incomplete.
#
#  Out of Memory Error (arena.cpp:168), pid=4084, tid=1740
#
# JRE version: OpenJDK Runtime Environment Temurin-21.0.10+7 (21.0.10+7) (build 21.0.10+7-LTS)
# Java VM: OpenJDK 64-Bit Server VM Temurin-21.0.10+7 (21.0.10+7-LTS, mixed mode, sharing, tiered, compressed oops, compressed class ptrs, parallel gc, windows-amd64)
# No core dump will be written. Minidumps are not enabled by default on client versions of Windows
#

---------------  S U M M A R Y ------------

Command Line: --add-modules=ALL-SYSTEM --add-opens=java.base/java.util=ALL-UNNAMED --add-opens=java.base/java.lang=ALL-UNNAMED --add-opens=java.base/sun.nio.fs=ALL-UNNAMED -Declipse.application=org.eclipse.jdt.ls.core.id1 -Dosgi.bundles.defaultStartLevel=4 -Declipse.product=org.eclipse.jdt.ls.core.product -Djava.import.generatesMetadataFilesAtProjectRoot=false -DDetectVMInstallationsJob.disabled=true -Dfile.encoding=utf8 -XX:+UseParallelGC -XX:GCTimeRatio=4 -XX:AdaptiveSizePolicyWeight=90 -Dsun.zip.disableMemoryMapping=true -Xmx2G -Xms100m -Xlog:disable -javaagent:c:\Users\siddu\.cursor\extensions\redhat.java-1.54.0-win32-x64\lombok\lombok-1.18.39-4050.jar -XX:+HeapDumpOnOutOfMemoryError -XX:HeapDumpPath=c:\Users\siddu\AppData\Roaming\Cursor\User\workspaceStorage\848d4c9def023cabf97f63f7242684c7\redhat.java -Daether.dependencyCollector.impl=bf c:\Users\siddu\.cursor\extensions\redhat.java-1.54.0-win32-x64\server\plugins\org.eclipse.equinox.launcher_1.7.100.v20251111-0406.jar -configuration c:\Users\siddu\AppData\Roaming\Cursor\User\globalStorage\redhat.java\1.54.0\config_win -data c:\Users\siddu\AppData\Roaming\Cursor\User\workspaceStorage\848d4c9def023cabf97f63f7242684c7\redhat.java\jdt_ws --pipe=\\.\pipe\lsp-6bcbc629c9a9ef37cdb5dad557d1e3b1-sock

Host: Intel(R) Core(TM) i5-8350U CPU @ 1.70GHz, 8 cores, 7G,  Windows 11 , 64 bit Build 26100 (10.0.26100.8328)
Time: Fri Jun  5 14:13:59 2026 India Standard Time elapsed time: 8.154149 seconds (0d 0h 0m 8s)

---------------  T H R E A D  ---------------

Current thread (0x000001f89c1b7e70):  JavaThread "C2 CompilerThread0" daemon [_thread_in_native, id=1740, stack(0x000000912f500000,0x000000912f600000) (1024K)]


Current CompileTask:
C2:8154 5540       4       java.lang.invoke.MethodType::makeImpl (109 bytes)

Stack: [0x000000912f500000,0x000000912f600000]
Native frames: (J=compiled Java code, j=interpreted, Vv=VM code, C=native code)
V  [jvm.dll+0x6d7a39]
V  [jvm.dll+0x8b4b26]
V  [jvm.dll+0x8b70de]
V  [jvm.dll+0x8b77c3]
V  [jvm.dll+0x284346]
V  [jvm.dll+0xc66ed]
V  [jvm.dll+0xc6c31]
V  [jvm.dll+0x3bec3b]
V  [jvm.dll+0x1e3f69]
V  [jvm.dll+0x24c6b3]
V  [jvm.dll+0x24bb40]
V  [jvm.dll+0x1cb34e]
V  [jvm.dll+0x25b85d]
V  [jvm.dll+0x259dea]
V  [jvm.dll+0x3f857e]
V  [jvm.dll+0x85f59d]
V  [jvm.dll+0x6d626d]
C  [ucrtbase.dll+0x37b0]
C  [KERNEL32.DLL+0x2e957]
C  [ntdll.dll+0x427c]


---------------  P R O C E S S  ---------------

Threads class SMR info:
_java_thread_list=0x000001f8fade7cc0, length=46, elements={
0x000001f89c23ab90, 0x000001f89c1aec80, 0x000001f89c1b24a0, 0x000001f89c1b3100,
0x000001f89c1b5b70, 0x000001f89c1b65d0, 0x000001f89c1b7030, 0x000001f89c1b7e70,
0x000001f8f5578900, 0x000001f8f5787fe0, 0x000001f8f58bc400, 0x000001f8fa9e5ae0,
0x000001f8fa13c080, 0x000001f8fa8d1710, 0x000001f8fa80f150, 0x000001f8fa795880,
0x000001f8fb2ca400, 0x000001f8faa326f0, 0x000001f8faa30bb0, 0x000001f8fa91eb80,
0x000001f8fb5aef10, 0x000001f8fb5adb60, 0x000001f8fb5ace40, 0x000001f8fb5aba90,
0x000001f8fb5ae880, 0x000001f8fb5ac120, 0x000001f8fb5ac7b0, 0x000001f8fb5ae1f0,
0x000001f8fd17db00, 0x000001f8fd17e190, 0x000001f8fd17cde0, 0x000001f8fd1808f0,
0x000001f8fd180260, 0x000001f8fd17d470, 0x000001f8fd181610, 0x000001f8fd181ca0,
0x000001f8fd17e820, 0x000001f8fd17eeb0, 0x000001f8fd17f540, 0x000001f8fd17fbd0,
0x000001f8fd184400, 0x000001f8fd183d70, 0x000001f8fd180f80, 0x000001f8fd182330,
0x000001f8fd183050, 0x000001f8fd1829c0
}

Java Threads: ( => current thread )
  0x000001f89c23ab90 JavaThread "main"                              [_thread_blocked, id=4284, stack(0x000000912eb00000,0x000000912ec00000) (1024K)]
  0x000001f89c1aec80 JavaThread "Reference Handler"          daemon [_thread_blocked, id=3652, stack(0x000000912ef00000,0x000000912f000000) (1024K)]
  0x000001f89c1b24a0 JavaThread "Finalizer"                  daemon [_thread_blocked, id=4292, stack(0x000000912f000000,0x000000912f100000) (1024K)]
  0x000001f89c1b3100 JavaThread "Signal Dispatcher"          daemon [_thread_blocked, id=12368, stack(0x000000912f100000,0x000000912f200000) (1024K)]
  0x000001f89c1b5b70 JavaThread "Attach Listener"            daemon [_thread_blocked, id=6924, stack(0x000000912f200000,0x000000912f300000) (1024K)]
  0x000001f89c1b65d0 JavaThread "Service Thread"             daemon [_thread_blocked, id=12224, stack(0x000000912f300000,0x000000912f400000) (1024K)]
  0x000001f89c1b7030 JavaThread "Monitor Deflation Thread"   daemon [_thread_blocked, id=3980, stack(0x000000912f400000,0x000000912f500000) (1024K)]
=>0x000001f89c1b7e70 JavaThread "C2 CompilerThread0"         daemon [_thread_in_native, id=1740, stack(0x000000912f500000,0x000000912f600000) (1024K)]
  0x000001f8f5578900 JavaThread "C1 CompilerThread0"         daemon [_thread_blocked, id=10400, stack(0x000000912f600000,0x000000912f700000) (1024K)]
  0x000001f8f5787fe0 JavaThread "Common-Cleaner"             daemon [_thread_blocked, id=5908, stack(0x000000912f800000,0x000000912f900000) (1024K)]
  0x000001f8f58bc400 JavaThread "Notification Thread"        daemon [_thread_blocked, id=3080, stack(0x000000912f900000,0x000000912fa00000) (1024K)]
  0x000001f8fa9e5ae0 JavaThread "Active Thread: Equinox Container: 247607f4-3cb5-4578-bfe6-81dbdaa0948a"        [_thread_blocked, id=364, stack(0x0000009130100000,0x0000009130200000) (1024K)]
  0x000001f8fa13c080 JavaThread "Refresh Thread: Equinox Container: 247607f4-3cb5-4578-bfe6-81dbdaa0948a" daemon [_thread_blocked, id=15836, stack(0x0000009130300000,0x0000009130400000) (1024K)]
  0x000001f8fa8d1710 JavaThread "Framework Event Dispatcher: Equinox Container: 247607f4-3cb5-4578-bfe6-81dbdaa0948a" daemon [_thread_blocked, id=15604, stack(0x0000009130400000,0x0000009130500000) (1024K)]
  0x000001f8fa80f150 JavaThread "Start Level: Equinox Container: 247607f4-3cb5-4578-bfe6-81dbdaa0948a" daemon [_thread_blocked, id=9728, stack(0x0000009130500000,0x0000009130600000) (1024K)]
  0x000001f8fa795880 JavaThread "Bundle File Closer"         daemon [_thread_blocked, id=11120, stack(0x0000009130600000,0x0000009130700000) (1024K)]
  0x000001f8fb2ca400 JavaThread "SCR Component Actor"        daemon [_thread_blocked, id=8144, stack(0x000000912f700000,0x000000912f800000) (1024K)]
  0x000001f8faa326f0 JavaThread "C2 CompilerThread1"         daemon [_thread_in_native, id=6940, stack(0x000000912fa00000,0x000000912fb00000) (1024K)]
  0x000001f8faa30bb0 JavaThread "C2 CompilerThread2"         daemon [_thread_in_native, id=14328, stack(0x0000009130700000,0x0000009130800000) (1024K)]
  0x000001f8fa91eb80 JavaThread "Worker-JM"                         [_thread_blocked, id=15256, stack(0x0000009130800000,0x0000009130900000) (1024K)]
  0x000001f8fb5aef10 JavaThread "JNA Cleaner"                daemon [_thread_blocked, id=14288, stack(0x0000009130900000,0x0000009130a00000) (1024K)]
  0x000001f8fb5adb60 JavaThread "Worker-0: Initialize Workspace"        [_thread_blocked, id=9640, stack(0x0000009130a00000,0x0000009130b00000) (1024K)]
  0x000001f8fb5ace40 JavaThread "Worker-1"                          [_thread_blocked, id=16204, stack(0x0000009130b00000,0x0000009130c00000) (1024K)]
  0x000001f8fb5aba90 JavaThread "Java indexing"              daemon [_thread_blocked, id=12420, stack(0x0000009130c00000,0x0000009130d00000) (1024K)]
  0x000001f8fb5ae880 JavaThread "Worker-2"                          [_thread_blocked, id=10416, stack(0x0000009131000000,0x0000009131100000) (1024K)]
  0x000001f8fb5ac120 JavaThread "Worker-3: Repository registry initialization"        [_thread_in_vm, id=8304, stack(0x0000009131100000,0x0000009131200000) (1024K)]
  0x000001f8fb5ac7b0 JavaThread "Thread-1"                   daemon [_thread_in_native, id=11428, stack(0x0000009131200000,0x0000009131300000) (1024K)]
  0x000001f8fb5ae1f0 JavaThread "Thread-2"                   daemon [_thread_in_native, id=8688, stack(0x0000009131300000,0x0000009131400000) (1024K)]
  0x000001f8fd17db00 JavaThread "Thread-3"                   daemon [_thread_in_native, id=11304, stack(0x0000009131400000,0x0000009131500000) (1024K)]
  0x000001f8fd17e190 JavaThread "Thread-4"                   daemon [_thread_in_native, id=14500, stack(0x0000009131500000,0x0000009131600000) (1024K)]
  0x000001f8fd17cde0 JavaThread "Thread-5"                   daemon [_thread_in_native, id=3092, stack(0x0000009131600000,0x0000009131700000) (1024K)]
  0x000001f8fd1808f0 JavaThread "Thread-6"                   daemon [_thread_in_native, id=8536, stack(0x0000009131700000,0x0000009131800000) (1024K)]
  0x000001f8fd180260 JavaThread "Thread-7"                   daemon [_thread_in_native, id=7104, stack(0x0000009131800000,0x0000009131900000) (1024K)]
  0x000001f8fd17d470 JavaThread "Thread-8"                   daemon [_thread_in_native, id=6268, stack(0x0000009131900000,0x0000009131a00000) (1024K)]
  0x000001f8fd181610 JavaThread "Thread-9"                   daemon [_thread_in_native, id=11732, stack(0x0000009131a00000,0x0000009131b00000) (1024K)]
  0x000001f8fd181ca0 JavaThread "pool-2-thread-1"                   [_thread_blocked, id=7776, stack(0x0000009131b00000,0x0000009131c00000) (1024K)]
  0x000001f8fd17e820 JavaThread "Worker-4"                          [_thread_blocked, id=8680, stack(0x0000009131c00000,0x0000009131d00000) (1024K)]
  0x000001f8fd17eeb0 JavaThread "ForkJoinPool.commonPool-worker-1" daemon [_thread_blocked, id=5572, stack(0x0000009131d00000,0x0000009131e00000) (1024K)]
  0x000001f8fd17f540 JavaThread "ForkJoinPool.commonPool-worker-2" daemon [_thread_blocked, id=13692, stack(0x0000009131e00000,0x0000009131f00000) (1024K)]
  0x000001f8fd17fbd0 JavaThread "ForkJoinPool.commonPool-worker-3" daemon [_thread_blocked, id=10300, stack(0x0000009131f00000,0x0000009132000000) (1024K)]
  0x000001f8fd184400 JavaThread "ForkJoinPool.commonPool-worker-4" daemon [_thread_blocked, id=16132, stack(0x0000009132000000,0x0000009132100000) (1024K)]
  0x000001f8fd183d70 JavaThread "ForkJoinPool.commonPool-worker-5" daemon [_thread_blocked, id=3552, stack(0x0000009132100000,0x0000009132200000) (1024K)]
  0x000001f8fd180f80 JavaThread "ForkJoinPool.commonPool-worker-6" daemon [_thread_blocked, id=16000, stack(0x0000009132200000,0x0000009132300000) (1024K)]
  0x000001f8fd182330 JavaThread "ForkJoinPool.commonPool-worker-7" daemon [_thread_blocked, id=5868, stack(0x0000009132300000,0x0000009132400000) (1024K)]
  0x000001f8fd183050 JavaThread "WorkspaceEventsHandler"            [_thread_blocked, id=15716, stack(0x0000009132400000,0x0000009132500000) (1024K)]
  0x000001f8fd1829c0 JavaThread "pool-1-thread-1"                   [_thread_blocked, id=4560, stack(0x0000009132500000,0x0000009132600000) (1024K)]
Total: 46

Other Threads:
  0x000001f89c192870 VMThread "VM Thread"                           [id=11588, stack(0x000000912ee00000,0x000000912ef00000) (1024K)]
  0x000001f89c0cca00 WatcherThread "VM Periodic Task Thread"        [id=5336, stack(0x000000912ed00000,0x000000912ee00000) (1024K)]
  0x000001f89c258ce0 WorkerThread "GC Thread#0"                     [id=6720, stack(0x000000912ec00000,0x000000912ed00000) (1024K)]
  0x000001f8fa8d4c90 WorkerThread "GC Thread#1"                     [id=2952, stack(0x000000912fb00000,0x000000912fc00000) (1024K)]
  0x000001f8fa8d5040 WorkerThread "GC Thread#2"                     [id=16060, stack(0x000000912fc00000,0x000000912fd00000) (1024K)]
  0x000001f8fa8d53f0 WorkerThread "GC Thread#3"                     [id=12292, stack(0x000000912fd00000,0x000000912fe00000) (1024K)]
  0x000001f8fa8d57a0 WorkerThread "GC Thread#4"                     [id=6932, stack(0x000000912fe00000,0x000000912ff00000) (1024K)]
  0x000001f8fa8d5b50 WorkerThread "GC Thread#5"                     [id=14860, stack(0x000000912ff00000,0x0000009130000000) (1024K)]
  0x000001f8fa6a8f40 WorkerThread "GC Thread#6"                     [id=10364, stack(0x0000009130000000,0x0000009130100000) (1024K)]
  0x000001f8fa86e450 WorkerThread "GC Thread#7"                     [id=15060, stack(0x0000009130200000,0x0000009130300000) (1024K)]
Total: 10

Threads with active compile tasks:
C2 CompilerThread0  8197 5540       4       java.lang.invoke.MethodType::makeImpl (109 bytes)
C2 CompilerThread1  8197 5757   !   4       org.eclipse.osgi.internal.loader.BundleLoader::findLocalClass (159 bytes)
C2 CompilerThread2  8197 5758   !   4       org.eclipse.osgi.internal.loader.classpath.ClasspathManager::findLocalClass (210 bytes)
Total: 3

VM state: not at safepoint (normal execution)

VM Mutex/Monitor currently owned by a thread: None

Heap address: 0x0000000080000000, size: 2048 MB, Compressed Oops mode: 32-bit

CDS archive(s) mapped at: [0x000001f8b3000000-0x000001f8b3ba0000-0x000001f8b3ba0000), size 12189696, SharedBaseAddress: 0x000001f8b3000000, ArchiveRelocationMode: 1.
Compressed class space mapped at: 0x000001f8b4000000-0x000001f8f4000000, reserved size: 1073741824
Narrow klass base: 0x000001f8b3000000, Narrow klass shift: 0, Narrow klass range: 0x100000000

GC Precious Log:
 CardTable entry size: 512
 CPUs: 8 total, 8 available
 Memory: 8071M
 Large Page Support: Disabled
 NUMA Support: Disabled
 Compressed Oops: Enabled (32-bit)
 Alignments: Space 512K, Generation 512K, Heap 2M
 Heap Min Capacity: 100M
 Heap Initial Capacity: 100M
 Heap Max Capacity: 2G
 Pre-touch: Disabled
 Parallel Workers: 8

Heap:
 PSYoungGen      total 17408K, used 13836K [0x00000000d5580000, 0x00000000d6a80000, 0x0000000100000000)
  eden space 16384K, 78% used [0x00000000d5580000,0x00000000d6209e60,0x00000000d6580000)
  from space 1024K, 97% used [0x00000000d6900000,0x00000000d69f91b0,0x00000000d6a00000)
  to   space 512K, 0% used [0x00000000d6a00000,0x00000000d6a00000,0x00000000d6a80000)
 ParOldGen       total 68608K, used 32425K [0x0000000080000000, 0x0000000084300000, 0x00000000d5580000)
  object space 68608K, 47% used [0x0000000080000000,0x0000000081faa7f8,0x0000000084300000)
 Metaspace       used 45471K, committed 46720K, reserved 1114112K
  class space    used 5016K, committed 5568K, reserved 1048576K

Card table byte_map: [0x000001f89bbe0000,0x000001f89bff0000] _byte_map_base: 0x000001f89b7e0000

Marking Bits: (ParMarkBitMap*) 0x00007ff908313450
 Begin Bits: [0x000001f8ae6f0000, 0x000001f8b06f0000)
 End Bits:   [0x000001f8b06f0000, 0x000001f8b26f0000)

Polling page: 0x000001f89a0c0000

Metaspace:

Usage:
  Non-class:     39.51 MB used.
      Class:      4.90 MB used.
       Both:     44.41 MB used.

Virtual space:
  Non-class space:       64.00 MB reserved,      40.19 MB ( 63%) committed,  1 nodes.
      Class space:        1.00 GB reserved,       5.44 MB ( <1%) committed,  1 nodes.
             Both:        1.06 GB reserved,      45.62 MB (  4%) committed. 

Chunk freelists:
   Non-Class:  7.59 MB
       Class:  10.48 MB
        Both:  18.07 MB

MaxMetaspaceSize: unlimited
CompressedClassSpaceSize: 1.00 GB
Initial GC threshold: 21.00 MB
Current GC threshold: 58.38 MB
CDS: on
 - commit_granule_bytes: 65536.
 - commit_granule_words: 8192.
 - virtual_space_node_default_size: 8388608.
 - enlarge_chunks_in_place: 1.
 - use_allocation_guard: 0.


Internal statistics:

num_allocs_failed_limit: 6.
num_arena_births: 968.
num_arena_deaths: 14.
num_vsnodes_births: 2.
num_vsnodes_deaths: 0.
num_space_committed: 730.
num_space_uncommitted: 0.
num_chunks_returned_to_freelist: 20.
num_chunks_taken_from_freelist: 3033.
num_chunk_merges: 8.
num_chunk_splits: 1875.
num_chunks_enlarged: 1071.
num_inconsistent_stats: 0.

CodeHeap 'non-profiled nmethods': size=120000Kb used=2610Kb max_used=2610Kb free=117390Kb
 bounds [0x000001f8a6f10000, 0x000001f8a71a0000, 0x000001f8ae440000]
CodeHeap 'profiled nmethods': size=120000Kb used=10950Kb max_used=10950Kb free=109049Kb
 bounds [0x000001f89f440000, 0x000001f89ff00000, 0x000001f8a6970000]
CodeHeap 'non-nmethods': size=5760Kb used=1363Kb max_used=1454Kb free=4397Kb
 bounds [0x000001f8a6970000, 0x000001f8a6be0000, 0x000001f8a6f10000]
CodeCache: size=245760Kb, used=14923Kb, max_used=15014Kb, free=230836Kb
 total_blobs=6049, nmethods=5388, adapters=567, full_count=0
Compilation: enabled, stopped_count=0, restarted_count=0

Compilation events (20 events):
Event: 8.132 Thread 0x000001f8f5578900 nmethod 5921 0x000001f89fed4590 code [0x000001f89fed4740, 0x000001f89fed4918]
Event: 8.133 Thread 0x000001f8f5578900 5923       3       org.eclipse.sisu.plexus.PlexusLifecycleManager::manage (62 bytes)
Event: 8.134 Thread 0x000001f8f5578900 nmethod 5923 0x000001f89fed4a10 code [0x000001f89fed4be0, 0x000001f89fed4f78]
Event: 8.137 Thread 0x000001f8f5578900 5924       3       java.util.regex.Pattern$$Lambda/0x000001f8b4068548::is (5 bytes)
Event: 8.137 Thread 0x000001f8f5578900 nmethod 5924 0x000001f89fed5110 code [0x000001f89fed52c0, 0x000001f89fed5518]
Event: 8.137 Thread 0x000001f8f5578900 5925       3       java.util.regex.Pattern::lambda$DOT$11 (34 bytes)
Event: 8.138 Thread 0x000001f8f5578900 nmethod 5925 0x000001f89fed5610 code [0x000001f89fed57c0, 0x000001f89fed5998]
Event: 8.138 Thread 0x000001f8f5578900 5926       3       java.lang.ClassValue$Entry::<init> (11 bytes)
Event: 8.139 Thread 0x000001f8f5578900 nmethod 5926 0x000001f89fed5a10 code [0x000001f89fed5be0, 0x000001f89fed5ef0]
Event: 8.140 Thread 0x000001f8f5578900 5928       3       java.lang.ClassValue::getFromBackup (21 bytes)
Event: 8.140 Thread 0x000001f8f5578900 nmethod 5928 0x000001f89fed6010 code [0x000001f89fed61e0, 0x000001f89fed64b0]
Event: 8.140 Thread 0x000001f8f5578900 5929       3       java.lang.ClassValue$ClassValueMap::probeBackupLocations (151 bytes)
Event: 8.142 Thread 0x000001f8f5578900 nmethod 5929 0x000001f89fed6610 code [0x000001f89fed68c0, 0x000001f89fed7d28]
Event: 8.142 Thread 0x000001f8f5578900 5930       3       java.lang.ClassValue::makeEntry (10 bytes)
Event: 8.143 Thread 0x000001f8f5578900 nmethod 5930 0x000001f89fed8310 code [0x000001f89fed84e0, 0x000001f89fed87c8]
Event: 8.143 Thread 0x000001f8f5578900 5931  s    3       java.lang.ClassValue$ClassValueMap::finishEntry (117 bytes)
Event: 8.144 Thread 0x000001f8f5578900 nmethod 5931 0x000001f89fed8910 code [0x000001f89fed8ba0, 0x000001f89fed9b78]
Event: 8.145 Thread 0x000001f8f5578900 5934       3       java.lang.WeakPairMap$Pair$Lookup::hashCode (12 bytes)
Event: 8.145 Thread 0x000001f8f5578900 nmethod 5934 0x000001f89fed9f10 code [0x000001f89feda0c0, 0x000001f89feda290]
Event: 8.146 Thread 0x000001f8f5578900 5933       3       java.lang.PublicMethods::merge (81 bytes)

GC Heap History (20 events):
Event: 5.892 GC heap before
{Heap before GC invocations=12 (full 1):
 PSYoungGen      total 24576K, used 24561K [0x00000000d5580000, 0x00000000d7400000, 0x0000000100000000)
  eden space 23040K, 100% used [0x00000000d5580000,0x00000000d6c00000,0x00000000d6c00000)
  from space 1536K, 99% used [0x00000000d7200000,0x00000000d737c6f8,0x00000000d7380000)
  to   space 4096K, 0% used [0x00000000d6c00000,0x00000000d6c00000,0x00000000d7000000)
 ParOldGen       total 68608K, used 15332K [0x0000000080000000, 0x0000000084300000, 0x00000000d5580000)
  object space 68608K, 22% used [0x0000000080000000,0x0000000080ef92b0,0x0000000084300000)
 Metaspace       used 31257K, committed 32320K, reserved 1114112K
  class space    used 3141K, committed 3584K, reserved 1048576K
}
Event: 5.895 GC heap after
{Heap after GC invocations=12 (full 1):
 PSYoungGen      total 25600K, used 2370K [0x00000000d5580000, 0x00000000d7280000, 0x0000000100000000)
  eden space 23040K, 0% used [0x00000000d5580000,0x00000000d5580000,0x00000000d6c00000)
  from space 2560K, 92% used [0x00000000d6c00000,0x00000000d6e50ba8,0x00000000d6e80000)
  to   space 3072K, 0% used [0x00000000d6f80000,0x00000000d6f80000,0x00000000d7280000)
 ParOldGen       total 68608K, used 16858K [0x0000000080000000, 0x0000000084300000, 0x00000000d5580000)
  object space 68608K, 24% used [0x0000000080000000,0x0000000081076948,0x0000000084300000)
 Metaspace       used 31257K, committed 32320K, reserved 1114112K
  class space    used 3141K, committed 3584K, reserved 1048576K
}
Event: 6.154 GC heap before
{Heap before GC invocations=13 (full 1):
 PSYoungGen      total 25600K, used 25410K [0x00000000d5580000, 0x00000000d7280000, 0x0000000100000000)
  eden space 23040K, 100% used [0x00000000d5580000,0x00000000d6c00000,0x00000000d6c00000)
  from space 2560K, 92% used [0x00000000d6c00000,0x00000000d6e50ba8,0x00000000d6e80000)
  to   space 3072K, 0% used [0x00000000d6f80000,0x00000000d6f80000,0x00000000d7280000)
 ParOldGen       total 68608K, used 16861K [0x0000000080000000, 0x0000000084300000, 0x00000000d5580000)
  object space 68608K, 24% used [0x0000000080000000,0x00000000810774d8,0x0000000084300000)
 Metaspace       used 33968K, committed 35136K, reserved 1114112K
  class space    used 3494K, committed 3968K, reserved 1048576K
}
Event: 6.157 GC heap after
{Heap after GC invocations=13 (full 1):
 PSYoungGen      total 25088K, used 2432K [0x00000000d5580000, 0x00000000d7200000, 0x0000000100000000)
  eden space 22528K, 0% used [0x00000000d5580000,0x00000000d5580000,0x00000000d6b80000)
  from space 2560K, 95% used [0x00000000d6f80000,0x00000000d71e0000,0x00000000d7200000)
  to   space 2560K, 0% used [0x00000000d6d00000,0x00000000d6d00000,0x00000000d6f80000)
 ParOldGen       total 68608K, used 18583K [0x0000000080000000, 0x0000000084300000, 0x00000000d5580000)
  object space 68608K, 27% used [0x0000000080000000,0x0000000081225e28,0x0000000084300000)
 Metaspace       used 33968K, committed 35136K, reserved 1114112K
  class space    used 3494K, committed 3968K, reserved 1048576K
}
Event: 6.233 GC heap before
{Heap before GC invocations=14 (full 1):
 PSYoungGen      total 25088K, used 9419K [0x00000000d5580000, 0x00000000d7200000, 0x0000000100000000)
  eden space 22528K, 31% used [0x00000000d5580000,0x00000000d5c52e00,0x00000000d6b80000)
  from space 2560K, 95% used [0x00000000d6f80000,0x00000000d71e0000,0x00000000d7200000)
  to   space 2560K, 0% used [0x00000000d6d00000,0x00000000d6d00000,0x00000000d6f80000)
 ParOldGen       total 68608K, used 18583K [0x0000000080000000, 0x0000000084300000, 0x00000000d5580000)
  object space 68608K, 27% used [0x0000000080000000,0x0000000081225e28,0x0000000084300000)
 Metaspace       used 34726K, committed 35840K, reserved 1114112K
  class space    used 3600K, committed 4096K, reserved 1048576K
}
Event: 6.237 GC heap after
{Heap after GC invocations=14 (full 1):
 PSYoungGen      total 23040K, used 512K [0x00000000d5580000, 0x00000000d7000000, 0x0000000100000000)
  eden space 22528K, 0% used [0x00000000d5580000,0x00000000d5580000,0x00000000d6b80000)
  from space 512K, 100% used [0x00000000d6d00000,0x00000000d6d80000,0x00000000d6d80000)
  to   space 1536K, 0% used [0x00000000d6e80000,0x00000000d6e80000,0x00000000d7000000)
 ParOldGen       total 68608K, used 20850K [0x0000000080000000, 0x0000000084300000, 0x00000000d5580000)
  object space 68608K, 30% used [0x0000000080000000,0x000000008145cbd0,0x0000000084300000)
 Metaspace       used 34726K, committed 35840K, reserved 1114112K
  class space    used 3600K, committed 4096K, reserved 1048576K
}
Event: 6.237 GC heap before
{Heap before GC invocations=15 (full 2):
 PSYoungGen      total 23040K, used 512K [0x00000000d5580000, 0x00000000d7000000, 0x0000000100000000)
  eden space 22528K, 0% used [0x00000000d5580000,0x00000000d5580000,0x00000000d6b80000)
  from space 512K, 100% used [0x00000000d6d00000,0x00000000d6d80000,0x00000000d6d80000)
  to   space 1536K, 0% used [0x00000000d6e80000,0x00000000d6e80000,0x00000000d7000000)
 ParOldGen       total 68608K, used 20850K [0x0000000080000000, 0x0000000084300000, 0x00000000d5580000)
  object space 68608K, 30% used [0x0000000080000000,0x000000008145cbd0,0x0000000084300000)
 Metaspace       used 34726K, committed 35840K, reserved 1114112K
  class space    used 3600K, committed 4096K, reserved 1048576K
}
Event: 6.274 GC heap after
{Heap after GC invocations=15 (full 2):
 PSYoungGen      total 23040K, used 0K [0x00000000d5580000, 0x00000000d7000000, 0x0000000100000000)
  eden space 22528K, 0% used [0x00000000d5580000,0x00000000d5580000,0x00000000d6b80000)
  from space 512K, 0% used [0x00000000d6d00000,0x00000000d6d00000,0x00000000d6d80000)
  to   space 1536K, 0% used [0x00000000d6e80000,0x00000000d6e80000,0x00000000d7000000)
 ParOldGen       total 68608K, used 20214K [0x0000000080000000, 0x0000000084300000, 0x00000000d5580000)
  object space 68608K, 29% used [0x0000000080000000,0x00000000813bdb10,0x0000000084300000)
 Metaspace       used 34726K, committed 35840K, reserved 1114112K
  class space    used 3600K, committed 4096K, reserved 1048576K
}
Event: 6.469 GC heap before
{Heap before GC invocations=16 (full 2):
 PSYoungGen      total 23040K, used 22528K [0x00000000d5580000, 0x00000000d7000000, 0x0000000100000000)
  eden space 22528K, 100% used [0x00000000d5580000,0x00000000d6b80000,0x00000000d6b80000)
  from space 512K, 0% used [0x00000000d6d00000,0x00000000d6d00000,0x00000000d6d80000)
  to   space 1536K, 0% used [0x00000000d6e80000,0x00000000d6e80000,0x00000000d7000000)
 ParOldGen       total 68608K, used 20214K [0x0000000080000000, 0x0000000084300000, 0x00000000d5580000)
  object space 68608K, 29% used [0x0000000080000000,0x00000000813bdb10,0x0000000084300000)
 Metaspace       used 36635K, committed 37824K, reserved 1114112K
  class space    used 3844K, committed 4416K, reserved 1048576K
}
Event: 6.475 GC heap after
{Heap after GC invocations=16 (full 2):
 PSYoungGen      total 17920K, used 1520K [0x00000000d5580000, 0x00000000d7d00000, 0x0000000100000000)
  eden space 16384K, 0% used [0x00000000d5580000,0x00000000d5580000,0x00000000d6580000)
  from space 1536K, 98% used [0x00000000d6e80000,0x00000000d6ffc010,0x00000000d7000000)
  to   space 9216K, 0% used [0x00000000d6580000,0x00000000d6580000,0x00000000d6e80000)
 ParOldGen       total 68608K, used 26261K [0x0000000080000000, 0x0000000084300000, 0x00000000d5580000)
  object space 68608K, 38% used [0x0000000080000000,0x00000000819a5618,0x0000000084300000)
 Metaspace       used 36635K, committed 37824K, reserved 1114112K
  class space    used 3844K, committed 4416K, reserved 1048576K
}
Event: 6.696 GC heap before
{Heap before GC invocations=17 (full 2):
 PSYoungGen      total 17920K, used 17904K [0x00000000d5580000, 0x00000000d7d00000, 0x0000000100000000)
  eden space 16384K, 100% used [0x00000000d5580000,0x00000000d6580000,0x00000000d6580000)
  from space 1536K, 98% used [0x00000000d6e80000,0x00000000d6ffc010,0x00000000d7000000)
  to   space 9216K, 0% used [0x00000000d6580000,0x00000000d6580000,0x00000000d6e80000)
 ParOldGen       total 68608K, used 26261K [0x0000000080000000, 0x0000000084300000, 0x00000000d5580000)
  object space 68608K, 38% used [0x0000000080000000,0x00000000819a5618,0x0000000084300000)
 Metaspace       used 38002K, committed 39168K, reserved 1114112K
  class space    used 4025K, committed 4544K, reserved 1048576K
}
Event: 6.699 GC heap after
{Heap after GC invocations=17 (full 2):
 PSYoungGen      total 19968K, used 3248K [0x00000000d5580000, 0x00000000d6f80000, 0x0000000100000000)
  eden space 16384K, 0% used [0x00000000d5580000,0x00000000d5580000,0x00000000d6580000)
  from space 3584K, 90% used [0x00000000d6580000,0x00000000d68ac010,0x00000000d6900000)
  to   space 5120K, 0% used [0x00000000d6a80000,0x00000000d6a80000,0x00000000d6f80000)
 ParOldGen       total 68608K, used 27702K [0x0000000080000000, 0x0000000084300000, 0x00000000d5580000)
  object space 68608K, 40% used [0x0000000080000000,0x0000000081b0d8d8,0x0000000084300000)
 Metaspace       used 38002K, committed 39168K, reserved 1114112K
  class space    used 4025K, committed 4544K, reserved 1048576K
}
Event: 6.892 GC heap before
{Heap before GC invocations=18 (full 2):
 PSYoungGen      total 19968K, used 19625K [0x00000000d5580000, 0x00000000d6f80000, 0x0000000100000000)
  eden space 16384K, 99% used [0x00000000d5580000,0x00000000d657e568,0x00000000d6580000)
  from space 3584K, 90% used [0x00000000d6580000,0x00000000d68ac010,0x00000000d6900000)
  to   space 5120K, 0% used [0x00000000d6a80000,0x00000000d6a80000,0x00000000d6f80000)
 ParOldGen       total 68608K, used 27702K [0x0000000080000000, 0x0000000084300000, 0x00000000d5580000)
  object space 68608K, 40% used [0x0000000080000000,0x0000000081b0d8d8,0x0000000084300000)
 Metaspace       used 38982K, committed 40192K, reserved 1114112K
  class space    used 4164K, committed 4672K, reserved 1048576K
}
Event: 6.895 GC heap after
{Heap after GC invocations=18 (full 2):
 PSYoungGen      total 17408K, used 544K [0x00000000d5580000, 0x00000000d6b80000, 0x0000000100000000)
  eden space 16384K, 0% used [0x00000000d5580000,0x00000000d5580000,0x00000000d6580000)
  from space 1024K, 53% used [0x00000000d6a80000,0x00000000d6b08000,0x00000000d6b80000)
  to   space 2048K, 0% used [0x00000000d6780000,0x00000000d6780000,0x00000000d6980000)
 ParOldGen       total 68608K, used 30750K [0x0000000080000000, 0x0000000084300000, 0x00000000d5580000)
  object space 68608K, 44% used [0x0000000080000000,0x0000000081e078e8,0x0000000084300000)
 Metaspace       used 38982K, committed 40192K, reserved 1114112K
  class space    used 4164K, committed 4672K, reserved 1048576K
}
Event: 7.160 GC heap before
{Heap before GC invocations=19 (full 2):
 PSYoungGen      total 17408K, used 16928K [0x00000000d5580000, 0x00000000d6b80000, 0x0000000100000000)
  eden space 16384K, 100% used [0x00000000d5580000,0x00000000d6580000,0x00000000d6580000)
  from space 1024K, 53% used [0x00000000d6a80000,0x00000000d6b08000,0x00000000d6b80000)
  to   space 2048K, 0% used [0x00000000d6780000,0x00000000d6780000,0x00000000d6980000)
 ParOldGen       total 68608K, used 30750K [0x0000000080000000, 0x0000000084300000, 0x00000000d5580000)
  object space 68608K, 44% used [0x0000000080000000,0x0000000081e078e8,0x0000000084300000)
 Metaspace       used 40472K, committed 41664K, reserved 1114112K
  class space    used 4352K, committed 4864K, reserved 1048576K
}
Event: 7.161 GC heap after
{Heap after GC invocations=19 (full 2):
 PSYoungGen      total 18432K, used 544K [0x00000000d5580000, 0x00000000d6b00000, 0x0000000100000000)
  eden space 16384K, 0% used [0x00000000d5580000,0x00000000d5580000,0x00000000d6580000)
  from space 2048K, 26% used [0x00000000d6780000,0x00000000d6808000,0x00000000d6980000)
  to   space 1024K, 0% used [0x00000000d6a00000,0x00000000d6a00000,0x00000000d6b00000)
 ParOldGen       total 68608K, used 31122K [0x0000000080000000, 0x0000000084300000, 0x00000000d5580000)
  object space 68608K, 45% used [0x0000000080000000,0x0000000081e64af8,0x0000000084300000)
 Metaspace       used 40472K, committed 41664K, reserved 1114112K
  class space    used 4352K, committed 4864K, reserved 1048576K
}
Event: 7.460 GC heap before
{Heap before GC invocations=20 (full 2):
 PSYoungGen      total 18432K, used 16928K [0x00000000d5580000, 0x00000000d6b00000, 0x0000000100000000)
  eden space 16384K, 100% used [0x00000000d5580000,0x00000000d6580000,0x00000000d6580000)
  from space 2048K, 26% used [0x00000000d6780000,0x00000000d6808000,0x00000000d6980000)
  to   space 1024K, 0% used [0x00000000d6a00000,0x00000000d6a00000,0x00000000d6b00000)
 ParOldGen       total 68608K, used 31122K [0x0000000080000000, 0x0000000084300000, 0x00000000d5580000)
  object space 68608K, 45% used [0x0000000080000000,0x0000000081e64af8,0x0000000084300000)
 Metaspace       used 42276K, committed 43520K, reserved 1114112K
  class space    used 4589K, committed 5120K, reserved 1048576K
}
Event: 7.461 GC heap after
{Heap after GC invocations=20 (full 2):
 PSYoungGen      total 17408K, used 896K [0x00000000d5580000, 0x00000000d6b00000, 0x0000000100000000)
  eden space 16384K, 0% used [0x00000000d5580000,0x00000000d5580000,0x00000000d6580000)
  from space 1024K, 87% used [0x00000000d6a00000,0x00000000d6ae0000,0x00000000d6b00000)
  to   space 1024K, 0% used [0x00000000d6900000,0x00000000d6900000,0x00000000d6a00000)
 ParOldGen       total 68608K, used 31522K [0x0000000080000000, 0x0000000084300000, 0x00000000d5580000)
  object space 68608K, 45% used [0x0000000080000000,0x0000000081ec8af8,0x0000000084300000)
 Metaspace       used 42276K, committed 43520K, reserved 1114112K
  class space    used 4589K, committed 5120K, reserved 1048576K
}
Event: 7.934 GC heap before
{Heap before GC invocations=21 (full 2):
 PSYoungGen      total 17408K, used 17280K [0x00000000d5580000, 0x00000000d6b00000, 0x0000000100000000)
  eden space 16384K, 100% used [0x00000000d5580000,0x00000000d6580000,0x00000000d6580000)
  from space 1024K, 87% used [0x00000000d6a00000,0x00000000d6ae0000,0x00000000d6b00000)
  to   space 1024K, 0% used [0x00000000d6900000,0x00000000d6900000,0x00000000d6a00000)
 ParOldGen       total 68608K, used 31522K [0x0000000080000000, 0x0000000084300000, 0x00000000d5580000)
  object space 68608K, 45% used [0x0000000080000000,0x0000000081ec8af8,0x0000000084300000)
 Metaspace       used 44107K, committed 45376K, reserved 1114112K
  class space    used 4848K, committed 5376K, reserved 1048576K
}
Event: 7.936 GC heap after
{Heap after GC invocations=21 (full 2):
 PSYoungGen      total 17408K, used 996K [0x00000000d5580000, 0x00000000d6a80000, 0x0000000100000000)
  eden space 16384K, 0% used [0x00000000d5580000,0x00000000d5580000,0x00000000d6580000)
  from space 1024K, 97% used [0x00000000d6900000,0x00000000d69f91b0,0x00000000d6a00000)
  to   space 512K, 0% used [0x00000000d6a00000,0x00000000d6a00000,0x00000000d6a80000)
 ParOldGen       total 68608K, used 32425K [0x0000000080000000, 0x0000000084300000, 0x00000000d5580000)
  object space 68608K, 47% used [0x0000000080000000,0x0000000081faa7f8,0x0000000084300000)
 Metaspace       used 44107K, committed 45376K, reserved 1114112K
  class space    used 4848K, committed 5376K, reserved 1048576K
}

Dll operation events (10 events):
Event: 0.014 Loaded shared library c:\Users\siddu\.cursor\extensions\redhat.java-1.54.0-win32-x64\jre\21.0.10-win32-x86_64\bin\java.dll
Event: 0.153 Loaded shared library c:\Users\siddu\.cursor\extensions\redhat.java-1.54.0-win32-x64\jre\21.0.10-win32-x86_64\bin\zip.dll
Event: 0.176 Loaded shared library C:\Users\siddu\.cursor\extensions\redhat.java-1.54.0-win32-x64\jre\21.0.10-win32-x86_64\bin\instrument.dll
Event: 0.181 Loaded shared library C:\Users\siddu\.cursor\extensions\redhat.java-1.54.0-win32-x64\jre\21.0.10-win32-x86_64\bin\net.dll
Event: 0.185 Loaded shared library C:\Users\siddu\.cursor\extensions\redhat.java-1.54.0-win32-x64\jre\21.0.10-win32-x86_64\bin\nio.dll
Event: 0.189 Loaded shared library C:\Users\siddu\.cursor\extensions\redhat.java-1.54.0-win32-x64\jre\21.0.10-win32-x86_64\bin\zip.dll
Event: 0.236 Loaded shared library C:\Users\siddu\.cursor\extensions\redhat.java-1.54.0-win32-x64\jre\21.0.10-win32-x86_64\bin\jimage.dll
Event: 0.303 Loaded shared library c:\Users\siddu\.cursor\extensions\redhat.java-1.54.0-win32-x64\jre\21.0.10-win32-x86_64\bin\verify.dll
Event: 1.428 Loaded shared library C:\Users\siddu\AppData\Roaming\Cursor\User\globalStorage\redhat.java\1.54.0\config_win\org.eclipse.equinox.launcher\org.eclipse.equinox.launcher.win32.win32.x86_64_1.3.0.v20260203-2149\eclipse_11919.dll
Event: 4.333 Loaded shared library C:\Users\siddu\AppData\Local\Temp\jna-109432287\jna4701567024769087884.dll

Deoptimization events (20 events):
Event: 7.947 Thread 0x000001f8fb5ac120 DEOPT PACKING pc=0x000001f8a718bd4c sp=0x00000091311feac0
Event: 7.947 Thread 0x000001f8fb5ac120 DEOPT UNPACKING pc=0x000001f8a69c3aa2 sp=0x00000091311fe9c8 mode 2
Event: 7.948 Thread 0x000001f8fb5ac120 Uncommon trap: trap_request=0xffffffde fr.pc=0x000001f8a718bd4c relative=0x00000000000003ec
Event: 7.948 Thread 0x000001f8fb5ac120 Uncommon trap: reason=class_check action=maybe_recompile pc=0x000001f8a718bd4c method=java.util.HashMap.removeNode(ILjava/lang/Object;Ljava/lang/Object;ZZ)Ljava/util/HashMap$Node; @ 283 c2
Event: 7.948 Thread 0x000001f8fb5ac120 DEOPT PACKING pc=0x000001f8a718bd4c sp=0x00000091311feac0
Event: 7.948 Thread 0x000001f8fb5ac120 DEOPT UNPACKING pc=0x000001f8a69c3aa2 sp=0x00000091311fe9c8 mode 2
Event: 7.948 Thread 0x000001f8fb5ac120 Uncommon trap: trap_request=0xffffffde fr.pc=0x000001f8a717aba0 relative=0x0000000000000340
Event: 7.948 Thread 0x000001f8fb5ac120 Uncommon trap: reason=class_check action=maybe_recompile pc=0x000001f8a717aba0 method=java.util.HashMap.removeNode(ILjava/lang/Object;Ljava/lang/Object;ZZ)Ljava/util/HashMap$Node; @ 283 c2
Event: 7.948 Thread 0x000001f8fb5ac120 DEOPT PACKING pc=0x000001f8a717aba0 sp=0x00000091311fea20
Event: 7.948 Thread 0x000001f8fb5ac120 DEOPT UNPACKING pc=0x000001f8a69c3aa2 sp=0x00000091311fe9c8 mode 2
Event: 8.007 Thread 0x000001f8fb5ac120 Uncommon trap: trap_request=0x00000259 fr.pc=0x000001f8a7060590 relative=0x00000000000000f0
Event: 8.007 Thread 0x000001f8fb5ac120 Uncommon trap: reason=unloaded action=reinterpret pc=0x000001f8a7060590 method=org.codehaus.plexus.util.xml.pull.MXParser.more()C @ 22 c2
Event: 8.007 Thread 0x000001f8fb5ac120 DEOPT PACKING pc=0x000001f8a7060590 sp=0x00000091311fef20
Event: 8.007 Thread 0x000001f8fb5ac120 DEOPT UNPACKING pc=0x000001f8a69c3aa2 sp=0x00000091311feec0 mode 2
Event: 8.008 Thread 0x000001f8fb5ac120 Uncommon trap: trap_request=0xffffff45 fr.pc=0x000001f8a6fcf890 relative=0x0000000000000a10
Event: 8.008 Thread 0x000001f8fb5ac120 Uncommon trap: reason=unstable_if action=reinterpret pc=0x000001f8a6fcf890 method=java.util.concurrent.locks.ReentrantReadWriteLock$Sync.tryReleaseShared(I)Z @ 129 c2
Event: 8.008 Thread 0x000001f8fb5ac120 DEOPT PACKING pc=0x000001f8a6fcf890 sp=0x00000091311faf80
Event: 8.008 Thread 0x000001f8fb5ac120 DEOPT UNPACKING pc=0x000001f8a69c3aa2 sp=0x00000091311fac08 mode 2
Event: 8.053 Thread 0x000001f8fd1829c0 DEOPT PACKING pc=0x000001f89f9e72be sp=0x00000091325fd840
Event: 8.053 Thread 0x000001f8fd1829c0 DEOPT UNPACKING pc=0x000001f8a69c4242 sp=0x00000091325fcd80 mode 0

Classes loaded (20 events):
Event: 7.146 Loading class sun/nio/ch/WindowsAsynchronousFileChannelImpl$WriteTask
Event: 7.146 Loading class sun/nio/ch/WindowsAsynchronousFileChannelImpl$WriteTask done
Event: 7.165 Loading class jdk/internal/math/FormattedFPDecimal
Event: 7.166 Loading class jdk/internal/math/FormattedFPDecimal done
Event: 7.270 Loading class sun/reflect/generics/scope/ConstructorScope
Event: 7.270 Loading class sun/reflect/generics/scope/ConstructorScope done
Event: 7.270 Loading class sun/reflect/generics/tree/VoidDescriptor
Event: 7.271 Loading class sun/reflect/generics/tree/VoidDescriptor done
Event: 7.324 Loading class java/util/concurrent/CompletionService
Event: 7.325 Loading class java/util/concurrent/CompletionService done
Event: 7.363 Loading class java/nio/channels/ServerSocketChannel
Event: 7.363 Loading class java/nio/channels/ServerSocketChannel done
Event: 7.564 Loading class java/lang/ExceptionInInitializerError
Event: 7.565 Loading class java/lang/ExceptionInInitializerError done
Event: 7.566 Loading class sun/misc/Unsafe
Event: 7.566 Loading class sun/misc/Unsafe done
Event: 7.594 Loading class jdk/internal/org/objectweb/asm/ClassReader
Event: 7.595 Loading class jdk/internal/org/objectweb/asm/ClassReader done
Event: 7.998 Loading class java/lang/ProcessEnvironment$CheckedKeySet
Event: 7.998 Loading class java/lang/ProcessEnvironment$CheckedKeySet done

Classes unloaded (7 events):
Event: 4.880 Thread 0x000001f89c192870 Unloading class 0x000001f8b41a3000 'java/lang/invoke/LambdaForm$MH+0x000001f8b41a3000'
Event: 4.880 Thread 0x000001f89c192870 Unloading class 0x000001f8b41a2c00 'java/lang/invoke/LambdaForm$MH+0x000001f8b41a2c00'
Event: 4.880 Thread 0x000001f89c192870 Unloading class 0x000001f8b41a2800 'java/lang/invoke/LambdaForm$MH+0x000001f8b41a2800'
Event: 4.880 Thread 0x000001f89c192870 Unloading class 0x000001f8b41a2400 'java/lang/invoke/LambdaForm$MH+0x000001f8b41a2400'
Event: 4.880 Thread 0x000001f89c192870 Unloading class 0x000001f8b41a2000 'java/lang/invoke/LambdaForm$BMH+0x000001f8b41a2000'
Event: 4.880 Thread 0x000001f89c192870 Unloading class 0x000001f8b41a1c00 'java/lang/invoke/LambdaForm$DMH+0x000001f8b41a1c00'
Event: 4.880 Thread 0x000001f89c192870 Unloading class 0x000001f8b41a0800 'java/lang/invoke/LambdaForm$DMH+0x000001f8b41a0800'

Classes redefined (0 events):
No events

Internal exceptions (20 events):
Event: 6.337 Thread 0x000001f8fb5adb60 Exception <a 'java/io/FileNotFoundException'{0x00000000d5c20d90}> (0x00000000d5c20d90) 
thrown [s\src\hotspot\share\prims\jni.cpp, line 520]
Event: 6.340 Thread 0x000001f8fb5adb60 Exception <a 'java/lang/NoSuchMethodError'{0x00000000d5c5b0c8}: 'java.lang.Object java.lang.invoke.DirectMethodHandle$Holder.newInvokeSpecial(java.lang.Object, java.lang.Object, java.lang.Object, int)'> (0x00000000d5c5b0c8) 
thrown [s\src\hotspot\share\interpreter\linkResolver.cpp, line 773]
Event: 6.341 Thread 0x000001f8fb5adb60 Exception <a 'java/lang/NoSuchMethodError'{0x00000000d5c5ed40}: 'java.lang.Object java.lang.invoke.DirectMethodHandle$Holder.invokeSpecial(java.lang.Object, java.lang.Object, java.lang.Object, java.lang.Object, int)'> (0x00000000d5c5ed40) 
thrown [s\src\hotspot\share\interpreter\linkResolver.cpp, line 773]
Event: 6.342 Thread 0x000001f8fb5adb60 Exception <a 'java/lang/NoSuchMethodError'{0x00000000d5c62438}: 'java.lang.Object java.lang.invoke.Invokers$Holder.linkToTargetMethod(java.lang.Object, java.lang.Object, int, java.lang.Object)'> (0x00000000d5c62438) 
thrown [s\src\hotspot\share\interpreter\linkResolver.cpp, line 773]
Event: 6.344 Thread 0x000001f8fb5adb60 Exception <a 'java/lang/NoSuchMethodError'{0x00000000d5c6e3a8}: 'void java.lang.invoke.DirectMethodHandle$Holder.invokeStaticInit(java.lang.Object, java.lang.Object, java.lang.Object)'> (0x00000000d5c6e3a8) 
thrown [s\src\hotspot\share\interpreter\linkResolver.cpp, line 773]
Event: 6.371 Thread 0x000001f89c23ab90 Exception <a 'java/lang/NoSuchMethodError'{0x00000000d5e813b0}: 'void java.lang.invoke.DirectMethodHandle$Holder.invokeSpecial(java.lang.Object, java.lang.Object, java.lang.Object, java.lang.Object, java.lang.Object, java.lang.Object)'> (0x00000000d5e813b0) 
thrown [s\src\hotspot\share\interpreter\linkResolver.cpp, line 773]
Event: 6.373 Thread 0x000001f89c23ab90 Exception <a 'java/lang/IncompatibleClassChangeError'{0x00000000d5e89650}: Found class java.lang.Object, but interface was expected> (0x00000000d5e89650) 
thrown [s\src\hotspot\share\interpreter\linkResolver.cpp, line 840]
Event: 6.373 Thread 0x000001f89c23ab90 Exception <a 'java/lang/IncompatibleClassChangeError'{0x00000000d5e8b510}: Found class java.lang.Object, but interface was expected> (0x00000000d5e8b510) 
thrown [s\src\hotspot\share\interpreter\linkResolver.cpp, line 840]
Event: 6.649 Thread 0x000001f8fb5ac120 Exception <a 'java/lang/NoClassDefFoundError'{0x00000000d61e0390}: javax/enterprise/inject/Typed> (0x00000000d61e0390) 
thrown [s\src\hotspot\share\classfile\systemDictionary.cpp, line 301]
Event: 6.684 Thread 0x000001f8fd1829c0 Exception <a 'java/io/FileNotFoundException'{0x00000000d6477d70}> (0x00000000d6477d70) 
thrown [s\src\hotspot\share\prims\jni.cpp, line 520]
Event: 6.725 Thread 0x000001f8fd1829c0 Exception <a 'java/lang/NoSuchMethodError'{0x00000000d58b5ee0}: 'java.lang.Object java.lang.invoke.DirectMethodHandle$Holder.invokeStatic(java.lang.Object, int, java.lang.Object, java.lang.Object)'> (0x00000000d58b5ee0) 
thrown [s\src\hotspot\share\interpreter\linkResolver.cpp, line 773]
Event: 6.726 Thread 0x000001f8fd1829c0 Exception <a 'java/lang/NoSuchMethodError'{0x00000000d58b96e0}: 'java.lang.Object java.lang.invoke.DelegatingMethodHandle$Holder.delegate(java.lang.Object, int, java.lang.Object, java.lang.Object)'> (0x00000000d58b96e0) 
thrown [s\src\hotspot\share\interpreter\linkResolver.cpp, line 773]
Event: 6.728 Thread 0x000001f8fd1829c0 Implicit null exception at 0x000001f8a70cb580 to 0x000001f8a70cb8c8
Event: 6.730 Thread 0x000001f8fd1829c0 Exception <a 'java/lang/NoSuchMethodError'{0x00000000d5960b38}: 'int java.lang.invoke.Invokers$Holder.linkToTargetMethod(java.lang.Object, java.lang.Object, java.lang.Object)'> (0x00000000d5960b38) 
thrown [s\src\hotspot\share\interpreter\linkResolver.cpp, line 773]
Event: 7.155 Thread 0x000001f8fd17e820 Exception <a 'java/lang/NoSuchMethodError'{0x00000000d6564c48}: 'int java.lang.invoke.DirectMethodHandle$Holder.invokeSpecialIFC(java.lang.Object, java.lang.Object, java.lang.Object, java.lang.Object)'> (0x00000000d6564c48) 
thrown [s\src\hotspot\share\interpreter\linkResolver.cpp, line 773]
Event: 7.568 Thread 0x000001f8fb5ac120 Exception <a 'java/lang/ExceptionInInitializerError'{0x00000000d59f54c8}> (0x00000000d59f54c8) 
thrown [s\src\hotspot\share\oops\instanceKlass.cpp, line 1220]
Event: 7.596 Thread 0x000001f8fb5ac120 Implicit null exception at 0x000001f8a704c780 to 0x000001f8a704ca04
Event: 7.596 Thread 0x000001f8fb5ac120 Implicit null exception at 0x000001f8a6fc4a20 to 0x000001f8a6fc5990
Event: 7.601 Thread 0x000001f8fb5ac120 Exception <a 'java/lang/NoSuchMethodError'{0x00000000d5aae2c8}: 'java.lang.Object java.lang.invoke.Invokers$Holder.invokeExact_MT(java.lang.Object, int, java.lang.Object)'> (0x00000000d5aae2c8) 
thrown [s\src\hotspot\share\interpreter\linkResolver.cpp, line 773]
Event: 7.985 Thread 0x000001f8fb5ac120 Exception <a 'java/lang/NoClassDefFoundError'{0x00000000d5785810}: com/google/inject/servlet/ServletModuleTargetVisitor> (0x00000000d5785810) 
thrown [s\src\hotspot\share\classfile\systemDictionary.cpp, line 301]

ZGC Phase Switch (0 events):
No events

VM Operations (20 events):
Event: 6.638 Executing non-safepoint VM operation: HandshakeAllThreads (Deoptimize)
Event: 6.638 Executing non-safepoint VM operation: HandshakeAllThreads (Deoptimize) done
Event: 6.672 Executing non-safepoint VM operation: HandshakeAllThreads (Deoptimize)
Event: 6.672 Executing non-safepoint VM operation: HandshakeAllThreads (Deoptimize) done
Event: 6.695 Executing safepoint VM operation: ParallelGCFailedAllocation (Allocation Failure)
Event: 6.699 Executing safepoint VM operation: ParallelGCFailedAllocation (Allocation Failure) done
Event: 6.892 Executing safepoint VM operation: ParallelGCFailedAllocation (Allocation Failure)
Event: 6.895 Executing safepoint VM operation: ParallelGCFailedAllocation (Allocation Failure) done
Event: 7.080 Executing non-safepoint VM operation: HandshakeAllThreads (Deoptimize)
Event: 7.080 Executing non-safepoint VM operation: HandshakeAllThreads (Deoptimize) done
Event: 7.160 Executing safepoint VM operation: ParallelGCFailedAllocation (Allocation Failure)
Event: 7.161 Executing safepoint VM operation: ParallelGCFailedAllocation (Allocation Failure) done
Event: 7.301 Executing non-safepoint VM operation: HandshakeAllThreads (Deoptimize)
Event: 7.301 Executing non-safepoint VM operation: HandshakeAllThreads (Deoptimize) done
Event: 7.459 Executing safepoint VM operation: ParallelGCFailedAllocation (Allocation Failure)
Event: 7.461 Executing safepoint VM operation: ParallelGCFailedAllocation (Allocation Failure) done
Event: 7.671 Executing non-safepoint VM operation: HandshakeAllThreads (Deoptimize)
Event: 7.672 Executing non-safepoint VM operation: HandshakeAllThreads (Deoptimize) done
Event: 7.934 Executing safepoint VM operation: ParallelGCFailedAllocation (Allocation Failure)
Event: 7.936 Executing safepoint VM operation: ParallelGCFailedAllocation (Allocation Failure) done

Memory protections (0 events):
No events

Nmethod flushes (20 events):
Event: 6.257 Thread 0x000001f89c192870 flushing  nmethod 0x000001f89fa26110
Event: 6.257 Thread 0x000001f89c192870 flushing  nmethod 0x000001f89fa26d90
Event: 6.257 Thread 0x000001f89c192870 flushing  nmethod 0x000001f89fa27510
Event: 6.257 Thread 0x000001f89c192870 flushing  nmethod 0x000001f89fa28a90
Event: 6.257 Thread 0x000001f89c192870 flushing  nmethod 0x000001f89fa29390
Event: 6.257 Thread 0x000001f89c192870 flushing  nmethod 0x000001f89fa2a790
Event: 6.257 Thread 0x000001f89c192870 flushing  nmethod 0x000001f89fa2b490
Event: 6.257 Thread 0x000001f89c192870 flushing  nmethod 0x000001f89fa2c490
Event: 6.257 Thread 0x000001f89c192870 flushing  nmethod 0x000001f89fa36f90
Event: 6.257 Thread 0x000001f89c192870 flushing  nmethod 0x000001f89fa38390
Event: 6.257 Thread 0x000001f89c192870 flushing  nmethod 0x000001f89fa4a590
Event: 6.257 Thread 0x000001f89c192870 flushing  nmethod 0x000001f89fa55010
Event: 6.257 Thread 0x000001f89c192870 flushing  nmethod 0x000001f89fa5fa90
Event: 6.257 Thread 0x000001f89c192870 flushing  nmethod 0x000001f89fa69490
Event: 6.257 Thread 0x000001f89c192870 flushing  nmethod 0x000001f89faa1610
Event: 6.257 Thread 0x000001f89c192870 flushing  nmethod 0x000001f89fae7610
Event: 6.257 Thread 0x000001f89c192870 flushing  nmethod 0x000001f89fb0f310
Event: 6.257 Thread 0x000001f89c192870 flushing  nmethod 0x000001f89fb0f790
Event: 6.257 Thread 0x000001f89c192870 flushing  nmethod 0x000001f89fb13a10
Event: 6.257 Thread 0x000001f89c192870 flushing  nmethod 0x000001f89fb2a690

Events (20 events):
Event: 5.932 Thread 0x000001f89c23ab90 Thread added: 0x000001f8fb5ac7b0
Event: 5.934 Thread 0x000001f89c23ab90 Thread added: 0x000001f8fb5ae1f0
Event: 5.934 Thread 0x000001f89c23ab90 Thread added: 0x000001f8fd17db00
Event: 5.934 Thread 0x000001f89c23ab90 Thread added: 0x000001f8fd17e190
Event: 5.935 Thread 0x000001f89c23ab90 Thread added: 0x000001f8fd17cde0
Event: 5.935 Thread 0x000001f89c23ab90 Thread added: 0x000001f8fd1808f0
Event: 5.935 Thread 0x000001f89c23ab90 Thread added: 0x000001f8fd180260
Event: 5.935 Thread 0x000001f89c23ab90 Thread added: 0x000001f8fd17d470
Event: 5.936 Thread 0x000001f89c23ab90 Thread added: 0x000001f8fd181610
Event: 5.969 Thread 0x000001f89c23ab90 Thread added: 0x000001f8fd181ca0
Event: 6.071 Thread 0x000001f8fb5ae880 Thread added: 0x000001f8fd17e820
Event: 6.410 Thread 0x000001f8fb5adb60 Thread added: 0x000001f8fd17eeb0
Event: 6.411 Thread 0x000001f8fb5adb60 Thread added: 0x000001f8fd17f540
Event: 6.411 Thread 0x000001f8fd17eeb0 Thread added: 0x000001f8fd17fbd0
Event: 6.412 Thread 0x000001f8fd17f540 Thread added: 0x000001f8fd184400
Event: 6.413 Thread 0x000001f8fd17fbd0 Thread added: 0x000001f8fd183d70
Event: 6.413 Thread 0x000001f8fd184400 Thread added: 0x000001f8fd180f80
Event: 6.414 Thread 0x000001f8fd183d70 Thread added: 0x000001f8fd182330
Event: 6.415 Thread 0x000001f89c23ab90 Thread added: 0x000001f8fd183050
Event: 6.416 Thread 0x000001f89c23ab90 Thread added: 0x000001f8fd1829c0


Dynamic libraries:
0x00007ff767d30000 - 0x00007ff767d3e000 	c:\Users\siddu\.cursor\extensions\redhat.java-1.54.0-win32-x64\jre\21.0.10-win32-x86_64\bin\java.exe
0x00007ff97e0e0000 - 0x00007ff97e347000 	C:\Windows\SYSTEM32\ntdll.dll
0x00007ff97d030000 - 0x00007ff97d0f9000 	C:\Windows\System32\KERNEL32.DLL
0x00007ff97ad40000 - 0x00007ff97b137000 	C:\Windows\System32\KERNELBASE.dll
0x00007ff97ab10000 - 0x00007ff97ac5b000 	C:\Windows\System32\ucrtbase.dll
0x00007ff96d390000 - 0x00007ff96d3ae000 	c:\Users\siddu\.cursor\extensions\redhat.java-1.54.0-win32-x64\jre\21.0.10-win32-x86_64\bin\VCRUNTIME140.dll
0x00007ff96d440000 - 0x00007ff96d458000 	c:\Users\siddu\.cursor\extensions\redhat.java-1.54.0-win32-x64\jre\21.0.10-win32-x86_64\bin\jli.dll
0x00007ff97cd60000 - 0x00007ff97cf26000 	C:\Windows\System32\USER32.dll
0x00007ff97ad10000 - 0x00007ff97ad37000 	C:\Windows\System32\win32u.dll
0x00007ff97d270000 - 0x00007ff97d29b000 	C:\Windows\System32\GDI32.dll
0x00007ff96be80000 - 0x00007ff96c112000 	C:\Windows\WinSxS\amd64_microsoft.windows.common-controls_6595b64144ccf1df_6.0.26100.8457_none_3e0b2faee331e92d\COMCTL32.dll
0x00007ff97c9e0000 - 0x00007ff97ca89000 	C:\Windows\System32\msvcrt.dll
0x00007ff97b140000 - 0x00007ff97b26c000 	C:\Windows\System32\gdi32full.dll
0x00007ff97ac60000 - 0x00007ff97ad03000 	C:\Windows\System32\msvcp_win.dll
0x00007ff97c3b0000 - 0x00007ff97c3e2000 	C:\Windows\System32\IMM32.DLL
0x00007ff973400000 - 0x00007ff97340c000 	c:\Users\siddu\.cursor\extensions\redhat.java-1.54.0-win32-x64\jre\21.0.10-win32-x86_64\bin\vcruntime140_1.dll
0x00007ff94ffc0000 - 0x00007ff95004d000 	c:\Users\siddu\.cursor\extensions\redhat.java-1.54.0-win32-x64\jre\21.0.10-win32-x86_64\bin\msvcp140.dll
0x00007ff907650000 - 0x00007ff9083f1000 	c:\Users\siddu\.cursor\extensions\redhat.java-1.54.0-win32-x64\jre\21.0.10-win32-x86_64\bin\server\jvm.dll
0x00007ff97ca90000 - 0x00007ff97cb46000 	C:\Windows\System32\ADVAPI32.dll
0x00007ff97c850000 - 0x00007ff97c8f7000 	C:\Windows\System32\sechost.dll
0x00007ff97c720000 - 0x00007ff97c838000 	C:\Windows\System32\RPCRT4.dll
0x00007ff97dc20000 - 0x00007ff97dca0000 	C:\Windows\System32\WS2_32.dll
0x00007ff97a970000 - 0x00007ff97a9ce000 	C:\Windows\SYSTEM32\POWRPROF.dll
0x00007ff9734a0000 - 0x00007ff9734ab000 	C:\Windows\SYSTEM32\VERSION.dll
0x00007ff96c4a0000 - 0x00007ff96c4d6000 	C:\Windows\SYSTEM32\WINMM.dll
0x00007ff97a950000 - 0x00007ff97a964000 	C:\Windows\SYSTEM32\UMPDC.dll
0x00007ff979860000 - 0x00007ff97987b000 	C:\Windows\SYSTEM32\kernel.appcore.dll
0x00007ff96d510000 - 0x00007ff96d51a000 	c:\Users\siddu\.cursor\extensions\redhat.java-1.54.0-win32-x64\jre\21.0.10-win32-x86_64\bin\jimage.dll
0x00007ff978c10000 - 0x00007ff978e52000 	C:\Windows\SYSTEM32\DBGHELP.DLL
0x00007ff97dcb0000 - 0x00007ff97e033000 	C:\Windows\System32\combase.dll
0x00007ff97c900000 - 0x00007ff97c9d9000 	C:\Windows\System32\OLEAUT32.dll
0x00007ff957960000 - 0x00007ff95799b000 	C:\Windows\SYSTEM32\dbgcore.DLL
0x00007ff97b4b0000 - 0x00007ff97b558000 	C:\Windows\System32\bcryptPrimitives.dll
0x00007ff96cc00000 - 0x00007ff96cc0f000 	c:\Users\siddu\.cursor\extensions\redhat.java-1.54.0-win32-x64\jre\21.0.10-win32-x86_64\bin\instrument.dll
0x00007ff96cb40000 - 0x00007ff96cb60000 	c:\Users\siddu\.cursor\extensions\redhat.java-1.54.0-win32-x64\jre\21.0.10-win32-x86_64\bin\java.dll
0x00007ff97d2f0000 - 0x00007ff97da5e000 	C:\Windows\System32\SHELL32.dll
0x00007ff97b560000 - 0x00007ff97bdcc000 	C:\Windows\System32\windows.storage.dll
0x00007ff97c620000 - 0x00007ff97c716000 	C:\Windows\System32\SHCORE.dll
0x00007ff97cfc0000 - 0x00007ff97d026000 	C:\Windows\System32\shlwapi.dll
0x00007ff97aa30000 - 0x00007ff97aa59000 	C:\Windows\SYSTEM32\profapi.dll
0x00007ff96c990000 - 0x00007ff96c9a8000 	c:\Users\siddu\.cursor\extensions\redhat.java-1.54.0-win32-x64\jre\21.0.10-win32-x86_64\bin\zip.dll
0x00007ff96cbf0000 - 0x00007ff96cc00000 	C:\Users\siddu\.cursor\extensions\redhat.java-1.54.0-win32-x64\jre\21.0.10-win32-x86_64\bin\net.dll
0x00007ff971f60000 - 0x00007ff972089000 	C:\Windows\SYSTEM32\WINHTTP.dll
0x00007ff979db0000 - 0x00007ff979e1c000 	C:\Windows\system32\mswsock.dll
0x00007ff96c8a0000 - 0x00007ff96c8b6000 	C:\Users\siddu\.cursor\extensions\redhat.java-1.54.0-win32-x64\jre\21.0.10-win32-x86_64\bin\nio.dll
0x00007ff96c650000 - 0x00007ff96c660000 	c:\Users\siddu\.cursor\extensions\redhat.java-1.54.0-win32-x64\jre\21.0.10-win32-x86_64\bin\verify.dll
0x00007ff952990000 - 0x00007ff9529d5000 	C:\Users\siddu\AppData\Roaming\Cursor\User\globalStorage\redhat.java\1.54.0\config_win\org.eclipse.equinox.launcher\org.eclipse.equinox.launcher.win32.win32.x86_64_1.3.0.v20260203-2149\eclipse_11919.dll
0x00007ff97c3f0000 - 0x00007ff97c587000 	C:\Windows\System32\ole32.dll
0x00007ff97a1b0000 - 0x00007ff97a1cb000 	C:\Windows\SYSTEM32\CRYPTSP.dll
0x00007ff9797c0000 - 0x00007ff9797f9000 	C:\Windows\system32\rsaenh.dll
0x00007ff979e60000 - 0x00007ff979e93000 	C:\Windows\SYSTEM32\USERENV.dll
0x00007ff97aa00000 - 0x00007ff97aa2a000 	C:\Windows\SYSTEM32\bcrypt.dll
0x00007ff97a010000 - 0x00007ff97a01c000 	C:\Windows\SYSTEM32\CRYPTBASE.dll
0x00007ff979250000 - 0x00007ff979282000 	C:\Windows\SYSTEM32\IPHLPAPI.DLL
0x00007ff97cf30000 - 0x00007ff97cf3a000 	C:\Windows\System32\NSI.dll
0x00007ff9446c0000 - 0x00007ff944709000 	C:\Users\siddu\AppData\Local\Temp\jna-109432287\jna4701567024769087884.dll
0x00007ff97d260000 - 0x00007ff97d268000 	C:\Windows\System32\PSAPI.DLL
0x00007ff972520000 - 0x00007ff97253d000 	C:\Windows\SYSTEM32\dhcpcsvc6.DLL
0x00007ff9724f0000 - 0x00007ff972515000 	C:\Windows\SYSTEM32\dhcpcsvc.DLL

JVMTI agents:
c:\Users\siddu\.cursor\extensions\redhat.java-1.54.0-win32-x64\lombok\lombok-1.18.39-4050.jar path:c:\Users\siddu\.cursor\extensions\redhat.java-1.54.0-win32-x64\jre\21.0.10-win32-x86_64\bin\instrument.dll, loaded, initialized, instrumentlib options:none

dbghelp: loaded successfully - version: 4.0.5 - missing functions: none
symbol engine: initialized successfully - sym options: 0x614 - pdb path: .;c:\Users\siddu\.cursor\extensions\redhat.java-1.54.0-win32-x64\jre\21.0.10-win32-x86_64\bin;C:\Windows\SYSTEM32;C:\Windows\WinSxS\amd64_microsoft.windows.common-controls_6595b64144ccf1df_6.0.26100.8457_none_3e0b2faee331e92d;c:\Users\siddu\.cursor\extensions\redhat.java-1.54.0-win32-x64\jre\21.0.10-win32-x86_64\bin\server;C:\Users\siddu\AppData\Roaming\Cursor\User\globalStorage\redhat.java\1.54.0\config_win\org.eclipse.equinox.launcher\org.eclipse.equinox.launcher.win32.win32.x86_64_1.3.0.v20260203-2149;C:\Users\siddu\AppData\Local\Temp\jna-109432287

VM Arguments:
jvm_args: --add-modules=ALL-SYSTEM --add-opens=java.base/java.util=ALL-UNNAMED --add-opens=java.base/java.lang=ALL-UNNAMED --add-opens=java.base/sun.nio.fs=ALL-UNNAMED -Declipse.application=org.eclipse.jdt.ls.core.id1 -Dosgi.bundles.defaultStartLevel=4 -Declipse.product=org.eclipse.jdt.ls.core.product -Djava.import.generatesMetadataFilesAtProjectRoot=false -DDetectVMInstallationsJob.disabled=true -Dfile.encoding=utf8 -XX:+UseParallelGC -XX:GCTimeRatio=4 -XX:AdaptiveSizePolicyWeight=90 -Dsun.zip.disableMemoryMapping=true -Xmx2G -Xms100m -Xlog:disable -javaagent:c:\Users\siddu\.cursor\extensions\redhat.java-1.54.0-win32-x64\lombok\lombok-1.18.39-4050.jar -XX:+HeapDumpOnOutOfMemoryError -XX:HeapDumpPath=c:\Users\siddu\AppData\Roaming\Cursor\User\workspaceStorage\848d4c9def023cabf97f63f7242684c7\redhat.java -Daether.dependencyCollector.impl=bf 
java_command: c:\Users\siddu\.cursor\extensions\redhat.java-1.54.0-win32-x64\server\plugins\org.eclipse.equinox.launcher_1.7.100.v20251111-0406.jar -configuration c:\Users\siddu\AppData\Roaming\Cursor\User\globalStorage\redhat.java\1.54.0\config_win -data c:\Users\siddu\AppData\Roaming\Cursor\User\workspaceStorage\848d4c9def023cabf97f63f7242684c7\redhat.java\jdt_ws --pipe=\\.\pipe\lsp-6bcbc629c9a9ef37cdb5dad557d1e3b1-sock
java_class_path (initial): c:\Users\siddu\.cursor\extensions\redhat.java-1.54.0-win32-x64\server\plugins\org.eclipse.equinox.launcher_1.7.100.v20251111-0406.jar
Launcher Type: SUN_STANDARD

[Global flags]
    uintx AdaptiveSizePolicyWeight                 = 90                                        {product} {command line}
     intx CICompilerCount                          = 4                                         {product} {ergonomic}
    uintx GCTimeRatio                              = 4                                         {product} {command line}
     bool HeapDumpOnOutOfMemoryError               = true                                   {manageable} {command line}
    ccstr HeapDumpPath                             = c:\Users\siddu\AppData\Roaming\Cursor\User\workspaceStorage\848d4c9def023cabf97f63f7242684c7\redhat.java         {manageable} {command line}
   size_t InitialHeapSize                          = 104857600                                 {product} {command line}
   size_t MaxHeapSize                              = 2147483648                                {product} {command line}
   size_t MaxNewSize                               = 715653120                                 {product} {ergonomic}
   size_t MinHeapDeltaBytes                        = 524288                                    {product} {ergonomic}
   size_t MinHeapSize                              = 104857600                                 {product} {command line}
   size_t NewSize                                  = 34603008                                  {product} {ergonomic}
    uintx NonNMethodCodeHeapSize                   = 5839372                                {pd product} {ergonomic}
    uintx NonProfiledCodeHeapSize                  = 122909434                              {pd product} {ergonomic}
   size_t OldSize                                  = 70254592                                  {product} {ergonomic}
    uintx ProfiledCodeHeapSize                     = 122909434                              {pd product} {ergonomic}
    uintx ReservedCodeCacheSize                    = 251658240                              {pd product} {ergonomic}
     bool SegmentedCodeCache                       = true                                      {product} {ergonomic}
   size_t SoftMaxHeapSize                          = 2147483648                             {manageable} {ergonomic}
     bool UseCompressedOops                        = true                           {product lp64_product} {ergonomic}
     bool UseLargePagesIndividualAllocation        = false                                  {pd product} {ergonomic}
     bool UseParallelGC                            = true                                      {product} {command line}

Logging:
Log output configuration:
 #0: stdout all=off uptime,level,tags foldmultilines=false
 #1: stderr all=off uptime,level,tags foldmultilines=false

Release file:
JAVA_VERSION="21.0.10" 
MODULES="java.base java.compiler java.datatransfer java.xml java.prefs java.desktop java.instrument java.logging java.management java.security.sasl java.naming java.rmi java.management.rmi java.net.http java.scripting java.security.jgss java.transaction.xa java.sql java.sql.rowset java.xml.crypto java.se java.smartcardio jdk.accessibility jdk.internal.jvmstat jdk.attach jdk.charsets jdk.internal.opt jdk.zipfs jdk.compiler jdk.crypto.ec jdk.crypto.cryptoki jdk.crypto.mscapi jdk.dynalink jdk.internal.ed jdk.editpad jdk.hotspot.agent jdk.httpserver jdk.internal.le jdk.internal.vm.ci jdk.internal.vm.compiler jdk.internal.vm.compiler.management jdk.jartool jdk.javadoc jdk.jcmd jdk.management jdk.management.agent jdk.jconsole jdk.jdeps jdk.jdwp.agent jdk.jdi jdk.jfr jdk.jshell jdk.jsobject jdk.jstatd jdk.localedata jdk.management.jfr jdk.naming.dns jdk.naming.rmi jdk.net jdk.nio.mapmode jdk.random jdk.sctp jdk.security.auth jdk.security.jgss jdk.unsupported jdk.unsupported.desktop jdk.xml.dom" 

Environment Variables:
PATH=C:\Program Files\Common Files\Oracle\Java\javapath;C:\Windows\system32;C:\Windows;C:\Windows\System32\Wbem;C:\Windows\System32\WindowsPowerShell\v1.0\;C:\Windows\System32\OpenSSH\;C:\Program Files\Intel\WiFi\bin\;C:\Program Files\Common Files\Intel\WirelessCommon\;C:\Program Files\MongoDB\Server\6.0\bin;C:\mongosh;C:\Program Files\nodejs\;C:\Program Files\Git\cmd;C:\Program Files\MySQL\MySQL Shell 8.0\bin\;C:\Users\siddu\AppData\Local\Microsoft\WindowsApps;C:\mongosh\;C:\Users\siddu\AppData\Roaming\npm;C:\Users\siddu\AppData\Local\Programs\Microsoft VS Code\bin;C:\Users\siddu\AppData\Local\Programs\Antigravity\bin;C:\Users\siddu\AppData\Local\Programs\cursor\resources\app\bin;C:\Users\siddu\AppData\Local\PowerToys\DSCModules\
USERNAME=siddu
OS=Windows_NT
PROCESSOR_IDENTIFIER=Intel64 Family 6 Model 142 Stepping 10, GenuineIntel
TMP=C:\Users\siddu\AppData\Local\Temp
TEMP=C:\Users\siddu\AppData\Local\Temp




Periodic native trim disabled

---------------  S Y S T E M  ---------------

OS:
 Windows 11 , 64 bit Build 26100 (10.0.26100.8328)
OS uptime: 2 days 3:05 hours
Hyper-V role detected

CPU: total 8 (initial active 8) (4 cores per cpu, 2 threads per core) family 6 model 142 stepping 10 microcode 0xe0, cx8, cmov, fxsr, ht, mmx, 3dnowpref, sse, sse2, sse3, ssse3, sse4.1, sse4.2, popcnt, lzcnt, tsc, tscinvbit, avx, avx2, aes, erms, clmul, bmi1, bmi2, rtm, adx, fma, vzeroupper, clflush, clflushopt, hv, rdtscp, f16c
Processor Information for the first 8 processors :
  Max Mhz: 1896, Current Mhz: 1696, Mhz Limit: 1687

Memory: 4k page, system-wide physical 8071M (1050M free)
TotalPageFile size 11377M (AvailPageFile size 5M)
current process WorkingSet (physical memory assigned to process): 237M, peak: 238M
current process commit charge ("private bytes"): 346M, peak: 347M

vm_info: OpenJDK 64-Bit Server VM (21.0.10+7-LTS) for windows-amd64 JRE (21.0.10+7-LTS), built on 2026-01-20T00:00:00Z by "admin" with MS VC++ 17.12 (VS2022)

END.
